Archive member included to satisfy reference by file (symbol)

obj_cooja/mtype7.a(collect-view.o)
                              udp-sender.co (collect_view_construct_message)
obj_cooja/mtype7.a(collect-view-te)
                              obj_cooja/mtype7.a(collect-view.o) (collect_view_arch_read_sensors)
obj_cooja/mtype7.a(simEnvChange.o)
                              obj_cooja/mtype7.o (simDontFallAsleep)
obj_cooja/mtype7.a(cooja_mt.o)
                              obj_cooja/mtype7.o (cooja_mt_start)
obj_cooja/mtype7.a(cooja_mtarch.o)
                              obj_cooja/mtype7.a(cooja_mt.o) (cooja_mtarch_init)
obj_cooja/mtype7.a(rtimer-arch.o)
                              obj_cooja/mtype7.o (rtimer_arch_check)
obj_cooja/mtype7.a(beep.o)    obj_cooja/mtype7.o (beep_interface)
obj_cooja/mtype7.a(button-sensor.o)
                              obj_cooja/mtype7.o (button_interface)
obj_cooja/mtype7.a(leds-arch.o)
                              obj_cooja/mtype7.o (leds_interface)
obj_cooja/mtype7.a(moteid.o)  obj_cooja/mtype7.o (moteid_interface)
obj_cooja/mtype7.a(pir-sensor.o)
                              obj_cooja/mtype7.o (pir_interface)
obj_cooja/mtype7.a(rs232.o)   obj_cooja/mtype7.o (rs232_interface)
obj_cooja/mtype7.a(vib-sensor.o)
                              obj_cooja/mtype7.o (vib_interface)
obj_cooja/mtype7.a(clock.o)   obj_cooja/mtype7.o (clock_interface)
obj_cooja/mtype7.a(log.o)     obj_cooja/mtype7.o (simlog_interface)
obj_cooja/mtype7.a(cfs-cooja.o)
                              obj_cooja/mtype7.o (cfs_interface)
obj_cooja/mtype7.a(cooja-radio.o)
                              obj_cooja/mtype7.o (radio_interface)
obj_cooja/mtype7.a(eeprom.o)  obj_cooja/mtype7.o (eeprom_interface)
obj_cooja/mtype7.a(random.o)  obj_cooja/mtype7.a(moteid.o) (random_init)
obj_cooja/mtype7.a(sensors.o)
                              obj_cooja/mtype7.o (sensors_process)
obj_cooja/mtype7.a(leds.o)    obj_cooja/collect-common.o (leds_blink)
obj_cooja/mtype7.a(autostart.o)
                              obj_cooja/mtype7.o (autostart_start)
obj_cooja/mtype7.a(ctimer.o)  obj_cooja/mtype7.o (ctimer_init)
obj_cooja/mtype7.a(energest.o)
                              obj_cooja/mtype7.a(collect-view.o) (energest_type_time)
obj_cooja/mtype7.a(etimer.o)  obj_cooja/mtype7.o (etimer_process)
obj_cooja/mtype7.a(process.o)
                              udp-sender.co (process_current)
obj_cooja/mtype7.a(rtimer.o)  obj_cooja/mtype7.a(rtimer-arch.o) (rtimer_run_next)
obj_cooja/mtype7.a(timer.o)   obj_cooja/mtype7.a(button-sensor.o) (timer_set)
obj_cooja/mtype7.a(serial-line.o)
                              obj_cooja/collect-common.o (serial_line_event_message)
obj_cooja/mtype7.a(list.o)    obj_cooja/mtype7.a(ctimer.o) (list_init)
obj_cooja/mtype7.a(ringbuf.o)
                              obj_cooja/mtype7.a(serial-line.o) (ringbuf_init)
obj_cooja/mtype7.a(sicslowpan.o)
                              obj_cooja/mtype7.o (sicslowpan_driver)
obj_cooja/mtype7.a(uip-ds6-nbr.o)
                              udp-sender.co (uip_ds6_nbr_get_ll)
obj_cooja/mtype7.a(uip-ds6-route.o)
                              udp-sender.co (uip_ds6_route_head)
obj_cooja/mtype7.a(uip-ds6.o)
                              udp-sender.co (uip_ds6_if)
obj_cooja/mtype7.a(uip6.o)    udp-sender.co (uip_lladdr)
obj_cooja/mtype7.a(tcpip.o)   udp-sender.co (tcpip_event)
obj_cooja/mtype7.a(uip-debug.o)
                              udp-sender.co (uip_debug_ipaddr_print)
obj_cooja/mtype7.a(uip-packetqueue)
                              obj_cooja/mtype7.a(uip-ds6-nbr.o) (uip_packetqueue_new)
obj_cooja/mtype7.a(uip-udp-packet.)
                              udp-sender.co (uip_udp_packet_sendto)
obj_cooja/mtype7.a(rpl-dag.o)
                              udp-sender.co (rpl_get_parent_ipaddr)
obj_cooja/mtype7.a(rpl-ext-header.)
                              obj_cooja/mtype7.a(uip6.o) (rpl_verify_hbh_header)
obj_cooja/mtype7.a(rpl-icmp6.o)
                              obj_cooja/mtype7.a(rpl-dag.o) (rpl_icmp6_update_nbr_table)
obj_cooja/mtype7.a(rpl-mrhof.o)
                              obj_cooja/mtype7.a(rpl-dag.o) (rpl_mrhof)
obj_cooja/mtype7.a(rpl-timers.o)
                              obj_cooja/mtype7.a(rpl-dag.o) (rpl_reset_dio_timer)
obj_cooja/mtype7.a(rpl.o)     obj_cooja/mtype7.a(rpl-icmp6.o) (rpl_get_mode)
obj_cooja/mtype7.a(link-stats.o)
                              obj_cooja/mtype7.a(rpl-dag.o) (link_stats_from_lladdr)
obj_cooja/mtype7.a(linkaddr.o)
                              obj_cooja/mtype7.o (linkaddr_node_addr)
obj_cooja/mtype7.a(nbr-table.o)
                              obj_cooja/mtype7.a(uip-ds6-nbr.o) (nbr_table_register)
obj_cooja/mtype7.a(net-debug.o)
                              obj_cooja/mtype7.a(rpl-icmp6.o) (net_debug_lladdr_print)
obj_cooja/mtype7.a(netstack.o)
                              obj_cooja/mtype7.o (netstack_init)
obj_cooja/mtype7.a(packetbuf.o)
                              obj_cooja/mtype7.a(cooja-radio.o) (packetbuf_attrs)
[...]
Memory Configuration

Name             Origin             Length             Attributes
*default*        0x0000000000000000 0xffffffffffffffff

Linker script and memory map

LOAD /usr/lib/gcc/x86_64-linux-gnu/4.8/../../../x86_64-linux-gnu/crti.o
LOAD /usr/lib/gcc/x86_64-linux-gnu/4.8/crtbeginS.o
LOAD udp-sender.co
LOAD obj_cooja/mtype7.o
LOAD obj_cooja/collect-common.o
LOAD obj_cooja/mtype7.a
LOAD /usr/lib/gcc/x86_64-linux-gnu/4.8/libgcc.a
LOAD /usr/lib/gcc/x86_64-linux-gnu/4.8/libgcc_s.so
LOAD /usr/lib/gcc/x86_64-linux-gnu/4.8/../../../x86_64-linux-gnu/libc.so
START GROUP
LOAD /lib/x86_64-linux-gnu/libc.so.6
LOAD /usr/lib/x86_64-linux-gnu/libc_nonshared.a
LOAD /lib/x86_64-linux-gnu/ld-linux-x86-64.so.2
END GROUP
LOAD /usr/lib/gcc/x86_64-linux-gnu/4.8/libgcc.a
LOAD /usr/lib/gcc/x86_64-linux-gnu/4.8/libgcc_s.so
LOAD /usr/lib/gcc/x86_64-linux-gnu/4.8/crtendS.o
LOAD /usr/lib/gcc/x86_64-linux-gnu/4.8/../../../x86_64-linux-gnu/crtn.o
                0x00000000000001c8                . = (0x0 + SIZEOF_HEADERS)

.note.gnu.build-id
                0x00000000000001c8       0x24
 *(.note.gnu.build-id)
 .note.gnu.build-id
                0x00000000000001c8       0x24 /usr/lib/gcc/x86_64-linux-gnu/4.8/../../../x86_64-linux-gnu/crti.o

.hash
 *(.hash)

.gnu.hash       0x00000000000001f0     0x1284
 *(.gnu.hash)
 .gnu.hash      0x00000000000001f0     0x1284 /usr/lib/gcc/x86_64-linux-gnu/4.8/../../../x86_64-linux-gnu/crti.o

.dynsym         0x0000000000001478     0x33a8
 *(.dynsym)
 .dynsym        0x0000000000001478     0x33a8 /usr/lib/gcc/x86_64-linux-gnu/4.8/../../../x86_64-linux-gnu/crti.o

.dynstr         0x0000000000004820     0x2437
 *(.dynstr)
 .dynstr        0x0000000000004820     0x2437 /usr/lib/gcc/x86_64-linux-gnu/4.8/../../../x86_64-linux-gnu/crti.o

.gnu.version    0x0000000000006c58      0x44e
 *(.gnu.version)
 .gnu.version   0x0000000000006c58      0x44e /usr/lib/gcc/x86_64-linux-gnu/4.8/../../../x86_64-linux-gnu/crti.o

.gnu.version_d  0x00000000000070a8        0x0
 *(.gnu.version_d)
 .gnu.version_d
                0x0000000000000000        0x0 /usr/lib/gcc/x86_64-linux-gnu/4.8/../../../x86_64-linux-gnu/crti.o

.gnu.version_r  0x00000000000070a8       0x50
 *(.gnu.version_r)
 .gnu.version_r
                0x00000000000070a8       0x50 /usr/lib/gcc/x86_64-linux-gnu/4.8/../../../x86_64-linux-gnu/crti.o

.rela.dyn       0x00000000000070f8     0x1a40
 *(.rela.init)
 *(.rela.text .rela.text.* .rela.gnu.linkonce.t.*)
 .rela.text     0x0000000000000000        0x0 /usr/lib/gcc/x86_64-linux-gnu/4.8/../../../x86_64-linux-gnu/crti.o
 *(.rela.fini)
 *(.rela.rodata .rela.rodata.* .rela.gnu.linkonce.r.*)
 *(.rela.data .rela.data.* .rela.gnu.linkonce.d.*)
 .rela.data.rel
                0x00000000000070f8      0x180 /usr/lib/gcc/x86_64-linux-gnu/4.8/../../../x86_64-linux-gnu/crti.o
 .rela.data.rel.local
                0x0000000000007278      0x660 /usr/lib/gcc/x86_64-linux-gnu/4.8/../../../x86_64-linux-gnu/crti.o
 .rela.data.rel.ro
                0x00000000000078d8       0x90 /usr/lib/gcc/x86_64-linux-gnu/4.8/../../../x86_64-linux-gnu/crti.o
 .rela.data.rel.ro.local
                0x0000000000007968      0x6c0 /usr/lib/gcc/x86_64-linux-gnu/4.8/../../../x86_64-linux-gnu/crti.o
 *(.rela.tdata .rela.tdata.* .rela.gnu.linkonce.td.*)
 *(.rela.tbss .rela.tbss.* .rela.gnu.linkonce.tb.*)
 *(.rela.ctors)
 *(.rela.dtors)
 *(.rela.got)
 .rela.got      0x0000000000008028      0xae0 /usr/lib/gcc/x86_64-linux-gnu/4.8/../../../x86_64-linux-gnu/crti.o
 *(.rela.bss .rela.bss.* .rela.gnu.linkonce.b.*)
 *(.rela.ldata .rela.ldata.* .rela.gnu.linkonce.l.*)
 *(.rela.lbss .rela.lbss.* .rela.gnu.linkonce.lb.*)
 *(.rela.lrodata .rela.lrodata.* .rela.gnu.linkonce.lr.*)
 *(.rela.ifunc)
 .rela.ifunc    0x0000000000000000        0x0 /usr/lib/gcc/x86_64-linux-gnu/4.8/../../../x86_64-linux-gnu/crti.o
 .rela.fini_array
                0x0000000000008b08       0x18 /usr/lib/gcc/x86_64-linux-gnu/4.8/../../../x86_64-linux-gnu/crti.o
 .rela.init_array
                0x0000000000008b20       0x18 /usr/lib/gcc/x86_64-linux-gnu/4.8/../../../x86_64-linux-gnu/crti.o

.rela.plt       0x0000000000008b38     0x1b48
 *(.rela.plt)
 .rela.plt      0x0000000000008b38     0x1b48 /usr/lib/gcc/x86_64-linux-gnu/4.8/../../../x86_64-linux-gnu/crti.o
 *(.rela.iplt)

.init           0x000000000000a680       0x1a
 *(SORT(.init))
 .init          0x000000000000a680       0x15 /usr/lib/gcc/x86_64-linux-gnu/4.8/../../../x86_64-linux-gnu/crti.o
                0x000000000000a680                _init
 .init          0x000000000000a695        0x5 /usr/lib/gcc/x86_64-linux-gnu/4.8/../../../x86_64-linux-gnu/crtn.o

.plt            0x000000000000a6a0     0x1240
 *(.plt)
 .plt           0x000000000000a6a0     0x1240 /usr/lib/gcc/x86_64-linux-gnu/4.8/../../../x86_64-linux-gnu/crti.o
 *(.iplt)

.text           0x000000000000b8e0    0x16e5d
 *(.text.unlikely .text.*_unlikely .text.unlikely.*)
 *(.text.exit .text.exit.*)
 *(.text.startup .text.startup.*)
 *(.text.hot .text.hot.*)
 *(.text .stub .text.* .gnu.linkonce.t.*)
 .text          0x000000000000b8e0        0x0 /usr/lib/gcc/x86_64-linux-gnu/4.8/../../../x86_64-linux-gnu/crti.o
 .text          0x000000000000b8e0       0xe5 /usr/lib/gcc/x86_64-linux-gnu/4.8/crtbeginS.o
 .text          0x000000000000b9c5      0x5ed udp-sender.co
                0x000000000000b9c5                collect_common_set_sink
                0x000000000000b9cb                collect_common_net_print
                0x000000000000ba6e                collect_common_send
                0x000000000000bc3d                collect_common_net_init
 .text          0x000000000000bfb2      0x79e obj_cooja/mtype7.o
                0x000000000000c11e                contiki_init
                0x000000000000c57e                Java_org_contikios_cooja_corecomm_Lib2_init
                0x000000000000c5c0                Java_org_contikios_cooja_corecomm_Lib2_getMemory
                0x000000000000c617                Java_org_contikios_cooja_corecomm_Lib2_setMemory
                0x000000000000c6a0                Java_org_contikios_cooja_corecomm_Lib2_tick
                0x000000000000c723                Java_org_contikios_cooja_corecomm_Lib2_setReferenceAddress
 .text          0x000000000000c750      0x495 obj_cooja/collect-common.o
                0x000000000000c7f6                collect_common_set_send_active
                0x000000000000c808                collect_common_recv
 .text          0x000000000000cbe5      0x1f9 obj_cooja/mtype7.a(collect-view.o)
                0x000000000000cbe5                collect_view_construct_message
 .text          0x000000000000cdde       0x1e obj_cooja/mtype7.a(collect-view-te)
                0x000000000000cdde                collect_view_arch_read_sensors
 .text          0x000000000000cdfc       0x87 obj_cooja/mtype7.a(simEnvChange.o)
                0x000000000000cdfc                doActionsBeforeTick
                0x000000000000ce3f                doActionsAfterTick
 .text          0x000000000000ce83       0xd5 obj_cooja/mtype7.a(cooja_mt.o)
                0x000000000000ce83                cooja_mt_init
                0x000000000000ce8e                cooja_mt_remove
                0x000000000000ce99                cooja_mt_start
                0x000000000000ced4                cooja_mt_exec
                0x000000000000cf12                cooja_mt_exit
                0x000000000000cf35                cooja_mt_yield
 .text          0x000000000000cf58      0x15e obj_cooja/mtype7.a(cooja_mtarch.o)
                0x000000000000cf58                cooja_mtarch_init
                0x000000000000cf5e                cooja_mtarch_start
                0x000000000000cffc                cooja_sw
                0x000000000000d024                cooja_mtarch_exec
                0x000000000000d04d                cooja_mtarch_remove
                0x000000000000d053                cooja_mtarch_yield
                0x000000000000d05e                cooja_mtarch_pstop
                0x000000000000d064                cooja_mtarch_pstart
                0x000000000000d06a                cooja_mtarch_stack_usage
 .text          0x000000000000d0b6       0xb2 obj_cooja/mtype7.a(rtimer-arch.o)
                0x000000000000d0b6                rtimer_arch_init
                0x000000000000d0d7                rtimer_arch_schedule
                0x000000000000d0fc                rtimer_arch_next
                0x000000000000d10c                rtimer_arch_pending
                0x000000000000d11b                rtimer_arch_check
                0x000000000000d158                rtimer_arch_now
 .text          0x000000000000d168       0xaf obj_cooja/mtype7.a(beep.o)
                0x000000000000d168                beep_alarm
                0x000000000000d17e                beep_beep
                0x000000000000d191                beep
                0x000000000000d1a1                beep_down
                0x000000000000d1b4                beep_on
                0x000000000000d1c4                beep_off
                0x000000000000d1d4                beep_spinup
                0x000000000000d1e4                beep_quick
                0x000000000000d1f7                beep_long
 .text          0x000000000000d217      0x12b obj_cooja/mtype7.a(button-sensor.o)
 .text          0x000000000000d342       0x53 obj_cooja/mtype7.a(leds-arch.o)
                0x000000000000d342                leds_arch_init
                0x000000000000d352                leds_arch_get
                0x000000000000d362                leds_arch_set
 .text          0x000000000000d395       0x37 obj_cooja/mtype7.a(moteid.o)
 .text          0x000000000000d3cc       0xe1 obj_cooja/mtype7.a(pir-sensor.o)
 .text          0x000000000000d4ad      0x16c obj_cooja/mtype7.a(rs232.o)
                0x000000000000d4ad                rs232_init
                0x000000000000d4b3                rs232_set_speed
                0x000000000000d4be                rs232_set_input
                0x000000000000d4d3                rs232_send
                0x000000000000d4f9                rs232_print
                0x000000000000d51f                slip_arch_writeb
 .text          0x000000000000d619       0xe1 obj_cooja/mtype7.a(vib-sensor.o)
 .text          0x000000000000d6fa       0x53 obj_cooja/mtype7.a(clock.o)
                0x000000000000d6fa                clock_init
                0x000000000000d700                clock_time
                0x000000000000d710                clock_seconds
                0x000000000000d738                clock_delay
 .text          0x000000000000d74d      0x2dc obj_cooja/mtype7.a(log.o)
                0x000000000000d74d                simlog_char
                0x000000000000d7a5                simlog
                0x000000000000d840                log_message
                0x000000000000d876                log_set_putchar_with_slip
                0x000000000000d888                log_putchar
                0x000000000000d908                log_puts
                0x000000000000d931                log_printf
 .text          0x000000000000da29      0x371 obj_cooja/mtype7.a(cfs-cooja.o)
                0x000000000000da29                cfs_open
                0x000000000000daa2                cfs_close
                0x000000000000dab2                cfs_read
                0x000000000000db77                cfs_write
                0x000000000000dc87                cfs_seek
                0x000000000000dd32                cfs_remove
                0x000000000000dd5e                cfs_opendir
                0x000000000000dd71                cfs_readdir
                0x000000000000dd84                cfs_closedir
 .text          0x000000000000dd9a      0x747 obj_cooja/mtype7.a(cooja-radio.o)
                0x000000000000de11                radio_set_channel
                0x000000000000de26                radio_set_txpower
                0x000000000000de3e                radio_signal_strength_last
                0x000000000000de4d                radio_signal_strength_current
                0x000000000000de5c                radio_LQI
 .text          0x000000000000e4e1      0x122 obj_cooja/mtype7.a(eeprom.o)
                0x000000000000e4e1                eeprom_init
                0x000000000000e4e7                eeprom_read
                0x000000000000e56f                eeprom_write
 .text          0x000000000000e603       0x26 obj_cooja/mtype7.a(random.o)
                0x000000000000e603                random_init
                0x000000000000e61e                random_rand
 .text          0x000000000000e629      0x33d obj_cooja/mtype7.a(sensors.o)
                0x000000000000e66e                sensors_first
                0x000000000000e67e                sensors_next
                0x000000000000e6a9                sensors_changed
                0x000000000000e6f1                sensors_find
 .text          0x000000000000e966      0x12f obj_cooja/mtype7.a(leds.o)
                0x000000000000e9b8                leds_init
                0x000000000000e9ca                leds_blink
                0x000000000000ea00                leds_get
                0x000000000000ea0b                leds_set
                0x000000000000ea25                leds_on
                0x000000000000ea48                leds_off
                0x000000000000ea72                leds_toggle
 .text          0x000000000000ea95       0xb1 obj_cooja/mtype7.a(autostart.o)
                0x000000000000ea95                autostart_start
                0x000000000000eaf0                autostart_exit
 .text          0x000000000000eb46      0x417 obj_cooja/mtype7.a(ctimer.o)
                0x000000000000eca0                ctimer_init
                0x000000000000ecd0                ctimer_set
                0x000000000000ed0f                ctimer_set_with_process
                0x000000000000edc4                ctimer_reset
                0x000000000000ee30                ctimer_restart
                0x000000000000ee9c                ctimer_stop
                0x000000000000eef5                ctimer_expired
 .text          0x000000000000ef5d       0x27 obj_cooja/mtype7.a(energest.o)
                0x000000000000ef5d                energest_type_set
                0x000000000000ef6a                energest_init
                0x000000000000ef70                energest_type_time
                0x000000000000ef7e                energest_flush
 .text          0x000000000000ef84      0x528 obj_cooja/mtype7.a(etimer.o)
                0x000000000000f213                etimer_request_poll
                0x000000000000f2bc                etimer_set
                0x000000000000f2ed                etimer_reset_with_new_interval
                0x000000000000f323                etimer_reset
                0x000000000000f349                etimer_restart
                0x000000000000f36f                etimer_adjust
                0x000000000000f39b                etimer_expired
                0x000000000000f3b6                etimer_expiration_time
                0x000000000000f3d2                etimer_start_time
                0x000000000000f3e3                etimer_pending
                0x000000000000f3f9                etimer_next_expiration_time
                0x000000000000f416                etimer_stop
 .text          0x000000000000f4ac      0x627 obj_cooja/mtype7.a(process.o)
                0x000000000000f4ac                process_alloc_event
                0x000000000000f4c2                process_start
                0x000000000000f723                process_exit
                0x000000000000f74a                process_init
                0x000000000000f92f                process_run
                0x000000000000f960                process_nevents
                0x000000000000f97c                process_post
                0x000000000000fa38                process_post_synch
                0x000000000000fa81                process_poll
                0x000000000000fab9                process_is_running
 .text          0x000000000000fad3       0xf1 obj_cooja/mtype7.a(rtimer.o)
                0x000000000000fad3                rtimer_init
                0x000000000000fade                rtimer_set
                0x000000000000fb5b                rtimer_run_next
 .text          0x000000000000fbc4       0xd0 obj_cooja/mtype7.a(timer.o)
                0x000000000000fbc4                timer_set
                0x000000000000fbee                timer_reset
                0x000000000000fc11                timer_restart
                0x000000000000fc2b                timer_expired
                0x000000000000fc62                timer_remaining
 .text          0x000000000000fc94      0x216 obj_cooja/mtype7.a(serial-line.o)
                0x000000000000fc94                serial_line_input_byte
                0x000000000000fe78                serial_line_init
 .text          0x000000000000feaa      0x30b obj_cooja/mtype7.a(list.o)
                0x000000000000feaa                list_init
                0x000000000000febf                list_head
                0x000000000000fed0                list_copy
                0x000000000000feec                list_tail
                0x000000000000ff31                list_add
                0x000000000000ff90                list_push
                0x000000000000ffce                list_chop
                0x0000000000010057                list_pop
                0x000000000001008d                list_remove
                0x0000000000010114                list_length
                0x000000000001014b                list_insert
                0x0000000000010196                list_item_next
 .text          0x00000000000101b5      0x188 obj_cooja/mtype7.a(ringbuf.o)
                0x00000000000101b5                ringbuf_init
                0x00000000000101f1                ringbuf_put
                0x000000000001027c                ringbuf_get
                0x00000000000102f6                ringbuf_size
                0x000000000001030e                ringbuf_elements
 .text          0x000000000001033d     0x1f85 obj_cooja/mtype7.a(sicslowpan.o)
                0x00000000000103ee                rime_sniffer_add
                0x0000000000010403                rime_sniffer_remove
                0x0000000000012253                sicslowpan_init
                0x00000000000122b6                sicslowpan_get_last_rssi
 .text          0x00000000000122c2      0x330 obj_cooja/mtype7.a(uip-ds6-nbr.o)
                0x00000000000122e8                uip_ds6_neighbors_init
                0x000000000001230f                uip_ds6_nbr_add
                0x00000000000123a1                uip_ds6_nbr_rm
                0x00000000000123f2                uip_ds6_nbr_get_ipaddr
                0x000000000001240e                uip_ds6_nbr_get_ll
                0x0000000000012435                uip_ds6_nbr_num
                0x0000000000012489                uip_ds6_nbr_lookup
                0x0000000000012501                uip_ds6_nbr_ll_lookup
                0x0000000000012528                uip_ds6_nbr_ipaddr_from_lladdr
                0x0000000000012558                uip_ds6_nbr_lladdr_from_ipaddr
                0x0000000000012590                uip_ds6_link_neighbor_callback
 .text          0x00000000000125f2      0xae1 obj_cooja/mtype7.a(uip-ds6-route.o)
                0x0000000000012674                uip_ds6_notification_add
                0x00000000000126b6                uip_ds6_notification_rm
                0x00000000000126da                uip_ds6_route_init
                0x0000000000012777                uip_ds6_route_nexthop
                0x00000000000127a7                uip_ds6_route_head
                0x00000000000127bc                uip_ds6_route_next
                0x00000000000127ec                uip_ds6_route_is_nexthop
                0x000000000001283a                uip_ds6_route_num_routes
                0x0000000000012846                uip_ds6_route_lookup
                0x000000000001291f                uip_ds6_route_add
                0x0000000000012bc9                uip_ds6_route_rm
                0x0000000000012dd3                uip_ds6_route_rm_by_nexthop
                0x0000000000012e1a                uip_ds6_defrt_head
                0x0000000000012e2f                uip_ds6_defrt_add
                0x0000000000012eec                uip_ds6_defrt_rm
                0x0000000000012f78                uip_ds6_defrt_lookup
                0x0000000000012fdd                uip_ds6_defrt_choose
                0x000000000001305c                uip_ds6_defrt_periodic
 .text          0x00000000000130d3      0xd17 obj_cooja/mtype7.a(uip-ds6.o)
                0x00000000000130d3                uip_ds6_init
                0x00000000000132ab                uip_ds6_periodic
                0x0000000000013349                uip_ds6_list_loop
                0x000000000001340c                uip_ds6_prefix_add
                0x00000000000134d8                uip_ds6_prefix_rm
                0x00000000000134f1                uip_ds6_prefix_lookup
                0x0000000000013544                uip_ds6_is_addr_onlink
                0x00000000000135d4                uip_ds6_addr_add
                0x0000000000013715                uip_ds6_addr_rm
                0x00000000000137c8                uip_ds6_addr_lookup
                0x0000000000013816                uip_ds6_get_link_local
                0x00000000000138b7                uip_ds6_get_global
                0x0000000000013958                uip_ds6_maddr_add
                0x00000000000139cd                uip_ds6_maddr_rm
                0x00000000000139e6                uip_ds6_maddr_lookup
                0x0000000000013a37                uip_ds6_aaddr_add
                0x0000000000013aac                uip_ds6_aaddr_rm
                0x0000000000013ac5                uip_ds6_aaddr_lookup
                0x0000000000013b16                uip_ds6_select_src
                0x0000000000013c9b                uip_ds6_set_addr_iid
                0x0000000000013cdd                get_match_length
                0x0000000000013d88                uip_ds6_compute_reachable_time
 .text          0x0000000000013dea     0x16f8 obj_cooja/mtype7.a(uip6.o)
                0x0000000000013ea8                uip_chksum
                0x0000000000013f9e                uip_icmp6chksum
                0x0000000000013fae                uip_udpchksum
                0x0000000000013fbe                uip_init
                0x000000000001401a                remove_ext_hdr
                0x0000000000014123                uip_udp_new
                0x0000000000014503                uip_process
                0x000000000001539a                uip_htons
                0x00000000000153b9                uip_htonl
                0x00000000000153fd                uip_send
 .text          0x00000000000154e2      0x787 obj_cooja/mtype7.a(tcpip.o)
                0x00000000000154e2                tcpip_output
                0x000000000001551c                tcpip_set_outputfunc
                0x000000000001556f                udp_attach
                0x00000000000155a6                udp_new
                0x000000000001560f                udp_broadcast_new
                0x00000000000157b0                tcpip_input
                0x00000000000157e5                tcpip_ipv6_output
                0x0000000000015b34                tcpip_poll_udp
                0x0000000000015b5d                tcpip_uipcall
 .text          0x0000000000015c69      0x17d obj_cooja/mtype7.a(uip-debug.o)
                0x0000000000015c69                uip_debug_ipaddr_print
 .text          0x0000000000015de6      0x190 obj_cooja/mtype7.a(uip-packetqueue)
                0x0000000000015e1d                uip_packetqueue_new
                0x0000000000015e32                uip_packetqueue_alloc
                0x0000000000015ea5                uip_packetqueue_free
                0x0000000000015ef5                uip_packetqueue_buf
                0x0000000000015f1d                uip_packetqueue_buflen
                0x0000000000015f48                uip_packetqueue_set_buflen
 .text          0x0000000000015f76      0x13a obj_cooja/mtype7.a(uip-udp-packet.)
                0x0000000000015f76                uip_udp_packet_send
                0x0000000000015ff0                uip_udp_packet_sendto
 .text          0x00000000000160b0     0x2e1d obj_cooja/mtype7.a(rpl-dag.o)
                0x00000000000160b0                rpl_print_neighbor_list
                0x00000000000162f6                rpl_get_nbr
                0x0000000000016355                rpl_dag_init
                0x0000000000016374                rpl_get_parent
                0x00000000000163a3                rpl_get_parent_rank
                0x00000000000163e4                rpl_get_parent_link_metric
                0x0000000000016455                rpl_rank_via_parent
                0x00000000000164c6                rpl_get_parent_lladdr
                0x00000000000164ed                rpl_get_parent_ipaddr
                0x0000000000016517                rpl_get_parent_link_stats
                0x0000000000016541                rpl_parent_is_fresh
                0x000000000001656b                rpl_parent_is_reachable
                0x000000000001694e                rpl_set_root
                0x0000000000016bf7                rpl_repair_root
                0x0000000000016e5d                rpl_set_prefix
                0x0000000000016f6a                rpl_set_default_route
                0x0000000000016fed                rpl_alloc_instance
                0x000000000001708d                rpl_alloc_dag
                0x0000000000017156                rpl_set_default_instance
                0x000000000001716e                rpl_get_default_instance
                0x000000000001717e                rpl_free_instance
                0x0000000000017251                rpl_free_dag
                0x00000000000172df                rpl_add_parent
                0x00000000000173b6                rpl_find_parent
                0x000000000001742e                rpl_find_parent_any_dag
                0x000000000001747f                rpl_select_dag
                0x0000000000017924                rpl_select_parent
                0x0000000000017a11                rpl_remove_parent
                0x0000000000017a44                rpl_nullify_parent
                0x0000000000017b24                rpl_move_parent
                0x0000000000017c05                rpl_has_downward_route
                0x0000000000017c72                rpl_get_dag
                0x0000000000017ddb                rpl_get_any_dag
                0x0000000000017e61                rpl_get_instance
                0x0000000000017ee4                rpl_find_of
                0x0000000000017f22                rpl_join_instance
                0x000000000001823b                rpl_add_dag
                0x0000000000018679                rpl_local_repair
                0x000000000001879c                rpl_recalculate_ranks
                0x000000000001883e                rpl_process_parent_event
                0x0000000000018991                rpl_process_dio
 .text          0x0000000000018ecd      0xc75 obj_cooja/mtype7.a(rpl-ext-header.)
                0x0000000000018ef3                rpl_verify_hbh_header
                0x0000000000019868                rpl_remove_header
                0x0000000000019a34                rpl_update_header
 .text          0x0000000000019b42     0x2746 obj_cooja/mtype7.a(rpl-icmp6.o)
                0x0000000000019e79                rpl_icmp6_update_nbr_table
                0x000000000001a0a4                dis_output
                0x000000000001aa5c                dio_output
                0x000000000001bcc9                dao_output
                0x000000000001bda9                dao_output_target
                0x000000000001c23c                dao_ack_output
                0x000000000001c252                rpl_icmp6_register_handlers
 .text          0x000000000001c288      0x36c obj_cooja/mtype7.a(rpl-mrhof.o)
 .text          0x000000000001c5f4      0x9c8 obj_cooja/mtype7.a(rpl-timers.o)
                0x000000000001c8c3                rpl_reset_periodic_timer
                0x000000000001c921                rpl_reset_dio_timer
                0x000000000001cb8d                rpl_schedule_dao
                0x000000000001cbac                rpl_schedule_dao_immediately
                0x000000000001cbcb                rpl_cancel_dao
                0x000000000001cc44                rpl_schedule_unicast_dio_immediately
                0x000000000001cc75                get_probing_delay
                0x000000000001cd12                get_probing_target
                0x000000000001cf7d                rpl_schedule_probing
 .text          0x000000000001cfbc      0x6d6 obj_cooja/mtype7.a(rpl.o)
                0x000000000001cfbc                rpl_get_mode
                0x000000000001cfc8                rpl_set_mode
                0x000000000001d084                rpl_purge_routes
                0x000000000001d1d5                rpl_remove_routes
                0x000000000001d22a                rpl_remove_routes_by_nexthop
                0x000000000001d29b                rpl_add_route
                0x000000000001d34a                rpl_link_neighbor_callback
                0x000000000001d432                rpl_ipv6_neighbor_callback
                0x000000000001d4b8                rpl_purge_dags
                0x000000000001d60c                rpl_init
 .text          0x000000000001d692      0x37e obj_cooja/mtype7.a(link-stats.o)
                0x000000000001d6af                link_stats_from_lladdr
                0x000000000001d6d3                link_stats_is_fresh
                0x000000000001d718                guess_etx_from_rssi
                0x000000000001d799                link_stats_packet_sent
                0x000000000001d8ba                link_stats_input_callback
                0x000000000001d9d6                link_stats_init
 .text          0x000000000001da10       0x80 obj_cooja/mtype7.a(linkaddr.o)
                0x000000000001da10                linkaddr_copy
                0x000000000001da3a                linkaddr_cmp
                0x000000000001da6c                linkaddr_set_node_addr
 .text          0x000000000001da90      0x9b1 obj_cooja/mtype7.a(nbr-table.o)
                0x000000000001e025                nbr_table_register
                0x000000000001e08c                nbr_table_head
                0x000000000001e0f3                nbr_table_next
                0x000000000001e169                nbr_table_add_lladdr
                0x000000000001e25b                nbr_table_get_from_lladdr
                0x000000000001e2b3                nbr_table_remove
                0x000000000001e303                nbr_table_lock
                0x000000000001e331                nbr_table_unlock
                0x000000000001e35f                nbr_table_get_lladdr
                0x000000000001e39e                nbr_table_update_lladdr
 .text          0x000000000001e441       0x73 obj_cooja/mtype7.a(net-debug.o)
                0x000000000001e441                net_debug_lladdr_print
 .text          0x000000000001e4b4       0x46 obj_cooja/mtype7.a(netstack.o)
                0x000000000001e4b4                netstack_init
 .text          0x000000000001e4fa      0x42a obj_cooja/mtype7.a(packetbuf.o)
                0x000000000001e4fa                packetbuf_clear
                0x000000000001e523                packetbuf_copyfrom
                0x000000000001e579                packetbuf_compact
                0x000000000001e603                packetbuf_copyto
                0x000000000001e6a3                packetbuf_hdralloc
                0x000000000001e72d                packetbuf_hdrreduce
                0x000000000001e77b                packetbuf_set_datalen
                0x000000000001e792                packetbuf_dataptr
                0x000000000001e7b4                packetbuf_hdrptr
                0x000000000001e7c1                packetbuf_datalen
                0x000000000001e7ce                packetbuf_hdrlen
                0x000000000001e7e6                packetbuf_totlen
                0x000000000001e805                packetbuf_remaininglen
                0x000000000001e819                packetbuf_attr_clear
                0x000000000001e878                packetbuf_attr_copyto
                0x000000000001e8be                packetbuf_attr_copyfrom
                0x000000000001e904                packetbuf_holds_broadcast
 .text          0x000000000001e924      0x31f obj_cooja/mtype7.a(queuebuf.o)
                0x000000000001e935                queuebuf_init
                0x000000000001e953                queuebuf_numfree
                0x000000000001e965                queuebuf_new_from_packetbuf
                0x000000000001ea07                queuebuf_update_attr_from_packetbuf
                0x000000000001ea45                queuebuf_update_from_packetbuf
                0x000000000001ea9c                queuebuf_free
                0x000000000001eaea                queuebuf_to_packetbuf
                0x000000000001eb5b                queuebuf_dataptr
                0x000000000001eb9b                queuebuf_datalen
                0x000000000001ebc7                queuebuf_addr
                0x000000000001ec06                queuebuf_attr
                0x000000000001ec3d                queuebuf_debug_print
 .text          0x000000000001ec43      0x93b obj_cooja/mtype7.a(csma.o)
 .text          0x000000000001f57e      0x3fa obj_cooja/mtype7.a(framer-802154.o)
 .text          0x000000000001f978       0x47 obj_cooja/mtype7.a(mac.o)
                0x000000000001f978                mac_call_sent_callback
 .text          0x000000000001f9bf      0x4de obj_cooja/mtype7.a(nullrdc.o)
 .text          0x000000000001fe9d       0x81 obj_cooja/mtype7.a(nullsec.o)
 .text          0x000000000001ff1e       0x1e obj_cooja/mtype7.a(watchdog.o)
                0x000000000001ff1e                watchdog_init
                0x000000000001ff24                watchdog_start
                0x000000000001ff2a                watchdog_periodic
                0x000000000001ff30                watchdog_stop
                0x000000000001ff36                watchdog_reboot
 .text          0x000000000001ff3c        0x0 obj_cooja/mtype7.a(rimestats.o)
 .text          0x000000000001ff3c       0xf4 obj_cooja/mtype7.a(stimer.o)
                0x000000000001ff3c                stimer_set
                0x000000000001ff66                stimer_reset
                0x000000000001ff89                stimer_restart
                0x000000000001ffa3                stimer_expired
                0x000000000001ffe1                stimer_remaining
                0x0000000000020013                stimer_elapsed
 .text          0x0000000000020030      0x20d obj_cooja/mtype7.a(memb.o)
                0x0000000000020030                memb_init
                0x000000000002008e                memb_alloc
                0x0000000000020106                memb_free
                0x000000000002019e                memb_inmemb
                0x00000000000201f1                memb_numfree
 .text          0x000000000002023d      0xb57 obj_cooja/mtype7.a(uip-icmp6.o)
                0x00000000000202b6                uip_icmp6_input
                0x0000000000020310                uip_icmp6_register_input_handler
                0x000000000002058f                uip_icmp6_error_output
                0x00000000000209cd                uip_icmp6_send
                0x0000000000020d10                uip_icmp6_echo_reply_callback_add
                0x0000000000020d52                uip_icmp6_echo_reply_callback_rm
                0x0000000000020d76                uip_icmp6_init
 .text          0x0000000000020d94      0x85b obj_cooja/mtype7.a(uip-nd6.o)
                0x00000000000215dd                uip_nd6_init
 .text          0x00000000000215ef      0x399 obj_cooja/mtype7.a(rpl-nbr-policy.)
                0x00000000000217fa                find_removable_dis
                0x0000000000021826                find_removable_dio
                0x00000000000218bb                find_removable_dao
                0x000000000002191c                rpl_nbr_policy_find_removable
 .text          0x0000000000021988      0xb9a obj_cooja/mtype7.a(frame802154.o)
                0x00000000000219b6                frame802154_get_pan_id
                0x00000000000219c3                frame802154_set_pan_id
                0x00000000000219da                frame802154_has_panid
                0x0000000000021bb3                frame802154_check_dest_panid
                0x0000000000021c2b                frame802154_is_broadcast_addr
                0x0000000000021c7e                frame802154_extract_linkaddr
                0x0000000000021ef0                frame802154_hdrlen
                0x0000000000021f48                frame802154_create_fcf
                0x0000000000022015                frame802154_create
                0x000000000002218a                frame802154_parse_fcf
                0x0000000000022255                frame802154_parse
 .text          0x0000000000022522      0x21b obj_cooja/mtype7.a(mac-sequence.o)
                0x0000000000022565                mac_sequence_is_duplicate
                0x0000000000022640                mac_sequence_register_seqno
 .text          0x000000000002273d        0x0 /usr/lib/gcc/x86_64-linux-gnu/4.8/crtendS.o
 .text          0x000000000002273d        0x0 /usr/lib/gcc/x86_64-linux-gnu/4.8/../../../x86_64-linux-gnu/crtn.o
 *(.gnu.warning)

.fini           0x0000000000022740        0x9
 *(SORT(.fini))
 .fini          0x0000000000022740        0x4 /usr/lib/gcc/x86_64-linux-gnu/4.8/../../../x86_64-linux-gnu/crti.o
                0x0000000000022740                _fini
 .fini          0x0000000000022744        0x5 /usr/lib/gcc/x86_64-linux-gnu/4.8/../../../x86_64-linux-gnu/crtn.o
                0x0000000000022749                PROVIDE (__etext, .)
                0x0000000000022749                PROVIDE (_etext, .)
                0x0000000000022749                PROVIDE (etext, .)

.rodata         0x0000000000022750      0xf32
 *(.rodata .rodata.* .gnu.linkonce.r.*)
 .rodata        0x0000000000022750       0xa8 udp-sender.co
 .rodata        0x00000000000227f8      0x147 obj_cooja/mtype7.o
 *fill*         0x000000000002293f        0x1 
 .rodata        0x0000000000022940       0xd6 obj_cooja/collect-common.o
 .rodata        0x0000000000022a16        0x7 obj_cooja/mtype7.a(button-sensor.o)
 .rodata        0x0000000000022a1d        0x4 obj_cooja/mtype7.a(pir-sensor.o)
 .rodata        0x0000000000022a21        0x6 obj_cooja/mtype7.a(rs232.o)
 .rodata        0x0000000000022a27        0xa obj_cooja/mtype7.a(vib-sensor.o)
 *fill*         0x0000000000022a31        0x7 
 .rodata        0x0000000000022a38       0x27 obj_cooja/mtype7.a(cfs-cooja.o)
 .rodata        0x0000000000022a5f       0x23 obj_cooja/mtype7.a(cooja-radio.o)
 .rodata        0x0000000000022a82        0x8 obj_cooja/mtype7.a(sensors.o)
 .rodata        0x0000000000022a8a        0xf obj_cooja/mtype7.a(ctimer.o)
 .rodata        0x0000000000022a99        0xc obj_cooja/mtype7.a(etimer.o)
 .rodata        0x0000000000022aa5        0xe obj_cooja/mtype7.a(serial-line.o)
 .rodata        0x0000000000022ab3       0x1d obj_cooja/mtype7.a(sicslowpan.o)
                0x0000000000022ab3                unc_llconf
                0x0000000000022ab7                unc_ctxconf
                0x0000000000022abb                unc_mxconf
                0x0000000000022abf                llprefix
 .rodata        0x0000000000022ad0       0x57 obj_cooja/mtype7.a(uip-ds6-route.o)
 *fill*         0x0000000000022b27        0x1 
 .rodata        0x0000000000022b28       0xf4 obj_cooja/mtype7.a(uip6.o)
 .rodata        0x0000000000022c1c        0xd obj_cooja/mtype7.a(tcpip.o)
 .rodata        0x0000000000022c29       0x2a obj_cooja/mtype7.a(uip-debug.o)
 *fill*         0x0000000000022c53        0x5 
 .rodata        0x0000000000022c58       0x89 obj_cooja/mtype7.a(rpl-dag.o)
 *fill*         0x0000000000022ce1        0x7 
 .rodata        0x0000000000022ce8      0x933 obj_cooja/mtype7.a(rpl-icmp6.o)
 .rodata        0x000000000002361b       0x34 obj_cooja/mtype7.a(rpl.o)
 .rodata        0x000000000002364f        0x8 obj_cooja/mtype7.a(linkaddr.o)
                0x000000000002364f                linkaddr_null
 .rodata        0x0000000000023657       0x16 obj_cooja/mtype7.a(net-debug.o)
 .rodata        0x000000000002366d        0x5 obj_cooja/mtype7.a(csma.o)
 .rodata        0x0000000000023672        0x8 obj_cooja/mtype7.a(nullrdc.o)
 .rodata        0x000000000002367a        0x8 obj_cooja/mtype7.a(nullsec.o)

.rodata1
 *(.rodata1)

.eh_frame_hdr   0x0000000000023684     0x13a4
 *(.eh_frame_hdr)
 .eh_frame_hdr  0x0000000000023684     0x13a4 udp-sender.co

.eh_frame       0x0000000000024a28     0x4f7c
 *(.eh_frame)
 .eh_frame      0x0000000000024a28       0x40 /usr/lib/gcc/x86_64-linux-gnu/4.8/../../../x86_64-linux-gnu/crti.o
 .eh_frame      0x0000000000024a68      0x100 udp-sender.co
                                        0x118 (size before relaxing)
 .eh_frame      0x0000000000024b68      0x148 obj_cooja/mtype7.o
                                        0x158 (size before relaxing)
 .eh_frame      0x0000000000024cb0       0xa0 obj_cooja/collect-common.o
                                         0xb8 (size before relaxing)
 .eh_frame      0x0000000000024d50       0x20 obj_cooja/mtype7.a(collect-view.o)
                                         0x38 (size before relaxing)
 .eh_frame      0x0000000000024d70       0x20 obj_cooja/mtype7.a(collect-view-te)
                                         0x38 (size before relaxing)
 .eh_frame      0x0000000000024d90       0x40 obj_cooja/mtype7.a(simEnvChange.o)
                                         0x58 (size before relaxing)
 .eh_frame      0x0000000000024dd0       0xc0 obj_cooja/mtype7.a(cooja_mt.o)
                                         0xd8 (size before relaxing)
 .eh_frame      0x0000000000024e90      0x120 obj_cooja/mtype7.a(cooja_mtarch.o)
                                        0x138 (size before relaxing)
 .eh_frame      0x0000000000024fb0       0xc0 obj_cooja/mtype7.a(rtimer-arch.o)
                                         0xd8 (size before relaxing)
 .eh_frame      0x0000000000025070      0x160 obj_cooja/mtype7.a(beep.o)
                                        0x178 (size before relaxing)
 .eh_frame      0x00000000000251d0       0xa0 obj_cooja/mtype7.a(button-sensor.o)
                                         0xb8 (size before relaxing)
 .eh_frame      0x0000000000025270       0xa0 obj_cooja/mtype7.a(leds-arch.o)
                                         0xb8 (size before relaxing)
 .eh_frame      0x0000000000025310       0x40 obj_cooja/mtype7.a(moteid.o)
                                         0x58 (size before relaxing)
 .eh_frame      0x0000000000025350       0xa0 obj_cooja/mtype7.a(pir-sensor.o)
                                         0xb8 (size before relaxing)
 .eh_frame      0x00000000000253f0      0x100 obj_cooja/mtype7.a(rs232.o)
                                        0x118 (size before relaxing)
 .eh_frame      0x00000000000254f0       0xa0 obj_cooja/mtype7.a(vib-sensor.o)
                                         0xb8 (size before relaxing)
 .eh_frame      0x0000000000025590       0xc0 obj_cooja/mtype7.a(clock.o)
                                         0xd8 (size before relaxing)
 .eh_frame      0x0000000000025650      0x128 obj_cooja/mtype7.a(log.o)
                                        0x140 (size before relaxing)
 .eh_frame      0x0000000000025778      0x160 obj_cooja/mtype7.a(cfs-cooja.o)
                                        0x178 (size before relaxing)
 .eh_frame      0x00000000000258d8      0x360 obj_cooja/mtype7.a(cooja-radio.o)
                                        0x378 (size before relaxing)
 .eh_frame      0x0000000000025c38       0xa0 obj_cooja/mtype7.a(eeprom.o)
                                         0xb8 (size before relaxing)
 .eh_frame      0x0000000000025cd8       0x40 obj_cooja/mtype7.a(random.o)
                                         0x58 (size before relaxing)
 .eh_frame      0x0000000000025d18       0xc0 obj_cooja/mtype7.a(sensors.o)
                                         0xd8 (size before relaxing)
 .eh_frame      0x0000000000025dd8      0x100 obj_cooja/mtype7.a(leds.o)
                                        0x118 (size before relaxing)
 .eh_frame      0x0000000000025ed8       0x40 obj_cooja/mtype7.a(autostart.o)
                                         0x58 (size before relaxing)
 .eh_frame      0x0000000000025f18      0x100 obj_cooja/mtype7.a(ctimer.o)
                                        0x118 (size before relaxing)
 .eh_frame      0x0000000000026018       0x80 obj_cooja/mtype7.a(energest.o)
                                         0x98 (size before relaxing)
 .eh_frame      0x0000000000026098      0x1e0 obj_cooja/mtype7.a(etimer.o)
                                        0x1f8 (size before relaxing)
 .eh_frame      0x0000000000026278      0x1c8 obj_cooja/mtype7.a(process.o)
                                        0x1e0 (size before relaxing)
 .eh_frame      0x0000000000026440       0x60 obj_cooja/mtype7.a(rtimer.o)
                                         0x78 (size before relaxing)
 .eh_frame      0x00000000000264a0       0xa0 obj_cooja/mtype7.a(timer.o)
                                         0xb8 (size before relaxing)
 .eh_frame      0x0000000000026540       0x60 obj_cooja/mtype7.a(serial-line.o)
                                         0x78 (size before relaxing)
 .eh_frame      0x00000000000265a0      0x180 obj_cooja/mtype7.a(list.o)
                                        0x198 (size before relaxing)
 .eh_frame      0x0000000000026720       0xa0 obj_cooja/mtype7.a(ringbuf.o)
                                         0xb8 (size before relaxing)
 .eh_frame      0x00000000000267c0      0x288 obj_cooja/mtype7.a(sicslowpan.o)
                                        0x2a0 (size before relaxing)
 .eh_frame      0x0000000000026a48      0x180 obj_cooja/mtype7.a(uip-ds6-nbr.o)
                                        0x198 (size before relaxing)
 .eh_frame      0x0000000000026bc8      0x2c0 obj_cooja/mtype7.a(uip-ds6-route.o)
                                        0x2d8 (size before relaxing)
 .eh_frame      0x0000000000026e88      0x2c8 obj_cooja/mtype7.a(uip-ds6.o)
                                        0x2e0 (size before relaxing)
 .eh_frame      0x0000000000027150      0x1b0 obj_cooja/mtype7.a(uip6.o)
                                        0x1c0 (size before relaxing)
 .eh_frame      0x0000000000027300      0x1b0 obj_cooja/mtype7.a(tcpip.o)
                                        0x1c0 (size before relaxing)
 .eh_frame      0x00000000000274b0       0x20 obj_cooja/mtype7.a(uip-debug.o)
                                         0x38 (size before relaxing)
 .eh_frame      0x00000000000274d0       0xe0 obj_cooja/mtype7.a(uip-packetqueue)
                                         0xf8 (size before relaxing)
 .eh_frame      0x00000000000275b0       0x40 obj_cooja/mtype7.a(uip-udp-packet.)
                                         0x58 (size before relaxing)
 .eh_frame      0x00000000000275f0      0x728 obj_cooja/mtype7.a(rpl-dag.o)
                                        0x730 (size before relaxing)
 .eh_frame      0x0000000000027d18       0xc0 obj_cooja/mtype7.a(rpl-ext-header.)
                                         0xd8 (size before relaxing)
 .eh_frame      0x0000000000027dd8      0x2a8 obj_cooja/mtype7.a(rpl-icmp6.o)
                                        0x2c0 (size before relaxing)
 .eh_frame      0x0000000000028080      0x128 obj_cooja/mtype7.a(rpl-mrhof.o)
                                        0x140 (size before relaxing)
 .eh_frame      0x00000000000281a8      0x230 obj_cooja/mtype7.a(rpl-timers.o)
                                        0x240 (size before relaxing)
 .eh_frame      0x00000000000283d8      0x140 obj_cooja/mtype7.a(rpl.o)
                                        0x158 (size before relaxing)
 .eh_frame      0x0000000000028518      0x100 obj_cooja/mtype7.a(link-stats.o)
                                        0x118 (size before relaxing)
 .eh_frame      0x0000000000028618       0x60 obj_cooja/mtype7.a(linkaddr.o)
                                         0x78 (size before relaxing)
 .eh_frame      0x0000000000028678      0x2a0 obj_cooja/mtype7.a(nbr-table.o)
                                        0x2b8 (size before relaxing)
 .eh_frame      0x0000000000028918       0x20 obj_cooja/mtype7.a(net-debug.o)
                                         0x38 (size before relaxing)
 .eh_frame      0x0000000000028938       0x20 obj_cooja/mtype7.a(netstack.o)
                                         0x38 (size before relaxing)
 .eh_frame      0x0000000000028958      0x230 obj_cooja/mtype7.a(packetbuf.o)
                                        0x240 (size before relaxing)
 .eh_frame      0x0000000000028b88      0x1a0 obj_cooja/mtype7.a(queuebuf.o)
                                        0x1b8 (size before relaxing)
 .eh_frame      0x0000000000028d28      0x290 obj_cooja/mtype7.a(csma.o)
                                        0x2a0 (size before relaxing)
 .eh_frame      0x0000000000028fb8      0x108 obj_cooja/mtype7.a(framer-802154.o)
                                        0x120 (size before relaxing)
 .eh_frame      0x00000000000290c0       0x20 obj_cooja/mtype7.a(mac.o)
                                         0x38 (size before relaxing)
 .eh_frame      0x00000000000290e0      0x168 obj_cooja/mtype7.a(nullrdc.o)
                                        0x180 (size before relaxing)
 .eh_frame      0x0000000000029248       0x80 obj_cooja/mtype7.a(nullsec.o)
                                         0x98 (size before relaxing)
 .eh_frame      0x00000000000292c8       0xa0 obj_cooja/mtype7.a(watchdog.o)
                                         0xb8 (size before relaxing)
 .eh_frame      0x0000000000029368       0xc0 obj_cooja/mtype7.a(stimer.o)
                                         0xd8 (size before relaxing)
 .eh_frame      0x0000000000029428       0xa0 obj_cooja/mtype7.a(memb.o)
                                         0xb8 (size before relaxing)
 .eh_frame      0x00000000000294c8      0x158 obj_cooja/mtype7.a(uip-icmp6.o)
                                        0x168 (size before relaxing)
 .eh_frame      0x0000000000029620       0x88 obj_cooja/mtype7.a(uip-nd6.o)
                                         0xa0 (size before relaxing)
 .eh_frame      0x00000000000296a8       0xc0 obj_cooja/mtype7.a(rpl-nbr-policy.)
                                         0xd8 (size before relaxing)
 .eh_frame      0x0000000000029768      0x1a8 obj_cooja/mtype7.a(frame802154.o)
                                        0x1c0 (size before relaxing)
 .eh_frame      0x0000000000029910       0x90 obj_cooja/mtype7.a(mac-sequence.o)
                                         0xa0 (size before relaxing)
 .eh_frame      0x00000000000299a0        0x4 /usr/lib/gcc/x86_64-linux-gnu/4.8/crtendS.o

.gcc_except_table
 *(.gcc_except_table .gcc_except_table.*)

.exception_ranges
 *(.exception_ranges .exception_ranges*)
                0x00000000000299a4                . = (ALIGN (0x200000) - ((0x200000 - .) & 0x1fffff))
                0x000000000022a784                . = DATA_SEGMENT_ALIGN (0x200000, 0x1000)

.eh_frame
 *(.eh_frame)

.gcc_except_table
 *(.gcc_except_table .gcc_except_table.*)

.exception_ranges
 *(.exception_ranges .exception_ranges*)

.tdata
 *(.tdata .tdata.* .gnu.linkonce.td.*)

.tbss
 *(.tbss .tbss.* .gnu.linkonce.tb.*)
 *(.tcommon)

.preinit_array
 *(.preinit_array)

.init_array     0x000000000022a788        0x8
 *(SORT(.init_array.*) SORT(.ctors.*))
 *(.init_array EXCLUDE_FILE(*crtend?.o *crtend.o *crtbegin?.o *crtbegin.o) .ctors)
 .init_array    0x000000000022a788        0x8 /usr/lib/gcc/x86_64-linux-gnu/4.8/crtbeginS.o

.fini_array     0x000000000022a790        0x8
 *(SORT(.fini_array.*) SORT(.dtors.*))
 *(.fini_array EXCLUDE_FILE(*crtend?.o *crtend.o *crtbegin?.o *crtbegin.o) .dtors)
 .fini_array    0x000000000022a790        0x8 /usr/lib/gcc/x86_64-linux-gnu/4.8/crtbeginS.o

.ctors
 *crtbegin.o(.ctors)
 *crtbegin?.o(.ctors)
 *(EXCLUDE_FILE(*crtend?.o *crtend.o) .ctors)
 *(SORT(.ctors.*))
 *(.ctors)

.dtors
 *crtbegin.o(.dtors)
 *crtbegin?.o(.dtors)
 *(EXCLUDE_FILE(*crtend?.o *crtend.o) .dtors)
 *(SORT(.dtors.*))
 *(.dtors)

.jcr            0x000000000022a798        0x8
 *(.jcr)
 .jcr           0x000000000022a798        0x0 /usr/lib/gcc/x86_64-linux-gnu/4.8/crtbeginS.o
 .jcr           0x000000000022a798        0x8 /usr/lib/gcc/x86_64-linux-gnu/4.8/crtendS.o

.data.rel.ro    0x000000000022a7a0      0x300
 *(.data.rel.ro.local* .gnu.linkonce.d.rel.ro.local.*)
 .data.rel.ro.local
                0x000000000022a7a0       0x10 obj_cooja/mtype7.a(beep.o)
                0x000000000022a7a0                beep_interface
 *fill*         0x000000000022a7b0       0x10 
 .data.rel.ro.local
                0x000000000022a7c0       0x40 obj_cooja/mtype7.a(button-sensor.o)
                0x000000000022a7c0                button_interface
                0x000000000022a7e0                button_sensor
 .data.rel.ro.local
                0x000000000022a800       0x10 obj_cooja/mtype7.a(leds-arch.o)
                0x000000000022a800                leds_interface
 .data.rel.ro.local
                0x000000000022a810       0x10 obj_cooja/mtype7.a(moteid.o)
                0x000000000022a810                moteid_interface
 .data.rel.ro.local
                0x000000000022a820       0x40 obj_cooja/mtype7.a(pir-sensor.o)
                0x000000000022a820                pir_interface
                0x000000000022a840                pir_sensor
 .data.rel.ro.local
                0x000000000022a860       0x10 obj_cooja/mtype7.a(rs232.o)
                0x000000000022a860                rs232_interface
 *fill*         0x000000000022a870       0x10 
 .data.rel.ro.local
                0x000000000022a880       0x40 obj_cooja/mtype7.a(vib-sensor.o)
                0x000000000022a880                vib_interface
                0x000000000022a8a0                vib_sensor
 .data.rel.ro.local
                0x000000000022a8c0       0x10 obj_cooja/mtype7.a(clock.o)
                0x000000000022a8c0                clock_interface
 .data.rel.ro.local
                0x000000000022a8d0       0x10 obj_cooja/mtype7.a(log.o)
                0x000000000022a8d0                simlog_interface
 .data.rel.ro.local
                0x000000000022a8e0       0x10 obj_cooja/mtype7.a(cfs-cooja.o)
                0x000000000022a8e0                cfs_interface
 *fill*         0x000000000022a8f0       0x10 
 .data.rel.ro.local
                0x000000000022a900       0x90 obj_cooja/mtype7.a(cooja-radio.o)
                0x000000000022a900                radio_interface
                0x000000000022a920                cooja_radio_driver
 .data.rel.ro.local
                0x000000000022a990       0x10 obj_cooja/mtype7.a(eeprom.o)
                0x000000000022a990                eeprom_interface
 .data.rel.ro.local
                0x000000000022a9a0       0x38 obj_cooja/mtype7.a(csma.o)
                0x000000000022a9a0                csma_driver
 *fill*         0x000000000022a9d8        0x8 
 .data.rel.ro.local
                0x000000000022a9e0       0x18 obj_cooja/mtype7.a(framer-802154.o)
                0x000000000022a9e0                framer_802154
 *fill*         0x000000000022a9f8        0x8 
 .data.rel.ro.local
                0x000000000022aa00       0x40 obj_cooja/mtype7.a(nullrdc.o)
                0x000000000022aa00                nullrdc_driver
 .data.rel.ro.local
                0x000000000022aa40       0x20 obj_cooja/mtype7.a(nullsec.o)
                0x000000000022aa40                nullsec_driver
 *(.data.rel.ro .data.rel.ro.* .gnu.linkonce.d.rel.ro.*)
 .data.rel.ro   0x000000000022aa60       0x18 udp-sender.co
                0x000000000022aa60                autostart_processes
 *fill*         0x000000000022aa78        0x8 
 .data.rel.ro   0x000000000022aa80       0x18 obj_cooja/mtype7.a(sicslowpan.o)
                0x000000000022aa80                sicslowpan_driver
 .data.rel.ro   0x000000000022aa98        0x8 obj_cooja/mtype7.a(rpl-dag.o)

.dynamic        0x000000000022aaa0      0x1c0
 *(.dynamic)
 .dynamic       0x000000000022aaa0      0x1c0 /usr/lib/gcc/x86_64-linux-gnu/4.8/../../../x86_64-linux-gnu/crti.o
                0x000000000022aaa0                _DYNAMIC

.got            0x000000000022ac60      0x3a0
 *(.got)
 .got           0x000000000022ac60      0x3a0 /usr/lib/gcc/x86_64-linux-gnu/4.8/../../../x86_64-linux-gnu/crti.o
 *(.igot)
                0x000000000022bfe8                . = DATA_SEGMENT_RELRO_END (., (SIZEOF (.got.plt) >= 0x18)?0x18:0x0)

.got.plt        0x000000000022b000      0x930
 *(.got.plt)
 .got.plt       0x000000000022b000      0x930 /usr/lib/gcc/x86_64-linux-gnu/4.8/../../../x86_64-linux-gnu/crti.o
                0x000000000022b000                _GLOBAL_OFFSET_TABLE_
 *(.igot.plt)

.data           0x000000000022b940      0x54a
 *(.data .data.* .gnu.linkonce.d.*)
 .data          0x000000000022b940        0x0 /usr/lib/gcc/x86_64-linux-gnu/4.8/../../../x86_64-linux-gnu/crti.o
 .data          0x000000000022b940        0x0 /usr/lib/gcc/x86_64-linux-gnu/4.8/crtbeginS.o
 .data.rel      0x000000000022b940        0x8 /usr/lib/gcc/x86_64-linux-gnu/4.8/crtbeginS.o
                0x000000000022b940                __dso_handle
 .data          0x000000000022b948        0x0 udp-sender.co
 *fill*         0x000000000022b948       0x18 
 .data.rel.local
                0x000000000022b960       0x20 udp-sender.co
                0x000000000022b960                udp_client_process
 .data          0x000000000022b980        0x0 obj_cooja/mtype7.o
 .data.rel      0x000000000022b980       0xa0 obj_cooja/mtype7.o
                0x000000000022b980                simInterfaces
                0x000000000022ba00                sensors
 .data          0x000000000022ba20        0x4 obj_cooja/collect-common.o
 *fill*         0x000000000022ba24       0x1c 
 .data.rel.local
                0x000000000022ba40       0x20 obj_cooja/collect-common.o
                0x000000000022ba40                collect_common_process
 .data          0x000000000022ba60        0x0 obj_cooja/mtype7.a(collect-view.o)
 .data          0x000000000022ba60        0x0 obj_cooja/mtype7.a(collect-view-te)
 .data          0x000000000022ba60        0x0 obj_cooja/mtype7.a(simEnvChange.o)
 .data          0x000000000022ba60        0x0 obj_cooja/mtype7.a(cooja_mt.o)
 .data          0x000000000022ba60        0x0 obj_cooja/mtype7.a(cooja_mtarch.o)
 .data          0x000000000022ba60        0x0 obj_cooja/mtype7.a(rtimer-arch.o)
 .data          0x000000000022ba60        0x0 obj_cooja/mtype7.a(beep.o)
 .data          0x000000000022ba60        0x0 obj_cooja/mtype7.a(button-sensor.o)
 .data          0x000000000022ba60        0x0 obj_cooja/mtype7.a(leds-arch.o)
 .data          0x000000000022ba60        0x0 obj_cooja/mtype7.a(moteid.o)
 .data          0x000000000022ba60        0x0 obj_cooja/mtype7.a(pir-sensor.o)
 .data          0x000000000022ba60        0x0 obj_cooja/mtype7.a(rs232.o)
 .data          0x000000000022ba60        0x0 obj_cooja/mtype7.a(vib-sensor.o)
 .data          0x000000000022ba60        0x0 obj_cooja/mtype7.a(clock.o)
 .data          0x000000000022ba60        0x0 obj_cooja/mtype7.a(log.o)
 .data          0x000000000022ba60        0x0 obj_cooja/mtype7.a(cfs-cooja.o)
 .data          0x000000000022ba60       0x1c obj_cooja/mtype7.a(cooja-radio.o)
                0x000000000022ba60                simRadioHWOn
                0x000000000022ba64                simSignalStrength
                0x000000000022ba68                simLastSignalStrength
                0x000000000022ba6c                simPower
                0x000000000022ba70                simRadioChannel
                0x000000000022ba74                simLQI
 *fill*         0x000000000022ba7c        0x4 
 .data.rel.local
                0x000000000022ba80       0x20 obj_cooja/mtype7.a(cooja-radio.o)
                0x000000000022ba80                cooja_radio_process
 .data          0x000000000022baa0        0x0 obj_cooja/mtype7.a(eeprom.o)
 .data          0x000000000022baa0        0x0 obj_cooja/mtype7.a(random.o)
 .data          0x000000000022baa0        0x0 obj_cooja/mtype7.a(sensors.o)
 .data.rel.local
                0x000000000022baa0       0x20 obj_cooja/mtype7.a(sensors.o)
                0x000000000022baa0                sensors_process
 .data          0x000000000022bac0        0x0 obj_cooja/mtype7.a(leds.o)
 .data          0x000000000022bac0        0x0 obj_cooja/mtype7.a(autostart.o)
 .data          0x000000000022bac0        0x0 obj_cooja/mtype7.a(ctimer.o)
 .data.rel.local
                0x000000000022bac0       0x40 obj_cooja/mtype7.a(ctimer.o)
                0x000000000022bae0                ctimer_process
 .data          0x000000000022bb00        0x0 obj_cooja/mtype7.a(energest.o)
 .data          0x000000000022bb00        0x0 obj_cooja/mtype7.a(etimer.o)
 .data.rel.local
                0x000000000022bb00       0x20 obj_cooja/mtype7.a(etimer.o)
                0x000000000022bb00                etimer_process
 .data          0x000000000022bb20        0x0 obj_cooja/mtype7.a(process.o)
 .data          0x000000000022bb20        0x0 obj_cooja/mtype7.a(rtimer.o)
 .data          0x000000000022bb20        0x0 obj_cooja/mtype7.a(timer.o)
 .data          0x000000000022bb20        0x0 obj_cooja/mtype7.a(serial-line.o)
 .data.rel.local
                0x000000000022bb20       0x20 obj_cooja/mtype7.a(serial-line.o)
                0x000000000022bb20                serial_line_process
 .data          0x000000000022bb40        0x0 obj_cooja/mtype7.a(list.o)
 .data          0x000000000022bb40        0x0 obj_cooja/mtype7.a(ringbuf.o)
 .data          0x000000000022bb40        0x0 obj_cooja/mtype7.a(sicslowpan.o)
 .data          0x000000000022bb40        0x0 obj_cooja/mtype7.a(uip-ds6-nbr.o)
 .data.rel.local
                0x000000000022bb40       0x20 obj_cooja/mtype7.a(uip-ds6-nbr.o)
                0x000000000022bb58                ds6_neighbors
 .data          0x000000000022bb60        0x0 obj_cooja/mtype7.a(uip-ds6-route.o)
 .data.rel.local
                0x000000000022bb60       0x80 obj_cooja/mtype7.a(uip-ds6-route.o)
                0x000000000022bb78                nbr_routes
 .data          0x000000000022bbe0        0x0 obj_cooja/mtype7.a(uip-ds6.o)
 .data          0x000000000022bbe0        0x0 obj_cooja/mtype7.a(uip6.o)
 .data          0x000000000022bbe0        0x0 obj_cooja/mtype7.a(tcpip.o)
 .data.rel.local
                0x000000000022bbe0       0x20 obj_cooja/mtype7.a(tcpip.o)
                0x000000000022bbe0                tcpip_process
 .data          0x000000000022bc00        0x0 obj_cooja/mtype7.a(uip-debug.o)
 .data          0x000000000022bc00        0x0 obj_cooja/mtype7.a(uip-packetqueue)
 .data.rel.local
                0x000000000022bc00       0x18 obj_cooja/mtype7.a(uip-packetqueue)
 .data          0x000000000022bc18        0x0 obj_cooja/mtype7.a(uip-udp-packet.)
 .data          0x000000000022bc18        0x0 obj_cooja/mtype7.a(rpl-dag.o)
 *fill*         0x000000000022bc18        0x8 
 .data.rel.local
                0x000000000022bc20       0x20 obj_cooja/mtype7.a(rpl-dag.o)
                0x000000000022bc38                rpl_parents
 .data          0x000000000022bc40        0x0 obj_cooja/mtype7.a(rpl-ext-header.)
 .data          0x000000000022bc40        0x1 obj_cooja/mtype7.a(rpl-icmp6.o)
 *fill*         0x000000000022bc41        0xf 
 .data.rel.local
                0x000000000022bc50       0x78 obj_cooja/mtype7.a(rpl-icmp6.o)
 .data          0x000000000022bcc8        0x0 obj_cooja/mtype7.a(rpl-mrhof.o)
 *fill*         0x000000000022bcc8       0x18 
 .data.rel.local
                0x000000000022bce0       0x48 obj_cooja/mtype7.a(rpl-mrhof.o)
                0x000000000022bce0                rpl_mrhof
 .data          0x000000000022bd28        0x0 obj_cooja/mtype7.a(rpl-timers.o)
 .data          0x000000000022bd28        0x0 obj_cooja/mtype7.a(rpl.o)
 .data          0x000000000022bd28        0x0 obj_cooja/mtype7.a(link-stats.o)
 *fill*         0x000000000022bd28        0x8 
 .data.rel.local
                0x000000000022bd30       0x20 obj_cooja/mtype7.a(link-stats.o)
 .data          0x000000000022bd50        0x0 obj_cooja/mtype7.a(linkaddr.o)
 .data          0x000000000022bd50        0x0 obj_cooja/mtype7.a(nbr-table.o)
 .data.rel.local
                0x000000000022bd50       0x20 obj_cooja/mtype7.a(nbr-table.o)
 .data          0x000000000022bd70        0x0 obj_cooja/mtype7.a(net-debug.o)
 .data          0x000000000022bd70        0x0 obj_cooja/mtype7.a(netstack.o)
 .data          0x000000000022bd70        0x0 obj_cooja/mtype7.a(packetbuf.o)
 .data.rel.local
                0x000000000022bd70        0x8 obj_cooja/mtype7.a(packetbuf.o)
 .data          0x000000000022bd78        0x0 obj_cooja/mtype7.a(queuebuf.o)
 *fill*         0x000000000022bd78        0x8 
 .data.rel.local
                0x000000000022bd80       0x38 obj_cooja/mtype7.a(queuebuf.o)
 .data          0x000000000022bdb8        0x0 obj_cooja/mtype7.a(csma.o)
 *fill*         0x000000000022bdb8        0x8 
 .data.rel.local
                0x000000000022bdc0       0x60 obj_cooja/mtype7.a(csma.o)
 .data          0x000000000022be20        0x0 obj_cooja/mtype7.a(framer-802154.o)
 .data          0x000000000022be20        0x0 obj_cooja/mtype7.a(mac.o)
 .data          0x000000000022be20        0x0 obj_cooja/mtype7.a(nullrdc.o)
 .data          0x000000000022be20        0x0 obj_cooja/mtype7.a(nullsec.o)
 .data          0x000000000022be20        0x0 obj_cooja/mtype7.a(watchdog.o)
 .data          0x000000000022be20        0x0 obj_cooja/mtype7.a(rimestats.o)
 .data          0x000000000022be20        0x0 obj_cooja/mtype7.a(stimer.o)
 .data          0x000000000022be20        0x0 obj_cooja/mtype7.a(memb.o)
 .data          0x000000000022be20        0x0 obj_cooja/mtype7.a(uip-icmp6.o)
 .data.rel.local
                0x000000000022be20       0x48 obj_cooja/mtype7.a(uip-icmp6.o)
 .data          0x000000000022be68        0x0 obj_cooja/mtype7.a(uip-nd6.o)
 *fill*         0x000000000022be68        0x8 
 .data.rel.local
                0x000000000022be70       0x18 obj_cooja/mtype7.a(uip-nd6.o)
 .data          0x000000000022be88        0x0 obj_cooja/mtype7.a(rpl-nbr-policy.)
 .data          0x000000000022be88        0x2 obj_cooja/mtype7.a(frame802154.o)
 .data          0x000000000022be8a        0x0 obj_cooja/mtype7.a(mac-sequence.o)
 .data          0x000000000022be8a        0x0 /usr/lib/gcc/x86_64-linux-gnu/4.8/crtendS.o
 .data          0x000000000022be8a        0x0 /usr/lib/gcc/x86_64-linux-gnu/4.8/../../../x86_64-linux-gnu/crtn.o

.tm_clone_table
                0x000000000022be90        0x0
 .tm_clone_table
                0x000000000022be90        0x0 /usr/lib/gcc/x86_64-linux-gnu/4.8/crtbeginS.o
 .tm_clone_table
                0x000000000022be90        0x0 /usr/lib/gcc/x86_64-linux-gnu/4.8/crtendS.o

.data1
 *(.data1)
                0x000000000022be90                _edata = .
                0x000000000022be90                PROVIDE (edata, .)
                0x000000000022be90                . = .
                0x000000000022be90                __bss_start = .

.bss            0x000000000022bea0     0xa3d0
 *(.dynbss)
 .dynbss        0x0000000000000000        0x0 /usr/lib/gcc/x86_64-linux-gnu/4.8/../../../x86_64-linux-gnu/crti.o
 *(.bss .bss.* .gnu.linkonce.b.*)
 .bss           0x000000000022bea0        0x0 /usr/lib/gcc/x86_64-linux-gnu/4.8/../../../x86_64-linux-gnu/crti.o
 .bss           0x000000000022bea0        0x1 /usr/lib/gcc/x86_64-linux-gnu/4.8/crtbeginS.o
 *fill*         0x000000000022bea1        0xf 
 .bss           0x000000000022beb0       0x21 udp-sender.co
 *fill*         0x000000000022bed1        0xf 
 .bss           0x000000000022bee0     0x4040 obj_cooja/mtype7.o
 .bss           0x000000000022ff20       0x60 obj_cooja/collect-common.o
 .bss           0x000000000022ff80       0x20 obj_cooja/mtype7.a(collect-view.o)
 .bss           0x000000000022ffa0        0x0 obj_cooja/mtype7.a(collect-view-te)
 .bss           0x000000000022ffa0        0x1 obj_cooja/mtype7.a(simEnvChange.o)
                0x000000000022ffa0                simDontFallAsleep
 *fill*         0x000000000022ffa1        0x7 
 .bss           0x000000000022ffa8        0x8 obj_cooja/mtype7.a(cooja_mt.o)
 .bss           0x000000000022ffb0        0x8 obj_cooja/mtype7.a(cooja_mtarch.o)
 .bss           0x000000000022ffb8        0x0 obj_cooja/mtype7.a(rtimer-arch.o)
 .bss           0x000000000022ffb8        0x0 obj_cooja/mtype7.a(beep.o)
 *fill*         0x000000000022ffb8        0x8 
 .bss           0x000000000022ffc0       0x10 obj_cooja/mtype7.a(button-sensor.o)
 .bss           0x000000000022ffd0        0x0 obj_cooja/mtype7.a(leds-arch.o)
 .bss           0x000000000022ffd0        0x0 obj_cooja/mtype7.a(moteid.o)
 .bss           0x000000000022ffd0        0x1 obj_cooja/mtype7.a(pir-sensor.o)
                0x000000000022ffd0                simPirValue
 *fill*         0x000000000022ffd1        0x7 
 .bss           0x000000000022ffd8        0x8 obj_cooja/mtype7.a(rs232.o)
 .bss           0x000000000022ffe0        0x1 obj_cooja/mtype7.a(vib-sensor.o)
                0x000000000022ffe0                simVibValue
 .bss           0x000000000022ffe1        0x0 obj_cooja/mtype7.a(clock.o)
 *fill*         0x000000000022ffe1       0x1f 
 .bss           0x0000000000230000      0x420 obj_cooja/mtype7.a(log.o)
 .bss           0x0000000000230420      0xfc0 obj_cooja/mtype7.a(cfs-cooja.o)
                0x0000000000230420                simCFSData
                0x00000000002313c0                simCFSSize
                0x00000000002313c4                simCFSChanged
                0x00000000002313c8                simCFSRead
                0x00000000002313cc                simCFSWritten
 .bss           0x00000000002313e0       0x2c obj_cooja/mtype7.a(cooja-radio.o)
                0x00000000002313e0                simReceiving
                0x00000000002313e4                simInSize
                0x00000000002313e8                simLastPacketTimestamp
                0x00000000002313f0                simOutSize
 .bss           0x000000000023140c        0xc obj_cooja/mtype7.a(eeprom.o)
                0x000000000023140c                simEEPROMChanged
                0x0000000000231410                simEEPROMRead
                0x0000000000231414                simEEPROMWritten
 .bss           0x0000000000231418        0x0 obj_cooja/mtype7.a(random.o)
 .bss           0x0000000000231418        0xc obj_cooja/mtype7.a(sensors.o)
 .bss           0x0000000000231424        0x1 obj_cooja/mtype7.a(leds.o)
 .bss           0x0000000000231425        0x0 obj_cooja/mtype7.a(autostart.o)
 *fill*         0x0000000000231425        0x3 
 .bss           0x0000000000231428        0x9 obj_cooja/mtype7.a(ctimer.o)
 .bss           0x0000000000231431        0x0 obj_cooja/mtype7.a(energest.o)
 *fill*         0x0000000000231431        0x7 
 .bss           0x0000000000231438       0x10 obj_cooja/mtype7.a(etimer.o)
 *fill*         0x0000000000231448       0x18 
 .bss           0x0000000000231460      0x321 obj_cooja/mtype7.a(process.o)
                0x0000000000231460                process_list
                0x0000000000231468                process_current
 *fill*         0x0000000000231781        0x7 
 .bss           0x0000000000231788        0x8 obj_cooja/mtype7.a(rtimer.o)
 .bss           0x0000000000231790        0x0 obj_cooja/mtype7.a(timer.o)
 *fill*         0x0000000000231790       0x10 
 .bss           0x00000000002317a0      0x140 obj_cooja/mtype7.a(serial-line.o)
 .bss           0x00000000002318e0        0x0 obj_cooja/mtype7.a(list.o)
 .bss           0x00000000002318e0        0x0 obj_cooja/mtype7.a(ringbuf.o)
 .bss           0x00000000002318e0       0x58 obj_cooja/mtype7.a(sicslowpan.o)
 *fill*         0x0000000000231938        0x8 
 .bss           0x0000000000231940      0x140 obj_cooja/mtype7.a(uip-ds6-nbr.o)
 .bss           0x0000000000231a80      0x488 obj_cooja/mtype7.a(uip-ds6-route.o)
 *fill*         0x0000000000231f08        0x8 
 .bss           0x0000000000231f10       0x30 obj_cooja/mtype7.a(uip-ds6.o)
 .bss           0x0000000000231f40        0x6 obj_cooja/mtype7.a(uip6.o)
                0x0000000000231f40                uip_ext_bitmap
                0x0000000000231f41                uip_ext_len
                0x0000000000231f42                uip_ext_opt_offset
 *fill*         0x0000000000231f46       0x1a 
 .bss           0x0000000000231f60       0x2a obj_cooja/mtype7.a(tcpip.o)
 .bss           0x0000000000231f8a        0x0 obj_cooja/mtype7.a(uip-debug.o)
 *fill*         0x0000000000231f8a       0x16 
 .bss           0x0000000000231fa0      0xd50 obj_cooja/mtype7.a(uip-packetqueue)
 .bss           0x0000000000232cf0        0x0 obj_cooja/mtype7.a(uip-udp-packet.)
 *fill*         0x0000000000232cf0       0x10 
 .bss           0x0000000000232d00       0xa0 obj_cooja/mtype7.a(rpl-dag.o)
 .bss           0x0000000000232da0        0x0 obj_cooja/mtype7.a(rpl-ext-header.)
 .bss           0x0000000000232da0        0x0 obj_cooja/mtype7.a(rpl-icmp6.o)
 .bss           0x0000000000232da0        0x0 obj_cooja/mtype7.a(rpl-mrhof.o)
 .bss           0x0000000000232da0       0x43 obj_cooja/mtype7.a(rpl-timers.o)
 *fill*         0x0000000000232de3        0x1 
 .bss           0x0000000000232de4        0x4 obj_cooja/mtype7.a(rpl.o)
 *fill*         0x0000000000232de8       0x18 
 .bss           0x0000000000232e00       0xa0 obj_cooja/mtype7.a(link-stats.o)
 .bss           0x0000000000232ea0        0x0 obj_cooja/mtype7.a(linkaddr.o)
 .bss           0x0000000000232ea0      0x128 obj_cooja/mtype7.a(nbr-table.o)
 .bss           0x0000000000232fc8        0x0 obj_cooja/mtype7.a(net-debug.o)
 .bss           0x0000000000232fc8        0x0 obj_cooja/mtype7.a(netstack.o)
 *fill*         0x0000000000232fc8       0x18 
 .bss           0x0000000000232fe0       0xa0 obj_cooja/mtype7.a(packetbuf.o)
 .bss           0x0000000000233080      0xbc0 obj_cooja/mtype7.a(queuebuf.o)
 .bss           0x0000000000233c40      0x42c obj_cooja/mtype7.a(csma.o)
 .bss           0x000000000023406c        0x2 obj_cooja/mtype7.a(framer-802154.o)
 .bss           0x000000000023406e        0x0 obj_cooja/mtype7.a(mac.o)
 .bss           0x000000000023406e        0x0 obj_cooja/mtype7.a(nullrdc.o)
 .bss           0x000000000023406e        0x0 obj_cooja/mtype7.a(nullsec.o)
 .bss           0x000000000023406e        0x0 obj_cooja/mtype7.a(watchdog.o)
 .bss           0x000000000023406e        0x0 obj_cooja/mtype7.a(rimestats.o)
 .bss           0x000000000023406e        0x0 obj_cooja/mtype7.a(stimer.o)
 .bss           0x000000000023406e        0x0 obj_cooja/mtype7.a(memb.o)
 *fill*         0x000000000023406e        0x2 
 .bss           0x0000000000234070       0x20 obj_cooja/mtype7.a(uip-icmp6.o)
 .bss           0x0000000000234090       0x20 obj_cooja/mtype7.a(uip-nd6.o)
 *fill*         0x00000000002340b0       0x10 
 .bss           0x00000000002340c0       0x64 obj_cooja/mtype7.a(rpl-nbr-policy.)
 .bss           0x0000000000234124        0x0 obj_cooja/mtype7.a(frame802154.o)
 *fill*         0x0000000000234124       0x1c 
 .bss           0x0000000000234140      0x180 obj_cooja/mtype7.a(mac-sequence.o)
 .bss           0x00000000002342c0        0x0 /usr/lib/gcc/x86_64-linux-gnu/4.8/crtendS.o
 .bss           0x00000000002342c0        0x0 /usr/lib/gcc/x86_64-linux-gnu/4.8/../../../x86_64-linux-gnu/crtn.o
 *(COMMON)
 COMMON         0x00000000002342c0        0xc obj_cooja/mtype7.o
                0x00000000002342c0                referenceVar
                0x00000000002342c8                sensors_flags
 *fill*         0x00000000002342cc        0x4 
 COMMON         0x00000000002342d0       0x10 obj_cooja/mtype7.a(simEnvChange.o)
                0x00000000002342d0                simEtimerPending
                0x00000000002342d4                simProcessRunValue
                0x00000000002342d8                simEtimerNextExpirationTime
 COMMON         0x00000000002342e0       0x18 obj_cooja/mtype7.a(rtimer-arch.o)
                0x00000000002342e0                simRtimerPending
                0x00000000002342e8                simRtimerCurrentTicks
                0x00000000002342f0                simRtimerNextExpirationTime
 COMMON         0x00000000002342f8        0x1 obj_cooja/mtype7.a(beep.o)
                0x00000000002342f8                simBeeped
 COMMON         0x00000000002342f9        0x3 obj_cooja/mtype7.a(button-sensor.o)
                0x00000000002342f9                simButtonIsActive
                0x00000000002342fa                simButtonIsDown
                0x00000000002342fb                simButtonChanged
 COMMON         0x00000000002342fc        0x1 obj_cooja/mtype7.a(leds-arch.o)
                0x00000000002342fc                simLedsValue
 *fill*         0x00000000002342fd        0x3 
 COMMON         0x0000000000234300        0xc obj_cooja/mtype7.a(moteid.o)
                0x0000000000234300                simRandomSeed
                0x0000000000234304                simMoteIDChanged
                0x0000000000234308                simMoteID
 COMMON         0x000000000023430c        0x2 obj_cooja/mtype7.a(pir-sensor.o)
                0x000000000023430c                simPirIsActive
                0x000000000023430d                simPirChanged
 *fill*         0x000000000023430e       0x12 
 COMMON         0x0000000000234320      0x820 obj_cooja/mtype7.a(rs232.o)
                0x0000000000234320                simSerialReceivingFlag
                0x0000000000234324                simSerialReceivingLength
                0x0000000000234340                simSerialReceivingData
 COMMON         0x0000000000234b40        0x2 obj_cooja/mtype7.a(vib-sensor.o)
                0x0000000000234b40                simVibChanged
                0x0000000000234b41                simVibIsActive
 *fill*         0x0000000000234b42        0x6 
 COMMON         0x0000000000234b48        0x8 obj_cooja/mtype7.a(clock.o)
                0x0000000000234b48                simCurrentTime
 *fill*         0x0000000000234b50       0x10 
 COMMON         0x0000000000234b60      0x420 obj_cooja/mtype7.a(log.o)
                0x0000000000234b60                simLoggedLength
                0x0000000000234b64                simLoggedFlag
                0x0000000000234b80                simLoggedData
 COMMON         0x0000000000234f80      0x100 obj_cooja/mtype7.a(cooja-radio.o)
                0x0000000000234f80                simOutDataBuffer
                0x0000000000235000                simInDataBuffer
 COMMON         0x0000000000235080      0x400 obj_cooja/mtype7.a(eeprom.o)
                0x0000000000235080                simEEPROMData
 COMMON         0x0000000000235480        0x1 obj_cooja/mtype7.a(sensors.o)
                0x0000000000235480                sensors_event
 COMMON         0x0000000000235481        0x1 obj_cooja/mtype7.a(serial-line.o)
                0x0000000000235481                serial_line_event_message
 *fill*         0x0000000000235482       0x1e 
 COMMON         0x00000000002354a0      0x1c1 obj_cooja/mtype7.a(uip-ds6.o)
                0x00000000002354a0                uip_ds6_prefix_list
                0x0000000000235500                uip_ds6_timer_periodic
                0x0000000000235520                uip_ds6_netif_addr_list_offset
                0x0000000000235540                uip_ds6_if
                0x0000000000235650                uip_ds6_timer_ra
                0x0000000000235660                uip_ds6_addr_size
 *fill*         0x0000000000235661       0x1f 
 COMMON         0x0000000000235680      0x878 obj_cooja/mtype7.a(uip6.o)
                0x0000000000235680                uip_slen
                0x0000000000235682                uip_lladdr
                0x0000000000235690                uip_appdata
                0x0000000000235698                uip_flags
                0x00000000002356a0                uip_aligned_buf
                0x0000000000235ce0                uip_len
                0x0000000000235ce8                uip_sappdata
                0x0000000000235d00                uip_udp_conns
                0x0000000000235ee0                uip_udp_conn
                0x0000000000235ee8                uip_next_hdr
                0x0000000000235ef0                uip_conn
 COMMON         0x0000000000235ef8        0x1 obj_cooja/mtype7.a(tcpip.o)
                0x0000000000235ef8                tcpip_event
 *fill*         0x0000000000235ef9        0x7 
 COMMON         0x0000000000235f00      0x250 obj_cooja/mtype7.a(rpl-dag.o)
                0x0000000000235f00                default_instance
                0x0000000000235f20                instance_table
 *fill*         0x0000000000236150       0x10 
 COMMON         0x0000000000236160       0x40 obj_cooja/mtype7.a(link-stats.o)
                0x0000000000236160                periodic_timer
 COMMON         0x00000000002361a0        0x8 obj_cooja/mtype7.a(linkaddr.o)
                0x00000000002361a0                linkaddr_node_addr
 *fill*         0x00000000002361a8        0x8 
 COMMON         0x00000000002361b0       0x30 obj_cooja/mtype7.a(packetbuf.o)
                0x00000000002361b0                packetbuf_attrs
                0x00000000002361d0                packetbuf_addrs
 COMMON         0x00000000002361e0       0x90 obj_cooja/mtype7.a(rimestats.o)
                0x00000000002361e0                rimestats
                0x0000000000236270                . = ALIGN ((. != 0x0)?0x8:0x1)

.lbss
 *(.dynlbss)
 *(.lbss .lbss.* .gnu.linkonce.lb.*)
 *(LARGE_COMMON)
                0x0000000000236270                . = ALIGN (0x8)
                0x0000000000236270                . = SEGMENT_START ("ldata-segment", .)

.lrodata
 *(.lrodata .lrodata.* .gnu.linkonce.lr.*)

.ldata          0x0000000000636270        0x0
 *(.ldata .ldata.* .gnu.linkonce.l.*)
                0x0000000000636270                . = ALIGN ((. != 0x0)?0x8:0x1)
                0x0000000000636270                . = ALIGN (0x8)
                0x0000000000636270                _end = .
                0x0000000000636270                PROVIDE (end, .)
                0x0000000000636270                . = DATA_SEGMENT_END (.)

.stab
 *(.stab)

.stabstr
 *(.stabstr)

.stab.excl
 *(.stab.excl)

.stab.exclstr
 *(.stab.exclstr)

.stab.index
 *(.stab.index)

.stab.indexstr
 *(.stab.indexstr)

.comment        0x0000000000000000       0x2b
 *(.comment)
 .comment       0x0000000000000000       0x2b /usr/lib/gcc/x86_64-linux-gnu/4.8/crtbeginS.o
                                         0x2c (size before relaxing)
 .comment       0x0000000000000000       0x2c udp-sender.co
 .comment       0x0000000000000000       0x2c obj_cooja/mtype7.o
 .comment       0x0000000000000000       0x2c obj_cooja/collect-common.o
 .comment       0x0000000000000000       0x2c obj_cooja/mtype7.a(collect-view.o)
 .comment       0x0000000000000000       0x2c obj_cooja/mtype7.a(collect-view-te)
 .comment       0x0000000000000000       0x2c obj_cooja/mtype7.a(simEnvChange.o)
 .comment       0x0000000000000000       0x2c obj_cooja/mtype7.a(cooja_mt.o)
 .comment       0x0000000000000000       0x2c obj_cooja/mtype7.a(cooja_mtarch.o)
 .comment       0x0000000000000000       0x2c obj_cooja/mtype7.a(rtimer-arch.o)
 .comment       0x0000000000000000       0x2c obj_cooja/mtype7.a(beep.o)
 .comment       0x0000000000000000       0x2c obj_cooja/mtype7.a(button-sensor.o)
 .comment       0x0000000000000000       0x2c obj_cooja/mtype7.a(leds-arch.o)
 .comment       0x0000000000000000       0x2c obj_cooja/mtype7.a(moteid.o)
 .comment       0x0000000000000000       0x2c obj_cooja/mtype7.a(pir-sensor.o)
 .comment       0x0000000000000000       0x2c obj_cooja/mtype7.a(rs232.o)
 .comment       0x0000000000000000       0x2c obj_cooja/mtype7.a(vib-sensor.o)
 .comment       0x0000000000000000       0x2c obj_cooja/mtype7.a(clock.o)
 .comment       0x0000000000000000       0x2c obj_cooja/mtype7.a(log.o)
 .comment       0x0000000000000000       0x2c obj_cooja/mtype7.a(cfs-cooja.o)
 .comment       0x0000000000000000       0x2c obj_cooja/mtype7.a(cooja-radio.o)
 .comment       0x0000000000000000       0x2c obj_cooja/mtype7.a(eeprom.o)
 .comment       0x0000000000000000       0x2c obj_cooja/mtype7.a(random.o)
 .comment       0x0000000000000000       0x2c obj_cooja/mtype7.a(sensors.o)
 .comment       0x0000000000000000       0x2c obj_cooja/mtype7.a(leds.o)
 .comment       0x0000000000000000       0x2c obj_cooja/mtype7.a(autostart.o)
 .comment       0x0000000000000000       0x2c obj_cooja/mtype7.a(ctimer.o)
 .comment       0x0000000000000000       0x2c obj_cooja/mtype7.a(energest.o)
 .comment       0x0000000000000000       0x2c obj_cooja/mtype7.a(etimer.o)
 .comment       0x0000000000000000       0x2c obj_cooja/mtype7.a(process.o)
 .comment       0x0000000000000000       0x2c obj_cooja/mtype7.a(rtimer.o)
 .comment       0x0000000000000000       0x2c obj_cooja/mtype7.a(timer.o)
 .comment       0x0000000000000000       0x2c obj_cooja/mtype7.a(serial-line.o)
 .comment       0x0000000000000000       0x2c obj_cooja/mtype7.a(list.o)
 .comment       0x0000000000000000       0x2c obj_cooja/mtype7.a(ringbuf.o)
 .comment       0x0000000000000000       0x2c obj_cooja/mtype7.a(sicslowpan.o)
 .comment       0x0000000000000000       0x2c obj_cooja/mtype7.a(uip-ds6-nbr.o)
 .comment       0x0000000000000000       0x2c obj_cooja/mtype7.a(uip-ds6-route.o)
 .comment       0x0000000000000000       0x2c obj_cooja/mtype7.a(uip-ds6.o)
 .comment       0x0000000000000000       0x2c obj_cooja/mtype7.a(uip6.o)
 .comment       0x0000000000000000       0x2c obj_cooja/mtype7.a(tcpip.o)
 .comment       0x0000000000000000       0x2c obj_cooja/mtype7.a(uip-debug.o)
 .comment       0x0000000000000000       0x2c obj_cooja/mtype7.a(uip-packetqueue)
 .comment       0x0000000000000000       0x2c obj_cooja/mtype7.a(uip-udp-packet.)
 .comment       0x0000000000000000       0x2c obj_cooja/mtype7.a(rpl-dag.o)
 .comment       0x0000000000000000       0x2c obj_cooja/mtype7.a(rpl-ext-header.)
 .comment       0x0000000000000000       0x2c obj_cooja/mtype7.a(rpl-icmp6.o)
 .comment       0x0000000000000000       0x2c obj_cooja/mtype7.a(rpl-mrhof.o)
 .comment       0x0000000000000000       0x2c obj_cooja/mtype7.a(rpl-timers.o)
 .comment       0x0000000000000000       0x2c obj_cooja/mtype7.a(rpl.o)
 .comment       0x0000000000000000       0x2c obj_cooja/mtype7.a(link-stats.o)
 .comment       0x0000000000000000       0x2c obj_cooja/mtype7.a(linkaddr.o)
 .comment       0x0000000000000000       0x2c obj_cooja/mtype7.a(nbr-table.o)
 .comment       0x0000000000000000       0x2c obj_cooja/mtype7.a(net-debug.o)
 .comment       0x0000000000000000       0x2c obj_cooja/mtype7.a(netstack.o)
 .comment       0x0000000000000000       0x2c obj_cooja/mtype7.a(packetbuf.o)
 .comment       0x0000000000000000       0x2c obj_cooja/mtype7.a(queuebuf.o)
 .comment       0x0000000000000000       0x2c obj_cooja/mtype7.a(csma.o)
 .comment       0x0000000000000000       0x2c obj_cooja/mtype7.a(framer-802154.o)
 .comment       0x0000000000000000       0x2c obj_cooja/mtype7.a(mac.o)
 .comment       0x0000000000000000       0x2c obj_cooja/mtype7.a(nullrdc.o)
 .comment       0x0000000000000000       0x2c obj_cooja/mtype7.a(nullsec.o)
 .comment       0x0000000000000000       0x2c obj_cooja/mtype7.a(watchdog.o)
 .comment       0x0000000000000000       0x2c obj_cooja/mtype7.a(rimestats.o)
 .comment       0x0000000000000000       0x2c obj_cooja/mtype7.a(stimer.o)
 .comment       0x0000000000000000       0x2c obj_cooja/mtype7.a(memb.o)
 .comment       0x0000000000000000       0x2c obj_cooja/mtype7.a(uip-icmp6.o)
 .comment       0x0000000000000000       0x2c obj_cooja/mtype7.a(uip-nd6.o)
 .comment       0x0000000000000000       0x2c obj_cooja/mtype7.a(rpl-nbr-policy.)
 .comment       0x0000000000000000       0x2c obj_cooja/mtype7.a(frame802154.o)
 .comment       0x0000000000000000       0x2c obj_cooja/mtype7.a(mac-sequence.o)
 .comment       0x0000000000000000       0x2c /usr/lib/gcc/x86_64-linux-gnu/4.8/crtendS.o

.debug
 *(.debug)

.line
 *(.line)

.debug_srcinfo
 *(.debug_srcinfo)

.debug_sfnames
 *(.debug_sfnames)

.debug_aranges  0x0000000000000000      0xd10
 *(.debug_aranges)
 .debug_aranges
                0x0000000000000000       0x30 udp-sender.co
 .debug_aranges
                0x0000000000000030       0x30 obj_cooja/mtype7.o
 .debug_aranges
                0x0000000000000060       0x30 obj_cooja/collect-common.o
 .debug_aranges
                0x0000000000000090       0x30 obj_cooja/mtype7.a(collect-view.o)
 .debug_aranges
                0x00000000000000c0       0x30 obj_cooja/mtype7.a(collect-view-te)
 .debug_aranges
                0x00000000000000f0       0x30 obj_cooja/mtype7.a(simEnvChange.o)
 .debug_aranges
                0x0000000000000120       0x30 obj_cooja/mtype7.a(cooja_mt.o)
 .debug_aranges
                0x0000000000000150       0x30 obj_cooja/mtype7.a(cooja_mtarch.o)
 .debug_aranges
                0x0000000000000180       0x30 obj_cooja/mtype7.a(rtimer-arch.o)
 .debug_aranges
                0x00000000000001b0       0x30 obj_cooja/mtype7.a(beep.o)
 .debug_aranges
                0x00000000000001e0       0x30 obj_cooja/mtype7.a(button-sensor.o)
 .debug_aranges
                0x0000000000000210       0x30 obj_cooja/mtype7.a(leds-arch.o)
 .debug_aranges
                0x0000000000000240       0x30 obj_cooja/mtype7.a(moteid.o)
 .debug_aranges
                0x0000000000000270       0x30 obj_cooja/mtype7.a(pir-sensor.o)
 .debug_aranges
                0x00000000000002a0       0x30 obj_cooja/mtype7.a(rs232.o)
 .debug_aranges
                0x00000000000002d0       0x30 obj_cooja/mtype7.a(vib-sensor.o)
 .debug_aranges
                0x0000000000000300       0x30 obj_cooja/mtype7.a(clock.o)
 .debug_aranges
                0x0000000000000330       0x30 obj_cooja/mtype7.a(log.o)
 .debug_aranges
                0x0000000000000360       0x30 obj_cooja/mtype7.a(cfs-cooja.o)
 .debug_aranges
                0x0000000000000390       0x30 obj_cooja/mtype7.a(cooja-radio.o)
 .debug_aranges
                0x00000000000003c0       0x30 obj_cooja/mtype7.a(eeprom.o)
 .debug_aranges
                0x00000000000003f0       0x30 obj_cooja/mtype7.a(random.o)
 .debug_aranges
                0x0000000000000420       0x30 obj_cooja/mtype7.a(sensors.o)
 .debug_aranges
                0x0000000000000450       0x30 obj_cooja/mtype7.a(leds.o)
 .debug_aranges
                0x0000000000000480       0x30 obj_cooja/mtype7.a(autostart.o)
 .debug_aranges
                0x00000000000004b0       0x30 obj_cooja/mtype7.a(ctimer.o)
 .debug_aranges
                0x00000000000004e0       0x30 obj_cooja/mtype7.a(energest.o)
 .debug_aranges
                0x0000000000000510       0x30 obj_cooja/mtype7.a(etimer.o)
 .debug_aranges
                0x0000000000000540       0x30 obj_cooja/mtype7.a(process.o)
 .debug_aranges
                0x0000000000000570       0x30 obj_cooja/mtype7.a(rtimer.o)
 .debug_aranges
                0x00000000000005a0       0x30 obj_cooja/mtype7.a(timer.o)
 .debug_aranges
                0x00000000000005d0       0x30 obj_cooja/mtype7.a(serial-line.o)
 .debug_aranges
                0x0000000000000600       0x30 obj_cooja/mtype7.a(list.o)
 .debug_aranges
                0x0000000000000630       0x30 obj_cooja/mtype7.a(ringbuf.o)
 .debug_aranges
                0x0000000000000660       0x30 obj_cooja/mtype7.a(sicslowpan.o)
 .debug_aranges
                0x0000000000000690       0x30 obj_cooja/mtype7.a(uip-ds6-nbr.o)
 .debug_aranges
                0x00000000000006c0       0x30 obj_cooja/mtype7.a(uip-ds6-route.o)
 .debug_aranges
                0x00000000000006f0       0x30 obj_cooja/mtype7.a(uip-ds6.o)
 .debug_aranges
                0x0000000000000720       0x30 obj_cooja/mtype7.a(uip6.o)
 .debug_aranges
                0x0000000000000750       0x30 obj_cooja/mtype7.a(tcpip.o)
 .debug_aranges
                0x0000000000000780       0x30 obj_cooja/mtype7.a(uip-debug.o)
 .debug_aranges
                0x00000000000007b0       0x30 obj_cooja/mtype7.a(uip-packetqueue)
 .debug_aranges
                0x00000000000007e0       0x30 obj_cooja/mtype7.a(uip-udp-packet.)
 .debug_aranges
                0x0000000000000810       0x30 obj_cooja/mtype7.a(rpl-dag.o)
 .debug_aranges
                0x0000000000000840       0x30 obj_cooja/mtype7.a(rpl-ext-header.)
 .debug_aranges
                0x0000000000000870       0x30 obj_cooja/mtype7.a(rpl-icmp6.o)
 .debug_aranges
                0x00000000000008a0       0x30 obj_cooja/mtype7.a(rpl-mrhof.o)
 .debug_aranges
                0x00000000000008d0       0x30 obj_cooja/mtype7.a(rpl-timers.o)
 .debug_aranges
                0x0000000000000900       0x30 obj_cooja/mtype7.a(rpl.o)
 .debug_aranges
                0x0000000000000930       0x30 obj_cooja/mtype7.a(link-stats.o)
 .debug_aranges
                0x0000000000000960       0x30 obj_cooja/mtype7.a(linkaddr.o)
 .debug_aranges
                0x0000000000000990       0x30 obj_cooja/mtype7.a(nbr-table.o)
 .debug_aranges
                0x00000000000009c0       0x30 obj_cooja/mtype7.a(net-debug.o)
 .debug_aranges
                0x00000000000009f0       0x30 obj_cooja/mtype7.a(netstack.o)
 .debug_aranges
                0x0000000000000a20       0x30 obj_cooja/mtype7.a(packetbuf.o)
 .debug_aranges
                0x0000000000000a50       0x30 obj_cooja/mtype7.a(queuebuf.o)
 .debug_aranges
                0x0000000000000a80       0x30 obj_cooja/mtype7.a(csma.o)
 .debug_aranges
                0x0000000000000ab0       0x30 obj_cooja/mtype7.a(framer-802154.o)
 .debug_aranges
                0x0000000000000ae0       0x30 obj_cooja/mtype7.a(mac.o)
 .debug_aranges
                0x0000000000000b10       0x30 obj_cooja/mtype7.a(nullrdc.o)