Archive member included to satisfy reference by file (symbol)

obj_cooja/mtype208.a(simEnvChange.o)
                              obj_cooja/mtype208.o (simDontFallAsleep)
obj_cooja/mtype208.a(cooja_mt.o)
                              obj_cooja/mtype208.o (cooja_mt_start)
obj_cooja/mtype208.a(cooja_mtarch.o)
                              obj_cooja/mtype208.a(cooja_mt.o) (cooja_mtarch_init)
obj_cooja/mtype208.a(rtimer-arch.o)
                              obj_cooja/mtype208.o (rtimer_arch_check)
obj_cooja/mtype208.a(beep.o)  obj_cooja/mtype208.o (beep_interface)
obj_cooja/mtype208.a(button-sensor.o)
                              obj_cooja/mtype208.o (button_interface)
obj_cooja/mtype208.a(leds-arch.o)
                              obj_cooja/mtype208.o (leds_interface)
obj_cooja/mtype208.a(moteid.o)
                              obj_cooja/mtype208.o (moteid_interface)
obj_cooja/mtype208.a(pir-sensor.o)
                              obj_cooja/mtype208.o (pir_interface)
obj_cooja/mtype208.a(rs232.o)
                              obj_cooja/mtype208.o (rs232_interface)
obj_cooja/mtype208.a(vib-sensor.o)
                              obj_cooja/mtype208.o (vib_interface)
obj_cooja/mtype208.a(clock.o)
                              obj_cooja/mtype208.o (clock_interface)
obj_cooja/mtype208.a(log.o)   obj_cooja/mtype208.o (simlog_interface)
obj_cooja/mtype208.a(cfs-cooja.o)
                              obj_cooja/mtype208.o (cfs_interface)
obj_cooja/mtype208.a(cooja-radio.o)
                              obj_cooja/mtype208.o (radio_interface)
obj_cooja/mtype208.a(eeprom.o)
                              obj_cooja/mtype208.o (eeprom_interface)
obj_cooja/mtype208.a(random.o)
                              obj_cooja/mtype208.a(moteid.o) (random_init)
obj_cooja/mtype208.a(sensors.o)
                              udp-sink.co (sensors_event)
obj_cooja/mtype208.a(leds.o)  obj_cooja/collect-common.o (leds_blink)
obj_cooja/mtype208.a(autostart.o)
                              obj_cooja/mtype208.o (autostart_start)
obj_cooja/mtype208.a(ctimer.o)
                              obj_cooja/mtype208.o (ctimer_init)
obj_cooja/mtype208.a(etimer.o)
                              obj_cooja/mtype208.o (etimer_process)
obj_cooja/mtype208.a(process.o)
                              udp-sink.co (process_current)
obj_cooja/mtype208.a(rtimer.o)
                              obj_cooja/mtype208.a(rtimer-arch.o) (rtimer_run_next)
obj_cooja/mtype208.a(timer.o)
                              obj_cooja/mtype208.a(button-sensor.o) (timer_set)
obj_cooja/mtype208.a(serial-line.o)
                              obj_cooja/collect-common.o (serial_line_event_message)
obj_cooja/mtype208.a(list.o)  obj_cooja/mtype208.a(ctimer.o) (list_init)
obj_cooja/mtype208.a(ringbuf.o)
                              obj_cooja/mtype208.a(serial-line.o) (ringbuf_init)
obj_cooja/mtype208.a(sicslowpan.o)
                              obj_cooja/mtype208.o (sicslowpan_driver)
obj_cooja/mtype208.a(uip-ds6-nbr.o)
                              obj_cooja/mtype208.a(sicslowpan.o) (uip_ds6_link_neighbor_callback)
obj_cooja/mtype208.a(uip-ds6.o)
                              udp-sink.co (uip_ds6_if)
obj_cooja/mtype208.a(uip6.o)  obj_cooja/mtype208.o (uip_lladdr)
obj_cooja/mtype208.a(tcpip.o)
                              udp-sink.co (tcpip_event)
obj_cooja/mtype208.a(uip-debug.o)
                              udp-sink.co (uip_debug_ipaddr_print)
obj_cooja/mtype208.a(uip-packetqueue)
                              obj_cooja/mtype208.a(uip-ds6-nbr.o) (uip_packetqueue_new)
obj_cooja/mtype208.a(rpl-dag.o)
                              udp-sink.co (rpl_set_root)
obj_cooja/mtype208.a(rpl-ext-header.)
                              obj_cooja/mtype208.a(uip6.o) (rpl_verify_hbh_header)
obj_cooja/mtype208.a(rpl-icmp6.o)
                              obj_cooja/mtype208.a(rpl-dag.o) (rpl_icmp6_update_nbr_table)
obj_cooja/mtype208.a(rpl-mrhof.o)
                              obj_cooja/mtype208.a(rpl-dag.o) (rpl_mrhof)
obj_cooja/mtype208.a(rpl-timers.o)
                              obj_cooja/mtype208.a(rpl-dag.o) (rpl_reset_dio_timer)
obj_cooja/mtype208.a(rpl.o)   obj_cooja/mtype208.a(rpl-icmp6.o) (rpl_get_mode)
obj_cooja/mtype208.a(link-stats.o)
                              obj_cooja/mtype208.a(rpl-dag.o) (link_stats_from_lladdr)
obj_cooja/mtype208.a(linkaddr.o)
                              obj_cooja/mtype208.o (linkaddr_node_addr)
obj_cooja/mtype208.a(nbr-table.o)
                              obj_cooja/mtype208.a(uip-ds6-nbr.o) (nbr_table_register)
obj_cooja/mtype208.a(net-debug.o)
                              obj_cooja/mtype208.a(rpl-icmp6.o) (net_debug_lladdr_print)
obj_cooja/mtype208.a(netstack.o)
                              obj_cooja/mtype208.o (netstack_init)
obj_cooja/mtype208.a(packetbuf.o)
                              obj_cooja/mtype208.a(cooja-radio.o) (packetbuf_attrs)
obj_cooja/mtype208.a(queuebuf.o)
                              obj_cooja/mtype208.o (queuebuf_init)
[...]
Memory Configuration

Name             Origin             Length             Attributes
*default*        0x0000000000000000 0xffffffffffffffff

Linker script and memory map

LOAD /usr/lib/gcc/x86_64-linux-gnu/4.8/../../../x86_64-linux-gnu/crti.o
LOAD /usr/lib/gcc/x86_64-linux-gnu/4.8/crtbeginS.o
LOAD udp-sink.co
LOAD obj_cooja/mtype208.o
LOAD obj_cooja/collect-common.o
LOAD obj_cooja/mtype208.a
LOAD /usr/lib/gcc/x86_64-linux-gnu/4.8/libgcc.a
LOAD /usr/lib/gcc/x86_64-linux-gnu/4.8/libgcc_s.so
LOAD /usr/lib/gcc/x86_64-linux-gnu/4.8/../../../x86_64-linux-gnu/libc.so
START GROUP
LOAD /lib/x86_64-linux-gnu/libc.so.6
LOAD /usr/lib/x86_64-linux-gnu/libc_nonshared.a
LOAD /lib/x86_64-linux-gnu/ld-linux-x86-64.so.2
END GROUP
LOAD /usr/lib/gcc/x86_64-linux-gnu/4.8/libgcc.a
LOAD /usr/lib/gcc/x86_64-linux-gnu/4.8/libgcc_s.so
LOAD /usr/lib/gcc/x86_64-linux-gnu/4.8/crtendS.o
LOAD /usr/lib/gcc/x86_64-linux-gnu/4.8/../../../x86_64-linux-gnu/crtn.o
                0x00000000000001c8                . = (0x0 + SIZEOF_HEADERS)

.note.gnu.build-id
                0x00000000000001c8       0x24
 *(.note.gnu.build-id)
 .note.gnu.build-id
                0x00000000000001c8       0x24 /usr/lib/gcc/x86_64-linux-gnu/4.8/../../../x86_64-linux-gnu/crti.o

.hash
 *(.hash)

.gnu.hash       0x00000000000001f0     0x1264
 *(.gnu.hash)
 .gnu.hash      0x00000000000001f0     0x1264 /usr/lib/gcc/x86_64-linux-gnu/4.8/../../../x86_64-linux-gnu/crti.o

.dynsym         0x0000000000001458     0x32e8
 *(.dynsym)
 .dynsym        0x0000000000001458     0x32e8 /usr/lib/gcc/x86_64-linux-gnu/4.8/../../../x86_64-linux-gnu/crti.o

.dynstr         0x0000000000004740     0x2395
 *(.dynstr)
 .dynstr        0x0000000000004740     0x2395 /usr/lib/gcc/x86_64-linux-gnu/4.8/../../../x86_64-linux-gnu/crti.o

.gnu.version    0x0000000000006ad6      0x43e
 *(.gnu.version)
 .gnu.version   0x0000000000006ad6      0x43e /usr/lib/gcc/x86_64-linux-gnu/4.8/../../../x86_64-linux-gnu/crti.o

.gnu.version_d  0x0000000000006f18        0x0
 *(.gnu.version_d)
 .gnu.version_d
                0x0000000000000000        0x0 /usr/lib/gcc/x86_64-linux-gnu/4.8/../../../x86_64-linux-gnu/crti.o

.gnu.version_r  0x0000000000006f18       0x50
 *(.gnu.version_r)
 .gnu.version_r
                0x0000000000006f18       0x50 /usr/lib/gcc/x86_64-linux-gnu/4.8/../../../x86_64-linux-gnu/crti.o

.rela.dyn       0x0000000000006f68     0x1a40
 *(.rela.init)
 *(.rela.text .rela.text.* .rela.gnu.linkonce.t.*)
 .rela.text     0x0000000000000000        0x0 /usr/lib/gcc/x86_64-linux-gnu/4.8/../../../x86_64-linux-gnu/crti.o
 *(.rela.fini)
 *(.rela.rodata .rela.rodata.* .rela.gnu.linkonce.r.*)
 *(.rela.data .rela.data.* .rela.gnu.linkonce.d.*)
 .rela.data.rel
                0x0000000000006f68      0x180 /usr/lib/gcc/x86_64-linux-gnu/4.8/../../../x86_64-linux-gnu/crti.o
 .rela.data.rel.local
                0x00000000000070e8      0x660 /usr/lib/gcc/x86_64-linux-gnu/4.8/../../../x86_64-linux-gnu/crti.o
 .rela.data.rel.ro
                0x0000000000007748       0x90 /usr/lib/gcc/x86_64-linux-gnu/4.8/../../../x86_64-linux-gnu/crti.o
 .rela.data.rel.ro.local
                0x00000000000077d8      0x6c0 /usr/lib/gcc/x86_64-linux-gnu/4.8/../../../x86_64-linux-gnu/crti.o
 *(.rela.tdata .rela.tdata.* .rela.gnu.linkonce.td.*)
 *(.rela.tbss .rela.tbss.* .rela.gnu.linkonce.tb.*)
 *(.rela.ctors)
 *(.rela.dtors)
 *(.rela.got)
 .rela.got      0x0000000000007e98      0xae0 /usr/lib/gcc/x86_64-linux-gnu/4.8/../../../x86_64-linux-gnu/crti.o
 *(.rela.bss .rela.bss.* .rela.gnu.linkonce.b.*)
 *(.rela.ldata .rela.ldata.* .rela.gnu.linkonce.l.*)
 *(.rela.lbss .rela.lbss.* .rela.gnu.linkonce.lb.*)
 *(.rela.lrodata .rela.lrodata.* .rela.gnu.linkonce.lr.*)
 *(.rela.ifunc)
 .rela.ifunc    0x0000000000000000        0x0 /usr/lib/gcc/x86_64-linux-gnu/4.8/../../../x86_64-linux-gnu/crti.o
 .rela.fini_array
                0x0000000000008978       0x18 /usr/lib/gcc/x86_64-linux-gnu/4.8/../../../x86_64-linux-gnu/crti.o
 .rela.init_array
                0x0000000000008990       0x18 /usr/lib/gcc/x86_64-linux-gnu/4.8/../../../x86_64-linux-gnu/crti.o

.rela.plt       0x00000000000089a8     0x1ad0
 *(.rela.plt)
 .rela.plt      0x00000000000089a8     0x1ad0 /usr/lib/gcc/x86_64-linux-gnu/4.8/../../../x86_64-linux-gnu/crti.o
 *(.rela.iplt)

.init           0x000000000000a478       0x1a
 *(SORT(.init))
 .init          0x000000000000a478       0x15 /usr/lib/gcc/x86_64-linux-gnu/4.8/../../../x86_64-linux-gnu/crti.o
                0x000000000000a478                _init
 .init          0x000000000000a48d        0x5 /usr/lib/gcc/x86_64-linux-gnu/4.8/../../../x86_64-linux-gnu/crtn.o

.plt            0x000000000000a4a0     0x11f0
 *(.plt)
 .plt           0x000000000000a4a0     0x11f0 /usr/lib/gcc/x86_64-linux-gnu/4.8/../../../x86_64-linux-gnu/crti.o
 *(.iplt)

.text           0x000000000000b690    0x169d2
 *(.text.unlikely .text.*_unlikely .text.unlikely.*)
 *(.text.exit .text.exit.*)
 *(.text.startup .text.startup.*)
 *(.text.hot .text.hot.*)
 *(.text .stub .text.* .gnu.linkonce.t.*)
 .text          0x000000000000b690        0x0 /usr/lib/gcc/x86_64-linux-gnu/4.8/../../../x86_64-linux-gnu/crti.o
 .text          0x000000000000b690       0xe5 /usr/lib/gcc/x86_64-linux-gnu/4.8/crtbeginS.o
 .text          0x000000000000b775      0x4da udp-sink.co
                0x000000000000b775                collect_common_set_sink
                0x000000000000b77b                collect_common_net_print
                0x000000000000b792                collect_common_send
                0x000000000000b798                collect_common_net_init
 .text          0x000000000000bc4f      0x79e obj_cooja/mtype208.o
                0x000000000000bdbb                contiki_init
                0x000000000000c21b                Java_org_contikios_cooja_corecomm_Lib1_init
                0x000000000000c25d                Java_org_contikios_cooja_corecomm_Lib1_getMemory
                0x000000000000c2b4                Java_org_contikios_cooja_corecomm_Lib1_setMemory
                0x000000000000c33d                Java_org_contikios_cooja_corecomm_Lib1_tick
                0x000000000000c3c0                Java_org_contikios_cooja_corecomm_Lib1_setReferenceAddress
 .text          0x000000000000c3ed      0x495 obj_cooja/collect-common.o
                0x000000000000c493                collect_common_set_send_active
                0x000000000000c4a5                collect_common_recv
 .text          0x000000000000c882       0x87 obj_cooja/mtype208.a(simEnvChange.o)
                0x000000000000c882                doActionsBeforeTick
                0x000000000000c8c5                doActionsAfterTick
 .text          0x000000000000c909       0xd5 obj_cooja/mtype208.a(cooja_mt.o)
                0x000000000000c909                cooja_mt_init
                0x000000000000c914                cooja_mt_remove
                0x000000000000c91f                cooja_mt_start
                0x000000000000c95a                cooja_mt_exec
                0x000000000000c998                cooja_mt_exit
                0x000000000000c9bb                cooja_mt_yield
 .text          0x000000000000c9de      0x15e obj_cooja/mtype208.a(cooja_mtarch.o)
                0x000000000000c9de                cooja_mtarch_init
                0x000000000000c9e4                cooja_mtarch_start
                0x000000000000ca82                cooja_sw
                0x000000000000caaa                cooja_mtarch_exec
                0x000000000000cad3                cooja_mtarch_remove
                0x000000000000cad9                cooja_mtarch_yield
                0x000000000000cae4                cooja_mtarch_pstop
                0x000000000000caea                cooja_mtarch_pstart
                0x000000000000caf0                cooja_mtarch_stack_usage
 .text          0x000000000000cb3c       0xb2 obj_cooja/mtype208.a(rtimer-arch.o)
                0x000000000000cb3c                rtimer_arch_init
                0x000000000000cb5d                rtimer_arch_schedule
                0x000000000000cb82                rtimer_arch_next
                0x000000000000cb92                rtimer_arch_pending
                0x000000000000cba1                rtimer_arch_check
                0x000000000000cbde                rtimer_arch_now
 .text          0x000000000000cbee       0xaf obj_cooja/mtype208.a(beep.o)
                0x000000000000cbee                beep_alarm
                0x000000000000cc04                beep_beep
                0x000000000000cc17                beep
                0x000000000000cc27                beep_down
                0x000000000000cc3a                beep_on
                0x000000000000cc4a                beep_off
                0x000000000000cc5a                beep_spinup
                0x000000000000cc6a                beep_quick
                0x000000000000cc7d                beep_long
 .text          0x000000000000cc9d      0x12b obj_cooja/mtype208.a(button-sensor.o)
 .text          0x000000000000cdc8       0x53 obj_cooja/mtype208.a(leds-arch.o)
                0x000000000000cdc8                leds_arch_init
                0x000000000000cdd8                leds_arch_get
                0x000000000000cde8                leds_arch_set
 .text          0x000000000000ce1b       0x37 obj_cooja/mtype208.a(moteid.o)
 .text          0x000000000000ce52       0xe1 obj_cooja/mtype208.a(pir-sensor.o)
 .text          0x000000000000cf33      0x16c obj_cooja/mtype208.a(rs232.o)
                0x000000000000cf33                rs232_init
                0x000000000000cf39                rs232_set_speed
                0x000000000000cf44                rs232_set_input
                0x000000000000cf59                rs232_send
                0x000000000000cf7f                rs232_print
                0x000000000000cfa5                slip_arch_writeb
 .text          0x000000000000d09f       0xe1 obj_cooja/mtype208.a(vib-sensor.o)
 .text          0x000000000000d180       0x53 obj_cooja/mtype208.a(clock.o)
                0x000000000000d180                clock_init
                0x000000000000d186                clock_time
                0x000000000000d196                clock_seconds
                0x000000000000d1be                clock_delay
 .text          0x000000000000d1d3      0x2dc obj_cooja/mtype208.a(log.o)
                0x000000000000d1d3                simlog_char
                0x000000000000d22b                simlog
                0x000000000000d2c6                log_message
                0x000000000000d2fc                log_set_putchar_with_slip
                0x000000000000d30e                log_putchar
                0x000000000000d38e                log_puts
                0x000000000000d3b7                log_printf
 .text          0x000000000000d4af      0x371 obj_cooja/mtype208.a(cfs-cooja.o)
                0x000000000000d4af                cfs_open
                0x000000000000d528                cfs_close
                0x000000000000d538                cfs_read
                0x000000000000d5fd                cfs_write
                0x000000000000d70d                cfs_seek
                0x000000000000d7b8                cfs_remove
                0x000000000000d7e4                cfs_opendir
                0x000000000000d7f7                cfs_readdir
                0x000000000000d80a                cfs_closedir
 .text          0x000000000000d820      0x747 obj_cooja/mtype208.a(cooja-radio.o)
                0x000000000000d897                radio_set_channel
                0x000000000000d8ac                radio_set_txpower
                0x000000000000d8c4                radio_signal_strength_last
                0x000000000000d8d3                radio_signal_strength_current
                0x000000000000d8e2                radio_LQI
 .text          0x000000000000df67      0x122 obj_cooja/mtype208.a(eeprom.o)
                0x000000000000df67                eeprom_init
                0x000000000000df6d                eeprom_read
                0x000000000000dff5                eeprom_write
 .text          0x000000000000e089       0x26 obj_cooja/mtype208.a(random.o)
                0x000000000000e089                random_init
                0x000000000000e0a4                random_rand
 .text          0x000000000000e0af      0x33d obj_cooja/mtype208.a(sensors.o)
                0x000000000000e0f4                sensors_first
                0x000000000000e104                sensors_next
                0x000000000000e12f                sensors_changed
                0x000000000000e177                sensors_find
 .text          0x000000000000e3ec      0x12f obj_cooja/mtype208.a(leds.o)
                0x000000000000e43e                leds_init
                0x000000000000e450                leds_blink
                0x000000000000e486                leds_get
                0x000000000000e491                leds_set
                0x000000000000e4ab                leds_on
                0x000000000000e4ce                leds_off
                0x000000000000e4f8                leds_toggle
 .text          0x000000000000e51b       0xb1 obj_cooja/mtype208.a(autostart.o)
                0x000000000000e51b                autostart_start
                0x000000000000e576                autostart_exit
 .text          0x000000000000e5cc      0x417 obj_cooja/mtype208.a(ctimer.o)
                0x000000000000e726                ctimer_init
                0x000000000000e756                ctimer_set
                0x000000000000e795                ctimer_set_with_process
                0x000000000000e84a                ctimer_reset
                0x000000000000e8b6                ctimer_restart
                0x000000000000e922                ctimer_stop
                0x000000000000e97b                ctimer_expired
 .text          0x000000000000e9e3      0x528 obj_cooja/mtype208.a(etimer.o)
                0x000000000000ec72                etimer_request_poll
                0x000000000000ed1b                etimer_set
                0x000000000000ed4c                etimer_reset_with_new_interval
                0x000000000000ed82                etimer_reset
                0x000000000000eda8                etimer_restart
                0x000000000000edce                etimer_adjust
                0x000000000000edfa                etimer_expired
                0x000000000000ee15                etimer_expiration_time
                0x000000000000ee31                etimer_start_time
                0x000000000000ee42                etimer_pending
                0x000000000000ee58                etimer_next_expiration_time
                0x000000000000ee75                etimer_stop
 .text          0x000000000000ef0b      0x627 obj_cooja/mtype208.a(process.o)
                0x000000000000ef0b                process_alloc_event
                0x000000000000ef21                process_start
                0x000000000000f182                process_exit
                0x000000000000f1a9                process_init
                0x000000000000f38e                process_run
                0x000000000000f3bf                process_nevents
                0x000000000000f3db                process_post
                0x000000000000f497                process_post_synch
                0x000000000000f4e0                process_poll
                0x000000000000f518                process_is_running
 .text          0x000000000000f532       0xf1 obj_cooja/mtype208.a(rtimer.o)
                0x000000000000f532                rtimer_init
                0x000000000000f53d                rtimer_set
                0x000000000000f5ba                rtimer_run_next
 .text          0x000000000000f623       0xd0 obj_cooja/mtype208.a(timer.o)
                0x000000000000f623                timer_set
                0x000000000000f64d                timer_reset
                0x000000000000f670                timer_restart
                0x000000000000f68a                timer_expired
                0x000000000000f6c1                timer_remaining
 .text          0x000000000000f6f3      0x216 obj_cooja/mtype208.a(serial-line.o)
                0x000000000000f6f3                serial_line_input_byte
                0x000000000000f8d7                serial_line_init
 .text          0x000000000000f909      0x30b obj_cooja/mtype208.a(list.o)
                0x000000000000f909                list_init
                0x000000000000f91e                list_head
                0x000000000000f92f                list_copy
                0x000000000000f94b                list_tail
                0x000000000000f990                list_add
                0x000000000000f9ef                list_push
                0x000000000000fa2d                list_chop
                0x000000000000fab6                list_pop
                0x000000000000faec                list_remove
                0x000000000000fb73                list_length
                0x000000000000fbaa                list_insert
                0x000000000000fbf5                list_item_next
 .text          0x000000000000fc14      0x188 obj_cooja/mtype208.a(ringbuf.o)
                0x000000000000fc14                ringbuf_init
                0x000000000000fc50                ringbuf_put
                0x000000000000fcdb                ringbuf_get
                0x000000000000fd55                ringbuf_size
                0x000000000000fd6d                ringbuf_elements
 .text          0x000000000000fd9c     0x1f85 obj_cooja/mtype208.a(sicslowpan.o)
                0x000000000000fe4d                rime_sniffer_add
                0x000000000000fe62                rime_sniffer_remove
                0x0000000000011cb2                sicslowpan_init
                0x0000000000011d15                sicslowpan_get_last_rssi
 .text          0x0000000000011d21      0x330 obj_cooja/mtype208.a(uip-ds6-nbr.o)
                0x0000000000011d47                uip_ds6_neighbors_init
                0x0000000000011d6e                uip_ds6_nbr_add
                0x0000000000011e00                uip_ds6_nbr_rm
                0x0000000000011e51                uip_ds6_nbr_get_ipaddr
                0x0000000000011e6d                uip_ds6_nbr_get_ll
                0x0000000000011e94                uip_ds6_nbr_num
                0x0000000000011ee8                uip_ds6_nbr_lookup
                0x0000000000011f60                uip_ds6_nbr_ll_lookup
                0x0000000000011f87                uip_ds6_nbr_ipaddr_from_lladdr
                0x0000000000011fb7                uip_ds6_nbr_lladdr_from_ipaddr
                0x0000000000011fef                uip_ds6_link_neighbor_callback
 .text          0x0000000000012051      0xd17 obj_cooja/mtype208.a(uip-ds6.o)
                0x0000000000012051                uip_ds6_init
                0x0000000000012229                uip_ds6_periodic
                0x00000000000122c7                uip_ds6_list_loop
                0x000000000001238a                uip_ds6_prefix_add
                0x0000000000012456                uip_ds6_prefix_rm
                0x000000000001246f                uip_ds6_prefix_lookup
                0x00000000000124c2                uip_ds6_is_addr_onlink
                0x0000000000012552                uip_ds6_addr_add
                0x0000000000012693                uip_ds6_addr_rm
                0x0000000000012746                uip_ds6_addr_lookup
                0x0000000000012794                uip_ds6_get_link_local
                0x0000000000012835                uip_ds6_get_global
                0x00000000000128d6                uip_ds6_maddr_add
                0x000000000001294b                uip_ds6_maddr_rm
                0x0000000000012964                uip_ds6_maddr_lookup
                0x00000000000129b5                uip_ds6_aaddr_add
                0x0000000000012a2a                uip_ds6_aaddr_rm
                0x0000000000012a43                uip_ds6_aaddr_lookup
                0x0000000000012a94                uip_ds6_select_src
                0x0000000000012c19                uip_ds6_set_addr_iid
                0x0000000000012c5b                get_match_length
                0x0000000000012d06                uip_ds6_compute_reachable_time
 .text          0x0000000000012d68     0x16f8 obj_cooja/mtype208.a(uip6.o)
                0x0000000000012e26                uip_chksum
                0x0000000000012f1c                uip_icmp6chksum
                0x0000000000012f2c                uip_udpchksum
                0x0000000000012f3c                uip_init
                0x0000000000012f98                remove_ext_hdr
                0x00000000000130a1                uip_udp_new
                0x0000000000013481                uip_process
                0x0000000000014318                uip_htons
                0x0000000000014337                uip_htonl
                0x000000000001437b                uip_send
 .text          0x0000000000014460      0x787 obj_cooja/mtype208.a(tcpip.o)
                0x0000000000014460                tcpip_output
                0x000000000001449a                tcpip_set_outputfunc
                0x00000000000144ed                udp_attach
                0x0000000000014524                udp_new
                0x000000000001458d                udp_broadcast_new
                0x000000000001472e                tcpip_input
                0x0000000000014763                tcpip_ipv6_output
                0x0000000000014ab2                tcpip_poll_udp
                0x0000000000014adb                tcpip_uipcall
 .text          0x0000000000014be7      0x17d obj_cooja/mtype208.a(uip-debug.o)
                0x0000000000014be7                uip_debug_ipaddr_print
 .text          0x0000000000014d64      0x190 obj_cooja/mtype208.a(uip-packetqueue)
                0x0000000000014d9b                uip_packetqueue_new
                0x0000000000014db0                uip_packetqueue_alloc
                0x0000000000014e23                uip_packetqueue_free
                0x0000000000014e73                uip_packetqueue_buf
                0x0000000000014e9b                uip_packetqueue_buflen
                0x0000000000014ec6                uip_packetqueue_set_buflen
 .text          0x0000000000014ef4     0x2e1d obj_cooja/mtype208.a(rpl-dag.o)
                0x0000000000014ef4                rpl_print_neighbor_list
                0x000000000001513a                rpl_get_nbr
                0x0000000000015199                rpl_dag_init
                0x00000000000151b8                rpl_get_parent
                0x00000000000151e7                rpl_get_parent_rank
                0x0000000000015228                rpl_get_parent_link_metric
                0x0000000000015299                rpl_rank_via_parent
                0x000000000001530a                rpl_get_parent_lladdr
                0x0000000000015331                rpl_get_parent_ipaddr
                0x000000000001535b                rpl_get_parent_link_stats
                0x0000000000015385                rpl_parent_is_fresh
                0x00000000000153af                rpl_parent_is_reachable
                0x0000000000015792                rpl_set_root
                0x0000000000015a3b                rpl_repair_root
                0x0000000000015ca1                rpl_set_prefix
                0x0000000000015dae                rpl_set_default_route
                0x0000000000015e31                rpl_alloc_instance
                0x0000000000015ed1                rpl_alloc_dag
                0x0000000000015f9a                rpl_set_default_instance
                0x0000000000015fb2                rpl_get_default_instance
                0x0000000000015fc2                rpl_free_instance
                0x0000000000016095                rpl_free_dag
                0x0000000000016123                rpl_add_parent
                0x00000000000161fa                rpl_find_parent
                0x0000000000016272                rpl_find_parent_any_dag
                0x00000000000162c3                rpl_select_dag
                0x0000000000016768                rpl_select_parent
                0x0000000000016855                rpl_remove_parent
                0x0000000000016888                rpl_nullify_parent
                0x0000000000016968                rpl_move_parent
                0x0000000000016a49                rpl_has_downward_route
                0x0000000000016ab6                rpl_get_dag
                0x0000000000016c1f                rpl_get_any_dag
                0x0000000000016ca5                rpl_get_instance
                0x0000000000016d28                rpl_find_of
                0x0000000000016d66                rpl_join_instance
                0x000000000001707f                rpl_add_dag
                0x00000000000174bd                rpl_local_repair
                0x00000000000175e0                rpl_recalculate_ranks
                0x0000000000017682                rpl_process_parent_event
                0x00000000000177d5                rpl_process_dio
 .text          0x0000000000017d11      0xc75 obj_cooja/mtype208.a(rpl-ext-header.)
                0x0000000000017d37                rpl_verify_hbh_header
                0x00000000000186ac                rpl_remove_header
                0x0000000000018878                rpl_update_header
 .text          0x0000000000018986     0x2746 obj_cooja/mtype208.a(rpl-icmp6.o)
                0x0000000000018cbd                rpl_icmp6_update_nbr_table
                0x0000000000018ee8                dis_output
                0x00000000000198a0                dio_output
                0x000000000001ab0d                dao_output
                0x000000000001abed                dao_output_target
                0x000000000001b080                dao_ack_output
                0x000000000001b096                rpl_icmp6_register_handlers
 .text          0x000000000001b0cc      0x36c obj_cooja/mtype208.a(rpl-mrhof.o)
 .text          0x000000000001b438      0x9c8 obj_cooja/mtype208.a(rpl-timers.o)
                0x000000000001b707                rpl_reset_periodic_timer
                0x000000000001b765                rpl_reset_dio_timer
                0x000000000001b9d1                rpl_schedule_dao
                0x000000000001b9f0                rpl_schedule_dao_immediately
                0x000000000001ba0f                rpl_cancel_dao
                0x000000000001ba88                rpl_schedule_unicast_dio_immediately
                0x000000000001bab9                get_probing_delay
                0x000000000001bb56                get_probing_target
                0x000000000001bdc1                rpl_schedule_probing
 .text          0x000000000001be00      0x6d6 obj_cooja/mtype208.a(rpl.o)
                0x000000000001be00                rpl_get_mode
                0x000000000001be0c                rpl_set_mode
                0x000000000001bec8                rpl_purge_routes
                0x000000000001c019                rpl_remove_routes
                0x000000000001c06e                rpl_remove_routes_by_nexthop
                0x000000000001c0df                rpl_add_route
                0x000000000001c18e                rpl_link_neighbor_callback
                0x000000000001c276                rpl_ipv6_neighbor_callback
                0x000000000001c2fc                rpl_purge_dags
                0x000000000001c450                rpl_init
 .text          0x000000000001c4d6      0x37e obj_cooja/mtype208.a(link-stats.o)
                0x000000000001c4f3                link_stats_from_lladdr
                0x000000000001c517                link_stats_is_fresh
                0x000000000001c55c                guess_etx_from_rssi
                0x000000000001c5dd                link_stats_packet_sent
                0x000000000001c6fe                link_stats_input_callback
                0x000000000001c81a                link_stats_init
 .text          0x000000000001c854       0x80 obj_cooja/mtype208.a(linkaddr.o)
                0x000000000001c854                linkaddr_copy
                0x000000000001c87e                linkaddr_cmp
                0x000000000001c8b0                linkaddr_set_node_addr
 .text          0x000000000001c8d4      0x9b1 obj_cooja/mtype208.a(nbr-table.o)
                0x000000000001ce69                nbr_table_register
                0x000000000001ced0                nbr_table_head
                0x000000000001cf37                nbr_table_next
                0x000000000001cfad                nbr_table_add_lladdr
                0x000000000001d09f                nbr_table_get_from_lladdr
                0x000000000001d0f7                nbr_table_remove
                0x000000000001d147                nbr_table_lock
                0x000000000001d175                nbr_table_unlock
                0x000000000001d1a3                nbr_table_get_lladdr
                0x000000000001d1e2                nbr_table_update_lladdr
 .text          0x000000000001d285       0x73 obj_cooja/mtype208.a(net-debug.o)
                0x000000000001d285                net_debug_lladdr_print
 .text          0x000000000001d2f8       0x46 obj_cooja/mtype208.a(netstack.o)
                0x000000000001d2f8                netstack_init
 .text          0x000000000001d33e      0x42a obj_cooja/mtype208.a(packetbuf.o)
                0x000000000001d33e                packetbuf_clear
                0x000000000001d367                packetbuf_copyfrom
                0x000000000001d3bd                packetbuf_compact
                0x000000000001d447                packetbuf_copyto
                0x000000000001d4e7                packetbuf_hdralloc
                0x000000000001d571                packetbuf_hdrreduce
                0x000000000001d5bf                packetbuf_set_datalen
                0x000000000001d5d6                packetbuf_dataptr
                0x000000000001d5f8                packetbuf_hdrptr
                0x000000000001d605                packetbuf_datalen
                0x000000000001d612                packetbuf_hdrlen
                0x000000000001d62a                packetbuf_totlen
                0x000000000001d649                packetbuf_remaininglen
                0x000000000001d65d                packetbuf_attr_clear
                0x000000000001d6bc                packetbuf_attr_copyto
                0x000000000001d702                packetbuf_attr_copyfrom
                0x000000000001d748                packetbuf_holds_broadcast
 .text          0x000000000001d768      0x31f obj_cooja/mtype208.a(queuebuf.o)
                0x000000000001d779                queuebuf_init
                0x000000000001d797                queuebuf_numfree
                0x000000000001d7a9                queuebuf_new_from_packetbuf
                0x000000000001d84b                queuebuf_update_attr_from_packetbuf
                0x000000000001d889                queuebuf_update_from_packetbuf
                0x000000000001d8e0                queuebuf_free
                0x000000000001d92e                queuebuf_to_packetbuf
                0x000000000001d99f                queuebuf_dataptr
                0x000000000001d9df                queuebuf_datalen
                0x000000000001da0b                queuebuf_addr
                0x000000000001da4a                queuebuf_attr
                0x000000000001da81                queuebuf_debug_print
 .text          0x000000000001da87      0x93b obj_cooja/mtype208.a(csma.o)
 .text          0x000000000001e3c2      0x3fa obj_cooja/mtype208.a(framer-802154.o)
 .text          0x000000000001e7bc       0x47 obj_cooja/mtype208.a(mac.o)
                0x000000000001e7bc                mac_call_sent_callback
 .text          0x000000000001e803      0x4de obj_cooja/mtype208.a(nullrdc.o)
 .text          0x000000000001ece1       0x81 obj_cooja/mtype208.a(nullsec.o)
 .text          0x000000000001ed62       0x1e obj_cooja/mtype208.a(watchdog.o)
                0x000000000001ed62                watchdog_init
                0x000000000001ed68                watchdog_start
                0x000000000001ed6e                watchdog_periodic
                0x000000000001ed74                watchdog_stop
                0x000000000001ed7a                watchdog_reboot
 .text          0x000000000001ed80        0x0 obj_cooja/mtype208.a(rimestats.o)
 .text          0x000000000001ed80       0xf4 obj_cooja/mtype208.a(stimer.o)
                0x000000000001ed80                stimer_set
                0x000000000001edaa                stimer_reset
                0x000000000001edcd                stimer_restart
                0x000000000001ede7                stimer_expired
                0x000000000001ee25                stimer_remaining
                0x000000000001ee57                stimer_elapsed
 .text          0x000000000001ee74      0x20d obj_cooja/mtype208.a(memb.o)
                0x000000000001ee74                memb_init
                0x000000000001eed2                memb_alloc
                0x000000000001ef4a                memb_free
                0x000000000001efe2                memb_inmemb
                0x000000000001f035                memb_numfree
 .text          0x000000000001f081      0xae1 obj_cooja/mtype208.a(uip-ds6-route.o)
                0x000000000001f103                uip_ds6_notification_add
                0x000000000001f145                uip_ds6_notification_rm
                0x000000000001f169                uip_ds6_route_init
                0x000000000001f206                uip_ds6_route_nexthop
                0x000000000001f236                uip_ds6_route_head
                0x000000000001f24b                uip_ds6_route_next
                0x000000000001f27b                uip_ds6_route_is_nexthop
                0x000000000001f2c9                uip_ds6_route_num_routes
                0x000000000001f2d5                uip_ds6_route_lookup
                0x000000000001f3ae                uip_ds6_route_add
                0x000000000001f658                uip_ds6_route_rm
                0x000000000001f862                uip_ds6_route_rm_by_nexthop
                0x000000000001f8a9                uip_ds6_defrt_head
                0x000000000001f8be                uip_ds6_defrt_add
                0x000000000001f97b                uip_ds6_defrt_rm
                0x000000000001fa07                uip_ds6_defrt_lookup
                0x000000000001fa6c                uip_ds6_defrt_choose
                0x000000000001faeb                uip_ds6_defrt_periodic
 .text          0x000000000001fb62      0xb57 obj_cooja/mtype208.a(uip-icmp6.o)
                0x000000000001fbdb                uip_icmp6_input
                0x000000000001fc35                uip_icmp6_register_input_handler
                0x000000000001feb4                uip_icmp6_error_output
                0x00000000000202f2                uip_icmp6_send
                0x0000000000020635                uip_icmp6_echo_reply_callback_add
                0x0000000000020677                uip_icmp6_echo_reply_callback_rm
                0x000000000002069b                uip_icmp6_init
 .text          0x00000000000206b9      0x85b obj_cooja/mtype208.a(uip-nd6.o)
                0x0000000000020f02                uip_nd6_init
 .text          0x0000000000020f14      0x399 obj_cooja/mtype208.a(rpl-nbr-policy.)
                0x000000000002111f                find_removable_dis
                0x000000000002114b                find_removable_dio
                0x00000000000211e0                find_removable_dao
                0x0000000000021241                rpl_nbr_policy_find_removable
 .text          0x00000000000212ad      0xb9a obj_cooja/mtype208.a(frame802154.o)
                0x00000000000212db                frame802154_get_pan_id
                0x00000000000212e8                frame802154_set_pan_id
                0x00000000000212ff                frame802154_has_panid
                0x00000000000214d8                frame802154_check_dest_panid
                0x0000000000021550                frame802154_is_broadcast_addr
                0x00000000000215a3                frame802154_extract_linkaddr
                0x0000000000021815                frame802154_hdrlen
                0x000000000002186d                frame802154_create_fcf
                0x000000000002193a                frame802154_create
                0x0000000000021aaf                frame802154_parse_fcf
                0x0000000000021b7a                frame802154_parse
 .text          0x0000000000021e47      0x21b obj_cooja/mtype208.a(mac-sequence.o)
                0x0000000000021e8a                mac_sequence_is_duplicate
                0x0000000000021f65                mac_sequence_register_seqno
 .text          0x0000000000022062        0x0 /usr/lib/gcc/x86_64-linux-gnu/4.8/crtendS.o
 .text          0x0000000000022062        0x0 /usr/lib/gcc/x86_64-linux-gnu/4.8/../../../x86_64-linux-gnu/crtn.o
 *(.gnu.warning)

.fini           0x0000000000022064        0x9
 *(SORT(.fini))
 .fini          0x0000000000022064        0x4 /usr/lib/gcc/x86_64-linux-gnu/4.8/../../../x86_64-linux-gnu/crti.o
                0x0000000000022064                _fini
 .fini          0x0000000000022068        0x5 /usr/lib/gcc/x86_64-linux-gnu/4.8/../../../x86_64-linux-gnu/crtn.o
                0x000000000002206d                PROVIDE (__etext, .)
                0x000000000002206d                PROVIDE (_etext, .)
                0x000000000002206d                PROVIDE (etext, .)

.rodata         0x0000000000022070      0xf7f
 *(.rodata .rodata.* .gnu.linkonce.r.*)
 .rodata        0x0000000000022070       0xed udp-sink.co
 *fill*         0x000000000002215d        0x3 
 .rodata        0x0000000000022160      0x147 obj_cooja/mtype208.o
 *fill*         0x00000000000222a7        0x1 
 .rodata        0x00000000000222a8       0xd6 obj_cooja/collect-common.o
 .rodata        0x000000000002237e        0x7 obj_cooja/mtype208.a(button-sensor.o)
 .rodata        0x0000000000022385        0x4 obj_cooja/mtype208.a(pir-sensor.o)
 .rodata        0x0000000000022389        0x6 obj_cooja/mtype208.a(rs232.o)
 .rodata        0x000000000002238f        0xa obj_cooja/mtype208.a(vib-sensor.o)
 *fill*         0x0000000000022399        0x7 
 .rodata        0x00000000000223a0       0x27 obj_cooja/mtype208.a(cfs-cooja.o)
 .rodata        0x00000000000223c7       0x23 obj_cooja/mtype208.a(cooja-radio.o)
 .rodata        0x00000000000223ea        0x8 obj_cooja/mtype208.a(sensors.o)
 .rodata        0x00000000000223f2        0xf obj_cooja/mtype208.a(ctimer.o)
 .rodata        0x0000000000022401        0xc obj_cooja/mtype208.a(etimer.o)
 .rodata        0x000000000002240d        0xe obj_cooja/mtype208.a(serial-line.o)
 .rodata        0x000000000002241b       0x1d obj_cooja/mtype208.a(sicslowpan.o)
                0x000000000002241b                unc_llconf
                0x000000000002241f                unc_ctxconf
                0x0000000000022423                unc_mxconf
                0x0000000000022427                llprefix
 .rodata        0x0000000000022438       0xf4 obj_cooja/mtype208.a(uip6.o)
 .rodata        0x000000000002252c        0xd obj_cooja/mtype208.a(tcpip.o)
 .rodata        0x0000000000022539       0x2a obj_cooja/mtype208.a(uip-debug.o)
 *fill*         0x0000000000022563        0x5 
 .rodata        0x0000000000022568       0x89 obj_cooja/mtype208.a(rpl-dag.o)
 *fill*         0x00000000000225f1        0x7 
 .rodata        0x00000000000225f8      0x933 obj_cooja/mtype208.a(rpl-icmp6.o)
 .rodata        0x0000000000022f2b       0x34 obj_cooja/mtype208.a(rpl.o)
 .rodata        0x0000000000022f5f        0x8 obj_cooja/mtype208.a(linkaddr.o)
                0x0000000000022f5f                linkaddr_null
 .rodata        0x0000000000022f67       0x16 obj_cooja/mtype208.a(net-debug.o)
 .rodata        0x0000000000022f7d        0x5 obj_cooja/mtype208.a(csma.o)
 .rodata        0x0000000000022f82        0x8 obj_cooja/mtype208.a(nullrdc.o)
 .rodata        0x0000000000022f8a        0x8 obj_cooja/mtype208.a(nullsec.o)
 *fill*         0x0000000000022f92        0x6 
 .rodata        0x0000000000022f98       0x57 obj_cooja/mtype208.a(uip-ds6-route.o)

.rodata1
 *(.rodata1)

.eh_frame_hdr   0x0000000000022ff0     0x135c
 *(.eh_frame_hdr)
 .eh_frame_hdr  0x0000000000022ff0     0x135c udp-sink.co

.eh_frame       0x0000000000024350     0x4e64
 *(.eh_frame)
 .eh_frame      0x0000000000024350       0x40 /usr/lib/gcc/x86_64-linux-gnu/4.8/../../../x86_64-linux-gnu/crti.o
 .eh_frame      0x0000000000024390       0xe8 udp-sink.co
                                        0x100 (size before relaxing)
 .eh_frame      0x0000000000024478      0x148 obj_cooja/mtype208.o
                                        0x158 (size before relaxing)
 .eh_frame      0x00000000000245c0       0xa0 obj_cooja/collect-common.o
                                         0xb8 (size before relaxing)
 .eh_frame      0x0000000000024660       0x40 obj_cooja/mtype208.a(simEnvChange.o)
                                         0x58 (size before relaxing)
 .eh_frame      0x00000000000246a0       0xc0 obj_cooja/mtype208.a(cooja_mt.o)
                                         0xd8 (size before relaxing)
 .eh_frame      0x0000000000024760      0x120 obj_cooja/mtype208.a(cooja_mtarch.o)
                                        0x138 (size before relaxing)
 .eh_frame      0x0000000000024880       0xc0 obj_cooja/mtype208.a(rtimer-arch.o)
                                         0xd8 (size before relaxing)
 .eh_frame      0x0000000000024940      0x160 obj_cooja/mtype208.a(beep.o)
                                        0x178 (size before relaxing)
 .eh_frame      0x0000000000024aa0       0xa0 obj_cooja/mtype208.a(button-sensor.o)
                                         0xb8 (size before relaxing)
 .eh_frame      0x0000000000024b40       0xa0 obj_cooja/mtype208.a(leds-arch.o)
                                         0xb8 (size before relaxing)
 .eh_frame      0x0000000000024be0       0x40 obj_cooja/mtype208.a(moteid.o)
                                         0x58 (size before relaxing)
 .eh_frame      0x0000000000024c20       0xa0 obj_cooja/mtype208.a(pir-sensor.o)
                                         0xb8 (size before relaxing)
 .eh_frame      0x0000000000024cc0      0x100 obj_cooja/mtype208.a(rs232.o)
                                        0x118 (size before relaxing)
 .eh_frame      0x0000000000024dc0       0xa0 obj_cooja/mtype208.a(vib-sensor.o)
                                         0xb8 (size before relaxing)
 .eh_frame      0x0000000000024e60       0xc0 obj_cooja/mtype208.a(clock.o)
                                         0xd8 (size before relaxing)
 .eh_frame      0x0000000000024f20      0x128 obj_cooja/mtype208.a(log.o)
                                        0x140 (size before relaxing)
 .eh_frame      0x0000000000025048      0x160 obj_cooja/mtype208.a(cfs-cooja.o)
                                        0x178 (size before relaxing)
 .eh_frame      0x00000000000251a8      0x360 obj_cooja/mtype208.a(cooja-radio.o)
                                        0x378 (size before relaxing)
 .eh_frame      0x0000000000025508       0xa0 obj_cooja/mtype208.a(eeprom.o)
                                         0xb8 (size before relaxing)
 .eh_frame      0x00000000000255a8       0x40 obj_cooja/mtype208.a(random.o)
                                         0x58 (size before relaxing)
 .eh_frame      0x00000000000255e8       0xc0 obj_cooja/mtype208.a(sensors.o)
                                         0xd8 (size before relaxing)
 .eh_frame      0x00000000000256a8      0x100 obj_cooja/mtype208.a(leds.o)
                                        0x118 (size before relaxing)
 .eh_frame      0x00000000000257a8       0x40 obj_cooja/mtype208.a(autostart.o)
                                         0x58 (size before relaxing)
 .eh_frame      0x00000000000257e8      0x100 obj_cooja/mtype208.a(ctimer.o)
                                        0x118 (size before relaxing)
 .eh_frame      0x00000000000258e8      0x1e0 obj_cooja/mtype208.a(etimer.o)
                                        0x1f8 (size before relaxing)
 .eh_frame      0x0000000000025ac8      0x1c8 obj_cooja/mtype208.a(process.o)
                                        0x1e0 (size before relaxing)
 .eh_frame      0x0000000000025c90       0x60 obj_cooja/mtype208.a(rtimer.o)
                                         0x78 (size before relaxing)
 .eh_frame      0x0000000000025cf0       0xa0 obj_cooja/mtype208.a(timer.o)
                                         0xb8 (size before relaxing)
 .eh_frame      0x0000000000025d90       0x60 obj_cooja/mtype208.a(serial-line.o)
                                         0x78 (size before relaxing)
 .eh_frame      0x0000000000025df0      0x180 obj_cooja/mtype208.a(list.o)
                                        0x198 (size before relaxing)
 .eh_frame      0x0000000000025f70       0xa0 obj_cooja/mtype208.a(ringbuf.o)
                                         0xb8 (size before relaxing)
 .eh_frame      0x0000000000026010      0x288 obj_cooja/mtype208.a(sicslowpan.o)
                                        0x2a0 (size before relaxing)
 .eh_frame      0x0000000000026298      0x180 obj_cooja/mtype208.a(uip-ds6-nbr.o)
                                        0x198 (size before relaxing)
 .eh_frame      0x0000000000026418      0x2c8 obj_cooja/mtype208.a(uip-ds6.o)
                                        0x2e0 (size before relaxing)
 .eh_frame      0x00000000000266e0      0x1b0 obj_cooja/mtype208.a(uip6.o)
                                        0x1c0 (size before relaxing)
 .eh_frame      0x0000000000026890      0x1b0 obj_cooja/mtype208.a(tcpip.o)
                                        0x1c0 (size before relaxing)
 .eh_frame      0x0000000000026a40       0x20 obj_cooja/mtype208.a(uip-debug.o)
                                         0x38 (size before relaxing)
 .eh_frame      0x0000000000026a60       0xe0 obj_cooja/mtype208.a(uip-packetqueue)
                                         0xf8 (size before relaxing)
 .eh_frame      0x0000000000026b40      0x728 obj_cooja/mtype208.a(rpl-dag.o)
                                        0x730 (size before relaxing)
 .eh_frame      0x0000000000027268       0xc0 obj_cooja/mtype208.a(rpl-ext-header.)
                                         0xd8 (size before relaxing)
 .eh_frame      0x0000000000027328      0x2a8 obj_cooja/mtype208.a(rpl-icmp6.o)
                                        0x2c0 (size before relaxing)
 .eh_frame      0x00000000000275d0      0x128 obj_cooja/mtype208.a(rpl-mrhof.o)
                                        0x140 (size before relaxing)
 .eh_frame      0x00000000000276f8      0x230 obj_cooja/mtype208.a(rpl-timers.o)
                                        0x240 (size before relaxing)
 .eh_frame      0x0000000000027928      0x140 obj_cooja/mtype208.a(rpl.o)
                                        0x158 (size before relaxing)
 .eh_frame      0x0000000000027a68      0x100 obj_cooja/mtype208.a(link-stats.o)
                                        0x118 (size before relaxing)
 .eh_frame      0x0000000000027b68       0x60 obj_cooja/mtype208.a(linkaddr.o)
                                         0x78 (size before relaxing)
 .eh_frame      0x0000000000027bc8      0x2a0 obj_cooja/mtype208.a(nbr-table.o)
                                        0x2b8 (size before relaxing)
 .eh_frame      0x0000000000027e68       0x20 obj_cooja/mtype208.a(net-debug.o)
                                         0x38 (size before relaxing)
 .eh_frame      0x0000000000027e88       0x20 obj_cooja/mtype208.a(netstack.o)
                                         0x38 (size before relaxing)
 .eh_frame      0x0000000000027ea8      0x230 obj_cooja/mtype208.a(packetbuf.o)
                                        0x240 (size before relaxing)
 .eh_frame      0x00000000000280d8      0x1a0 obj_cooja/mtype208.a(queuebuf.o)
                                        0x1b8 (size before relaxing)
 .eh_frame      0x0000000000028278      0x290 obj_cooja/mtype208.a(csma.o)
                                        0x2a0 (size before relaxing)
 .eh_frame      0x0000000000028508      0x108 obj_cooja/mtype208.a(framer-802154.o)
                                        0x120 (size before relaxing)
 .eh_frame      0x0000000000028610       0x20 obj_cooja/mtype208.a(mac.o)
                                         0x38 (size before relaxing)
 .eh_frame      0x0000000000028630      0x168 obj_cooja/mtype208.a(nullrdc.o)
                                        0x180 (size before relaxing)
 .eh_frame      0x0000000000028798       0x80 obj_cooja/mtype208.a(nullsec.o)
                                         0x98 (size before relaxing)
 .eh_frame      0x0000000000028818       0xa0 obj_cooja/mtype208.a(watchdog.o)
                                         0xb8 (size before relaxing)
 .eh_frame      0x00000000000288b8       0xc0 obj_cooja/mtype208.a(stimer.o)
                                         0xd8 (size before relaxing)
 .eh_frame      0x0000000000028978       0xa0 obj_cooja/mtype208.a(memb.o)
                                         0xb8 (size before relaxing)
 .eh_frame      0x0000000000028a18      0x2c0 obj_cooja/mtype208.a(uip-ds6-route.o)
                                        0x2d8 (size before relaxing)
 .eh_frame      0x0000000000028cd8      0x158 obj_cooja/mtype208.a(uip-icmp6.o)
                                        0x168 (size before relaxing)
 .eh_frame      0x0000000000028e30       0x88 obj_cooja/mtype208.a(uip-nd6.o)
                                         0xa0 (size before relaxing)
 .eh_frame      0x0000000000028eb8       0xc0 obj_cooja/mtype208.a(rpl-nbr-policy.)
                                         0xd8 (size before relaxing)
 .eh_frame      0x0000000000028f78      0x1a8 obj_cooja/mtype208.a(frame802154.o)
                                        0x1c0 (size before relaxing)
 .eh_frame      0x0000000000029120       0x90 obj_cooja/mtype208.a(mac-sequence.o)
                                         0xa0 (size before relaxing)
 .eh_frame      0x00000000000291b0        0x4 /usr/lib/gcc/x86_64-linux-gnu/4.8/crtendS.o

.gcc_except_table
 *(.gcc_except_table .gcc_except_table.*)

.exception_ranges
 *(.exception_ranges .exception_ranges*)
                0x00000000000291b4                . = (ALIGN (0x200000) - ((0x200000 - .) & 0x1fffff))
                0x0000000000229774                . = DATA_SEGMENT_ALIGN (0x200000, 0x1000)

.eh_frame
 *(.eh_frame)

.gcc_except_table
 *(.gcc_except_table .gcc_except_table.*)

.exception_ranges
 *(.exception_ranges .exception_ranges*)

.tdata
 *(.tdata .tdata.* .gnu.linkonce.td.*)

.tbss
 *(.tbss .tbss.* .gnu.linkonce.tb.*)
 *(.tcommon)

.preinit_array
 *(.preinit_array)

.init_array     0x0000000000229778        0x8
 *(SORT(.init_array.*) SORT(.ctors.*))
 *(.init_array EXCLUDE_FILE(*crtend?.o *crtend.o *crtbegin?.o *crtbegin.o) .ctors)
 .init_array    0x0000000000229778        0x8 /usr/lib/gcc/x86_64-linux-gnu/4.8/crtbeginS.o

.fini_array     0x0000000000229780        0x8
 *(SORT(.fini_array.*) SORT(.dtors.*))
 *(.fini_array EXCLUDE_FILE(*crtend?.o *crtend.o *crtbegin?.o *crtbegin.o) .dtors)
 .fini_array    0x0000000000229780        0x8 /usr/lib/gcc/x86_64-linux-gnu/4.8/crtbeginS.o

.ctors
 *crtbegin.o(.ctors)
 *crtbegin?.o(.ctors)
 *(EXCLUDE_FILE(*crtend?.o *crtend.o) .ctors)
 *(SORT(.ctors.*))
 *(.ctors)

.dtors
 *crtbegin.o(.dtors)
 *crtbegin?.o(.dtors)
 *(EXCLUDE_FILE(*crtend?.o *crtend.o) .dtors)
 *(SORT(.dtors.*))
 *(.dtors)

.jcr            0x0000000000229788        0x8
 *(.jcr)
 .jcr           0x0000000000229788        0x0 /usr/lib/gcc/x86_64-linux-gnu/4.8/crtbeginS.o
 .jcr           0x0000000000229788        0x8 /usr/lib/gcc/x86_64-linux-gnu/4.8/crtendS.o

.data.rel.ro    0x00000000002297a0      0x300
 *(.data.rel.ro.local* .gnu.linkonce.d.rel.ro.local.*)
 .data.rel.ro.local
                0x00000000002297a0       0x10 obj_cooja/mtype208.a(beep.o)
                0x00000000002297a0                beep_interface
 *fill*         0x00000000002297b0       0x10 
 .data.rel.ro.local
                0x00000000002297c0       0x40 obj_cooja/mtype208.a(button-sensor.o)
                0x00000000002297c0                button_interface
                0x00000000002297e0                button_sensor
 .data.rel.ro.local
                0x0000000000229800       0x10 obj_cooja/mtype208.a(leds-arch.o)
                0x0000000000229800                leds_interface
 .data.rel.ro.local
                0x0000000000229810       0x10 obj_cooja/mtype208.a(moteid.o)
                0x0000000000229810                moteid_interface
 .data.rel.ro.local
                0x0000000000229820       0x40 obj_cooja/mtype208.a(pir-sensor.o)
                0x0000000000229820                pir_interface
                0x0000000000229840                pir_sensor
 .data.rel.ro.local
                0x0000000000229860       0x10 obj_cooja/mtype208.a(rs232.o)
                0x0000000000229860                rs232_interface
 *fill*         0x0000000000229870       0x10 
 .data.rel.ro.local
                0x0000000000229880       0x40 obj_cooja/mtype208.a(vib-sensor.o)
                0x0000000000229880                vib_interface
                0x00000000002298a0                vib_sensor
 .data.rel.ro.local
                0x00000000002298c0       0x10 obj_cooja/mtype208.a(clock.o)
                0x00000000002298c0                clock_interface
 .data.rel.ro.local
                0x00000000002298d0       0x10 obj_cooja/mtype208.a(log.o)
                0x00000000002298d0                simlog_interface
 .data.rel.ro.local
                0x00000000002298e0       0x10 obj_cooja/mtype208.a(cfs-cooja.o)
                0x00000000002298e0                cfs_interface
 *fill*         0x00000000002298f0       0x10 
 .data.rel.ro.local
                0x0000000000229900       0x90 obj_cooja/mtype208.a(cooja-radio.o)
                0x0000000000229900                radio_interface
                0x0000000000229920                cooja_radio_driver
 .data.rel.ro.local
                0x0000000000229990       0x10 obj_cooja/mtype208.a(eeprom.o)
                0x0000000000229990                eeprom_interface
 .data.rel.ro.local
                0x00000000002299a0       0x38 obj_cooja/mtype208.a(csma.o)
                0x00000000002299a0                csma_driver
 *fill*         0x00000000002299d8        0x8 
 .data.rel.ro.local
                0x00000000002299e0       0x18 obj_cooja/mtype208.a(framer-802154.o)
                0x00000000002299e0                framer_802154
 *fill*         0x00000000002299f8        0x8 
 .data.rel.ro.local
                0x0000000000229a00       0x40 obj_cooja/mtype208.a(nullrdc.o)
                0x0000000000229a00                nullrdc_driver
 .data.rel.ro.local
                0x0000000000229a40       0x20 obj_cooja/mtype208.a(nullsec.o)
                0x0000000000229a40                nullsec_driver
 *(.data.rel.ro .data.rel.ro.* .gnu.linkonce.d.rel.ro.*)
 .data.rel.ro   0x0000000000229a60       0x18 udp-sink.co
                0x0000000000229a60                autostart_processes
 *fill*         0x0000000000229a78        0x8 
 .data.rel.ro   0x0000000000229a80       0x18 obj_cooja/mtype208.a(sicslowpan.o)
                0x0000000000229a80                sicslowpan_driver
 .data.rel.ro   0x0000000000229a98        0x8 obj_cooja/mtype208.a(rpl-dag.o)

.dynamic        0x0000000000229aa0      0x1c0
 *(.dynamic)
 .dynamic       0x0000000000229aa0      0x1c0 /usr/lib/gcc/x86_64-linux-gnu/4.8/../../../x86_64-linux-gnu/crti.o
                0x0000000000229aa0                _DYNAMIC

.got            0x0000000000229c60      0x3a0
 *(.got)
 .got           0x0000000000229c60      0x3a0 /usr/lib/gcc/x86_64-linux-gnu/4.8/../../../x86_64-linux-gnu/crti.o
 *(.igot)
                0x000000000022afe8                . = DATA_SEGMENT_RELRO_END (., (SIZEOF (.got.plt) >= 0x18)?0x18:0x0)

.got.plt        0x000000000022a000      0x908
 *(.got.plt)
 .got.plt       0x000000000022a000      0x908 /usr/lib/gcc/x86_64-linux-gnu/4.8/../../../x86_64-linux-gnu/crti.o
                0x000000000022a000                _GLOBAL_OFFSET_TABLE_
 *(.igot.plt)

.data           0x000000000022a920      0x54a
 *(.data .data.* .gnu.linkonce.d.*)
 .data          0x000000000022a920        0x0 /usr/lib/gcc/x86_64-linux-gnu/4.8/../../../x86_64-linux-gnu/crti.o
 .data          0x000000000022a920        0x0 /usr/lib/gcc/x86_64-linux-gnu/4.8/crtbeginS.o
 .data.rel      0x000000000022a920        0x8 /usr/lib/gcc/x86_64-linux-gnu/4.8/crtbeginS.o
                0x000000000022a920                __dso_handle
 .data          0x000000000022a928        0x0 udp-sink.co
 *fill*         0x000000000022a928       0x18 
 .data.rel.local
                0x000000000022a940       0x20 udp-sink.co
                0x000000000022a940                udp_server_process
 .data          0x000000000022a960        0x0 obj_cooja/mtype208.o
 .data.rel      0x000000000022a960       0xa0 obj_cooja/mtype208.o
                0x000000000022a960                simInterfaces
                0x000000000022a9e0                sensors
 .data          0x000000000022aa00        0x4 obj_cooja/collect-common.o
 *fill*         0x000000000022aa04       0x1c 
 .data.rel.local
                0x000000000022aa20       0x20 obj_cooja/collect-common.o
                0x000000000022aa20                collect_common_process
 .data          0x000000000022aa40        0x0 obj_cooja/mtype208.a(simEnvChange.o)
 .data          0x000000000022aa40        0x0 obj_cooja/mtype208.a(cooja_mt.o)
 .data          0x000000000022aa40        0x0 obj_cooja/mtype208.a(cooja_mtarch.o)
 .data          0x000000000022aa40        0x0 obj_cooja/mtype208.a(rtimer-arch.o)
 .data          0x000000000022aa40        0x0 obj_cooja/mtype208.a(beep.o)
 .data          0x000000000022aa40        0x0 obj_cooja/mtype208.a(button-sensor.o)
 .data          0x000000000022aa40        0x0 obj_cooja/mtype208.a(leds-arch.o)
 .data          0x000000000022aa40        0x0 obj_cooja/mtype208.a(moteid.o)
 .data          0x000000000022aa40        0x0 obj_cooja/mtype208.a(pir-sensor.o)
 .data          0x000000000022aa40        0x0 obj_cooja/mtype208.a(rs232.o)
 .data          0x000000000022aa40        0x0 obj_cooja/mtype208.a(vib-sensor.o)
 .data          0x000000000022aa40        0x0 obj_cooja/mtype208.a(clock.o)
 .data          0x000000000022aa40        0x0 obj_cooja/mtype208.a(log.o)
 .data          0x000000000022aa40        0x0 obj_cooja/mtype208.a(cfs-cooja.o)
 .data          0x000000000022aa40       0x1c obj_cooja/mtype208.a(cooja-radio.o)
                0x000000000022aa40                simRadioHWOn
                0x000000000022aa44                simSignalStrength
                0x000000000022aa48                simLastSignalStrength
                0x000000000022aa4c                simPower
                0x000000000022aa50                simRadioChannel
                0x000000000022aa54                simLQI
 *fill*         0x000000000022aa5c        0x4 
 .data.rel.local
                0x000000000022aa60       0x20 obj_cooja/mtype208.a(cooja-radio.o)
                0x000000000022aa60                cooja_radio_process
 .data          0x000000000022aa80        0x0 obj_cooja/mtype208.a(eeprom.o)
 .data          0x000000000022aa80        0x0 obj_cooja/mtype208.a(random.o)
 .data          0x000000000022aa80        0x0 obj_cooja/mtype208.a(sensors.o)
 .data.rel.local
                0x000000000022aa80       0x20 obj_cooja/mtype208.a(sensors.o)
                0x000000000022aa80                sensors_process
 .data          0x000000000022aaa0        0x0 obj_cooja/mtype208.a(leds.o)
 .data          0x000000000022aaa0        0x0 obj_cooja/mtype208.a(autostart.o)
 .data          0x000000000022aaa0        0x0 obj_cooja/mtype208.a(ctimer.o)
 .data.rel.local
                0x000000000022aaa0       0x40 obj_cooja/mtype208.a(ctimer.o)
                0x000000000022aac0                ctimer_process
 .data          0x000000000022aae0        0x0 obj_cooja/mtype208.a(etimer.o)
 .data.rel.local
                0x000000000022aae0       0x20 obj_cooja/mtype208.a(etimer.o)
                0x000000000022aae0                etimer_process
 .data          0x000000000022ab00        0x0 obj_cooja/mtype208.a(process.o)
 .data          0x000000000022ab00        0x0 obj_cooja/mtype208.a(rtimer.o)
 .data          0x000000000022ab00        0x0 obj_cooja/mtype208.a(timer.o)
 .data          0x000000000022ab00        0x0 obj_cooja/mtype208.a(serial-line.o)
 .data.rel.local
                0x000000000022ab00       0x20 obj_cooja/mtype208.a(serial-line.o)
                0x000000000022ab00                serial_line_process
 .data          0x000000000022ab20        0x0 obj_cooja/mtype208.a(list.o)
 .data          0x000000000022ab20        0x0 obj_cooja/mtype208.a(ringbuf.o)
 .data          0x000000000022ab20        0x0 obj_cooja/mtype208.a(sicslowpan.o)
 .data          0x000000000022ab20        0x0 obj_cooja/mtype208.a(uip-ds6-nbr.o)
 .data.rel.local
                0x000000000022ab20       0x20 obj_cooja/mtype208.a(uip-ds6-nbr.o)
                0x000000000022ab38                ds6_neighbors
 .data          0x000000000022ab40        0x0 obj_cooja/mtype208.a(uip-ds6.o)
 .data          0x000000000022ab40        0x0 obj_cooja/mtype208.a(uip6.o)
 .data          0x000000000022ab40        0x0 obj_cooja/mtype208.a(tcpip.o)
 .data.rel.local
                0x000000000022ab40       0x20 obj_cooja/mtype208.a(tcpip.o)
                0x000000000022ab40                tcpip_process
 .data          0x000000000022ab60        0x0 obj_cooja/mtype208.a(uip-debug.o)
 .data          0x000000000022ab60        0x0 obj_cooja/mtype208.a(uip-packetqueue)
 .data.rel.local
                0x000000000022ab60       0x18 obj_cooja/mtype208.a(uip-packetqueue)
 .data          0x000000000022ab78        0x0 obj_cooja/mtype208.a(rpl-dag.o)
 *fill*         0x000000000022ab78        0x8 
 .data.rel.local
                0x000000000022ab80       0x20 obj_cooja/mtype208.a(rpl-dag.o)
                0x000000000022ab98                rpl_parents
 .data          0x000000000022aba0        0x0 obj_cooja/mtype208.a(rpl-ext-header.)
 .data          0x000000000022aba0        0x1 obj_cooja/mtype208.a(rpl-icmp6.o)
 *fill*         0x000000000022aba1        0xf 
 .data.rel.local
                0x000000000022abb0       0x78 obj_cooja/mtype208.a(rpl-icmp6.o)
 .data          0x000000000022ac28        0x0 obj_cooja/mtype208.a(rpl-mrhof.o)
 *fill*         0x000000000022ac28       0x18 
 .data.rel.local
                0x000000000022ac40       0x48 obj_cooja/mtype208.a(rpl-mrhof.o)
                0x000000000022ac40                rpl_mrhof
 .data          0x000000000022ac88        0x0 obj_cooja/mtype208.a(rpl-timers.o)
 .data          0x000000000022ac88        0x0 obj_cooja/mtype208.a(rpl.o)
 .data          0x000000000022ac88        0x0 obj_cooja/mtype208.a(link-stats.o)
 *fill*         0x000000000022ac88        0x8 
 .data.rel.local
                0x000000000022ac90       0x20 obj_cooja/mtype208.a(link-stats.o)
 .data          0x000000000022acb0        0x0 obj_cooja/mtype208.a(linkaddr.o)
 .data          0x000000000022acb0        0x0 obj_cooja/mtype208.a(nbr-table.o)
 .data.rel.local
                0x000000000022acb0       0x20 obj_cooja/mtype208.a(nbr-table.o)
 .data          0x000000000022acd0        0x0 obj_cooja/mtype208.a(net-debug.o)
 .data          0x000000000022acd0        0x0 obj_cooja/mtype208.a(netstack.o)
 .data          0x000000000022acd0        0x0 obj_cooja/mtype208.a(packetbuf.o)
 .data.rel.local
                0x000000000022acd0        0x8 obj_cooja/mtype208.a(packetbuf.o)
 .data          0x000000000022acd8        0x0 obj_cooja/mtype208.a(queuebuf.o)
 *fill*         0x000000000022acd8        0x8 
 .data.rel.local
                0x000000000022ace0       0x38 obj_cooja/mtype208.a(queuebuf.o)
 .data          0x000000000022ad18        0x0 obj_cooja/mtype208.a(csma.o)
 *fill*         0x000000000022ad18        0x8 
 .data.rel.local
                0x000000000022ad20       0x60 obj_cooja/mtype208.a(csma.o)
 .data          0x000000000022ad80        0x0 obj_cooja/mtype208.a(framer-802154.o)
 .data          0x000000000022ad80        0x0 obj_cooja/mtype208.a(mac.o)
 .data          0x000000000022ad80        0x0 obj_cooja/mtype208.a(nullrdc.o)
 .data          0x000000000022ad80        0x0 obj_cooja/mtype208.a(nullsec.o)
 .data          0x000000000022ad80        0x0 obj_cooja/mtype208.a(watchdog.o)
 .data          0x000000000022ad80        0x0 obj_cooja/mtype208.a(rimestats.o)
 .data          0x000000000022ad80        0x0 obj_cooja/mtype208.a(stimer.o)
 .data          0x000000000022ad80        0x0 obj_cooja/mtype208.a(memb.o)
 .data          0x000000000022ad80        0x0 obj_cooja/mtype208.a(uip-ds6-route.o)
 .data.rel.local
                0x000000000022ad80       0x80 obj_cooja/mtype208.a(uip-ds6-route.o)
                0x000000000022ad98                nbr_routes
 .data          0x000000000022ae00        0x0 obj_cooja/mtype208.a(uip-icmp6.o)
 .data.rel.local
                0x000000000022ae00       0x48 obj_cooja/mtype208.a(uip-icmp6.o)
 .data          0x000000000022ae48        0x0 obj_cooja/mtype208.a(uip-nd6.o)
 *fill*         0x000000000022ae48        0x8 
 .data.rel.local
                0x000000000022ae50       0x18 obj_cooja/mtype208.a(uip-nd6.o)
 .data          0x000000000022ae68        0x0 obj_cooja/mtype208.a(rpl-nbr-policy.)
 .data          0x000000000022ae68        0x2 obj_cooja/mtype208.a(frame802154.o)
 .data          0x000000000022ae6a        0x0 obj_cooja/mtype208.a(mac-sequence.o)
 .data          0x000000000022ae6a        0x0 /usr/lib/gcc/x86_64-linux-gnu/4.8/crtendS.o
 .data          0x000000000022ae6a        0x0 /usr/lib/gcc/x86_64-linux-gnu/4.8/../../../x86_64-linux-gnu/crtn.o

.tm_clone_table
                0x000000000022ae70        0x0
 .tm_clone_table
                0x000000000022ae70        0x0 /usr/lib/gcc/x86_64-linux-gnu/4.8/crtbeginS.o
 .tm_clone_table
                0x000000000022ae70        0x0 /usr/lib/gcc/x86_64-linux-gnu/4.8/crtendS.o

.data1
 *(.data1)
                0x000000000022ae70                _edata = .
                0x000000000022ae70                PROVIDE (edata, .)
                0x000000000022ae70                . = .
                0x000000000022ae70                __bss_start = .

.bss            0x000000000022ae80     0xa390
 *(.dynbss)
 .dynbss        0x0000000000000000        0x0 /usr/lib/gcc/x86_64-linux-gnu/4.8/../../../x86_64-linux-gnu/crti.o
 *(.bss .bss.* .gnu.linkonce.b.*)
 .bss           0x000000000022ae80        0x0 /usr/lib/gcc/x86_64-linux-gnu/4.8/../../../x86_64-linux-gnu/crti.o
 .bss           0x000000000022ae80        0x1 /usr/lib/gcc/x86_64-linux-gnu/4.8/crtbeginS.o
 *fill*         0x000000000022ae81        0x7 
 .bss           0x000000000022ae88        0x8 udp-sink.co
 *fill*         0x000000000022ae90       0x10 
 .bss           0x000000000022aea0     0x4040 obj_cooja/mtype208.o
 .bss           0x000000000022eee0       0x60 obj_cooja/collect-common.o
 .bss           0x000000000022ef40        0x1 obj_cooja/mtype208.a(simEnvChange.o)
                0x000000000022ef40                simDontFallAsleep
 *fill*         0x000000000022ef41        0x7 
 .bss           0x000000000022ef48        0x8 obj_cooja/mtype208.a(cooja_mt.o)
 .bss           0x000000000022ef50        0x8 obj_cooja/mtype208.a(cooja_mtarch.o)
 .bss           0x000000000022ef58        0x0 obj_cooja/mtype208.a(rtimer-arch.o)
 .bss           0x000000000022ef58        0x0 obj_cooja/mtype208.a(beep.o)
 *fill*         0x000000000022ef58        0x8 
 .bss           0x000000000022ef60       0x10 obj_cooja/mtype208.a(button-sensor.o)
 .bss           0x000000000022ef70        0x0 obj_cooja/mtype208.a(leds-arch.o)
 .bss           0x000000000022ef70        0x0 obj_cooja/mtype208.a(moteid.o)
 .bss           0x000000000022ef70        0x1 obj_cooja/mtype208.a(pir-sensor.o)
                0x000000000022ef70                simPirValue
 *fill*         0x000000000022ef71        0x7 
 .bss           0x000000000022ef78        0x8 obj_cooja/mtype208.a(rs232.o)
 .bss           0x000000000022ef80        0x1 obj_cooja/mtype208.a(vib-sensor.o)
                0x000000000022ef80                simVibValue
 .bss           0x000000000022ef81        0x0 obj_cooja/mtype208.a(clock.o)
 *fill*         0x000000000022ef81       0x1f 
 .bss           0x000000000022efa0      0x420 obj_cooja/mtype208.a(log.o)
 .bss           0x000000000022f3c0      0xfc0 obj_cooja/mtype208.a(cfs-cooja.o)
                0x000000000022f3c0                simCFSData
                0x0000000000230360                simCFSSize
                0x0000000000230364                simCFSChanged
                0x0000000000230368                simCFSRead
                0x000000000023036c                simCFSWritten
 .bss           0x0000000000230380       0x2c obj_cooja/mtype208.a(cooja-radio.o)
                0x0000000000230380                simReceiving
                0x0000000000230384                simInSize
                0x0000000000230388                simLastPacketTimestamp
                0x0000000000230390                simOutSize
 .bss           0x00000000002303ac        0xc obj_cooja/mtype208.a(eeprom.o)
                0x00000000002303ac                simEEPROMChanged
                0x00000000002303b0                simEEPROMRead
                0x00000000002303b4                simEEPROMWritten
 .bss           0x00000000002303b8        0x0 obj_cooja/mtype208.a(random.o)
 .bss           0x00000000002303b8        0xc obj_cooja/mtype208.a(sensors.o)
 .bss           0x00000000002303c4        0x1 obj_cooja/mtype208.a(leds.o)
 .bss           0x00000000002303c5        0x0 obj_cooja/mtype208.a(autostart.o)
 *fill*         0x00000000002303c5        0x3 
 .bss           0x00000000002303c8        0x9 obj_cooja/mtype208.a(ctimer.o)
 *fill*         0x00000000002303d1        0x7 
 .bss           0x00000000002303d8       0x10 obj_cooja/mtype208.a(etimer.o)
 *fill*         0x00000000002303e8       0x18 
 .bss           0x0000000000230400      0x321 obj_cooja/mtype208.a(process.o)
                0x0000000000230400                process_list
                0x0000000000230408                process_current
 *fill*         0x0000000000230721        0x7 
 .bss           0x0000000000230728        0x8 obj_cooja/mtype208.a(rtimer.o)
 .bss           0x0000000000230730        0x0 obj_cooja/mtype208.a(timer.o)
 *fill*         0x0000000000230730       0x10 
 .bss           0x0000000000230740      0x140 obj_cooja/mtype208.a(serial-line.o)
 .bss           0x0000000000230880        0x0 obj_cooja/mtype208.a(list.o)
 .bss           0x0000000000230880        0x0 obj_cooja/mtype208.a(ringbuf.o)
 .bss           0x0000000000230880       0x58 obj_cooja/mtype208.a(sicslowpan.o)
 *fill*         0x00000000002308d8        0x8 
 .bss           0x00000000002308e0      0x140 obj_cooja/mtype208.a(uip-ds6-nbr.o)
 .bss           0x0000000000230a20       0x30 obj_cooja/mtype208.a(uip-ds6.o)
 .bss           0x0000000000230a50        0x6 obj_cooja/mtype208.a(uip6.o)
                0x0000000000230a50                uip_ext_bitmap
                0x0000000000230a51                uip_ext_len
                0x0000000000230a52                uip_ext_opt_offset
 *fill*         0x0000000000230a56        0xa 
 .bss           0x0000000000230a60       0x2a obj_cooja/mtype208.a(tcpip.o)
 .bss           0x0000000000230a8a        0x0 obj_cooja/mtype208.a(uip-debug.o)
 *fill*         0x0000000000230a8a       0x16 
 .bss           0x0000000000230aa0      0xd50 obj_cooja/mtype208.a(uip-packetqueue)
 *fill*         0x00000000002317f0       0x10 
 .bss           0x0000000000231800       0xa0 obj_cooja/mtype208.a(rpl-dag.o)
 .bss           0x00000000002318a0        0x0 obj_cooja/mtype208.a(rpl-ext-header.)
 .bss           0x00000000002318a0        0x0 obj_cooja/mtype208.a(rpl-icmp6.o)
 .bss           0x00000000002318a0        0x0 obj_cooja/mtype208.a(rpl-mrhof.o)
 .bss           0x00000000002318a0       0x43 obj_cooja/mtype208.a(rpl-timers.o)
 *fill*         0x00000000002318e3        0x1 
 .bss           0x00000000002318e4        0x4 obj_cooja/mtype208.a(rpl.o)
 *fill*         0x00000000002318e8       0x18 
 .bss           0x0000000000231900       0xa0 obj_cooja/mtype208.a(link-stats.o)
 .bss           0x00000000002319a0        0x0 obj_cooja/mtype208.a(linkaddr.o)
 .bss           0x00000000002319a0      0x128 obj_cooja/mtype208.a(nbr-table.o)
 .bss           0x0000000000231ac8        0x0 obj_cooja/mtype208.a(net-debug.o)
 .bss           0x0000000000231ac8        0x0 obj_cooja/mtype208.a(netstack.o)
 *fill*         0x0000000000231ac8       0x18 
 .bss           0x0000000000231ae0       0xa0 obj_cooja/mtype208.a(packetbuf.o)
 .bss           0x0000000000231b80      0xbc0 obj_cooja/mtype208.a(queuebuf.o)
 .bss           0x0000000000232740      0x42c obj_cooja/mtype208.a(csma.o)
 .bss           0x0000000000232b6c        0x2 obj_cooja/mtype208.a(framer-802154.o)
 .bss           0x0000000000232b6e        0x0 obj_cooja/mtype208.a(mac.o)
 .bss           0x0000000000232b6e        0x0 obj_cooja/mtype208.a(nullrdc.o)
 .bss           0x0000000000232b6e        0x0 obj_cooja/mtype208.a(nullsec.o)
 .bss           0x0000000000232b6e        0x0 obj_cooja/mtype208.a(watchdog.o)
 .bss           0x0000000000232b6e        0x0 obj_cooja/mtype208.a(rimestats.o)
 .bss           0x0000000000232b6e        0x0 obj_cooja/mtype208.a(stimer.o)
 .bss           0x0000000000232b6e        0x0 obj_cooja/mtype208.a(memb.o)
 *fill*         0x0000000000232b6e       0x12 
 .bss           0x0000000000232b80      0x488 obj_cooja/mtype208.a(uip-ds6-route.o)
 *fill*         0x0000000000233008        0x8 
 .bss           0x0000000000233010       0x20 obj_cooja/mtype208.a(uip-icmp6.o)
 .bss           0x0000000000233030       0x20 obj_cooja/mtype208.a(uip-nd6.o)
 *fill*         0x0000000000233050       0x10 
 .bss           0x0000000000233060       0x64 obj_cooja/mtype208.a(rpl-nbr-policy.)
 .bss           0x00000000002330c4        0x0 obj_cooja/mtype208.a(frame802154.o)
 *fill*         0x00000000002330c4       0x1c 
 .bss           0x00000000002330e0      0x180 obj_cooja/mtype208.a(mac-sequence.o)
 .bss           0x0000000000233260        0x0 /usr/lib/gcc/x86_64-linux-gnu/4.8/crtendS.o
 .bss           0x0000000000233260        0x0 /usr/lib/gcc/x86_64-linux-gnu/4.8/../../../x86_64-linux-gnu/crtn.o
 *(COMMON)
 COMMON         0x0000000000233260        0xc obj_cooja/mtype208.o
                0x0000000000233260                referenceVar
                0x0000000000233268                sensors_flags
 *fill*         0x000000000023326c        0x4 
 COMMON         0x0000000000233270       0x10 obj_cooja/mtype208.a(simEnvChange.o)
                0x0000000000233270                simEtimerPending
                0x0000000000233274                simProcessRunValue
                0x0000000000233278                simEtimerNextExpirationTime
 COMMON         0x0000000000233280       0x18 obj_cooja/mtype208.a(rtimer-arch.o)
                0x0000000000233280                simRtimerPending
                0x0000000000233288                simRtimerCurrentTicks
                0x0000000000233290                simRtimerNextExpirationTime
 COMMON         0x0000000000233298        0x1 obj_cooja/mtype208.a(beep.o)
                0x0000000000233298                simBeeped
 COMMON         0x0000000000233299        0x3 obj_cooja/mtype208.a(button-sensor.o)
                0x0000000000233299                simButtonIsActive
                0x000000000023329a                simButtonIsDown
                0x000000000023329b                simButtonChanged
 COMMON         0x000000000023329c        0x1 obj_cooja/mtype208.a(leds-arch.o)
                0x000000000023329c                simLedsValue
 *fill*         0x000000000023329d        0x3 
 COMMON         0x00000000002332a0        0xc obj_cooja/mtype208.a(moteid.o)
                0x00000000002332a0                simRandomSeed
                0x00000000002332a4                simMoteIDChanged
                0x00000000002332a8                simMoteID
 COMMON         0x00000000002332ac        0x2 obj_cooja/mtype208.a(pir-sensor.o)
                0x00000000002332ac                simPirIsActive
                0x00000000002332ad                simPirChanged
 *fill*         0x00000000002332ae       0x12 
 COMMON         0x00000000002332c0      0x820 obj_cooja/mtype208.a(rs232.o)
                0x00000000002332c0                simSerialReceivingFlag
                0x00000000002332c4                simSerialReceivingLength
                0x00000000002332e0                simSerialReceivingData
 COMMON         0x0000000000233ae0        0x2 obj_cooja/mtype208.a(vib-sensor.o)
                0x0000000000233ae0                simVibChanged
                0x0000000000233ae1                simVibIsActive
 *fill*         0x0000000000233ae2        0x6 
 COMMON         0x0000000000233ae8        0x8 obj_cooja/mtype208.a(clock.o)
                0x0000000000233ae8                simCurrentTime
 *fill*         0x0000000000233af0       0x10 
 COMMON         0x0000000000233b00      0x420 obj_cooja/mtype208.a(log.o)
                0x0000000000233b00                simLoggedLength
                0x0000000000233b04                simLoggedFlag
                0x0000000000233b20                simLoggedData
 COMMON         0x0000000000233f20      0x100 obj_cooja/mtype208.a(cooja-radio.o)
                0x0000000000233f20                simOutDataBuffer
                0x0000000000233fa0                simInDataBuffer
 COMMON         0x0000000000234020      0x400 obj_cooja/mtype208.a(eeprom.o)
                0x0000000000234020                simEEPROMData
 COMMON         0x0000000000234420        0x1 obj_cooja/mtype208.a(sensors.o)
                0x0000000000234420                sensors_event
 COMMON         0x0000000000234421        0x1 obj_cooja/mtype208.a(serial-line.o)
                0x0000000000234421                serial_line_event_message
 *fill*         0x0000000000234422       0x1e 
 COMMON         0x0000000000234440      0x1c1 obj_cooja/mtype208.a(uip-ds6.o)
                0x0000000000234440                uip_ds6_prefix_list
                0x00000000002344a0                uip_ds6_timer_periodic
                0x00000000002344c0                uip_ds6_netif_addr_list_offset
                0x00000000002344e0                uip_ds6_if
                0x00000000002345f0                uip_ds6_timer_ra
                0x0000000000234600                uip_ds6_addr_size
 *fill*         0x0000000000234601       0x1f 
 COMMON         0x0000000000234620      0x878 obj_cooja/mtype208.a(uip6.o)
                0x0000000000234620                uip_slen
                0x0000000000234622                uip_lladdr
                0x0000000000234630                uip_appdata
                0x0000000000234638                uip_flags
                0x0000000000234640                uip_aligned_buf
                0x0000000000234c80                uip_len
                0x0000000000234c88                uip_sappdata
                0x0000000000234ca0                uip_udp_conns
                0x0000000000234e80                uip_udp_conn
                0x0000000000234e88                uip_next_hdr
                0x0000000000234e90                uip_conn
 COMMON         0x0000000000234e98        0x1 obj_cooja/mtype208.a(tcpip.o)
                0x0000000000234e98                tcpip_event
 *fill*         0x0000000000234e99        0x7 
 COMMON         0x0000000000234ea0      0x250 obj_cooja/mtype208.a(rpl-dag.o)
                0x0000000000234ea0                default_instance
                0x0000000000234ec0                instance_table
 *fill*         0x00000000002350f0       0x10 
 COMMON         0x0000000000235100       0x40 obj_cooja/mtype208.a(link-stats.o)
                0x0000000000235100                periodic_timer
 COMMON         0x0000000000235140        0x8 obj_cooja/mtype208.a(linkaddr.o)
                0x0000000000235140                linkaddr_node_addr
 *fill*         0x0000000000235148        0x8 
 COMMON         0x0000000000235150       0x30 obj_cooja/mtype208.a(packetbuf.o)
                0x0000000000235150                packetbuf_attrs
                0x0000000000235170                packetbuf_addrs
 COMMON         0x0000000000235180       0x90 obj_cooja/mtype208.a(rimestats.o)
                0x0000000000235180                rimestats
                0x0000000000235210                . = ALIGN ((. != 0x0)?0x8:0x1)

.lbss
 *(.dynlbss)
 *(.lbss .lbss.* .gnu.linkonce.lb.*)
 *(LARGE_COMMON)
                0x0000000000235210                . = ALIGN (0x8)
                0x0000000000235210                . = SEGMENT_START ("ldata-segment", .)

.lrodata
 *(.lrodata .lrodata.* .gnu.linkonce.lr.*)

.ldata          0x0000000000635210        0x0
 *(.ldata .ldata.* .gnu.linkonce.l.*)
                0x0000000000635210                . = ALIGN ((. != 0x0)?0x8:0x1)
                0x0000000000635210                . = ALIGN (0x8)
                0x0000000000635210                _end = .
                0x0000000000635210                PROVIDE (end, .)
                0x0000000000635210                . = DATA_SEGMENT_END (.)

.stab
 *(.stab)

.stabstr
 *(.stabstr)

.stab.excl
 *(.stab.excl)

.stab.exclstr
 *(.stab.exclstr)

.stab.index
 *(.stab.index)

.stab.indexstr
 *(.stab.indexstr)

.comment        0x0000000000000000       0x2b
 *(.comment)
 .comment       0x0000000000000000       0x2b /usr/lib/gcc/x86_64-linux-gnu/4.8/crtbeginS.o
                                         0x2c (size before relaxing)
 .comment       0x0000000000000000       0x2c udp-sink.co
 .comment       0x0000000000000000       0x2c obj_cooja/mtype208.o
 .comment       0x0000000000000000       0x2c obj_cooja/collect-common.o
 .comment       0x0000000000000000       0x2c obj_cooja/mtype208.a(simEnvChange.o)
 .comment       0x0000000000000000       0x2c obj_cooja/mtype208.a(cooja_mt.o)
 .comment       0x0000000000000000       0x2c obj_cooja/mtype208.a(cooja_mtarch.o)
 .comment       0x0000000000000000       0x2c obj_cooja/mtype208.a(rtimer-arch.o)
 .comment       0x0000000000000000       0x2c obj_cooja/mtype208.a(beep.o)
 .comment       0x0000000000000000       0x2c obj_cooja/mtype208.a(button-sensor.o)
 .comment       0x0000000000000000       0x2c obj_cooja/mtype208.a(leds-arch.o)
 .comment       0x0000000000000000       0x2c obj_cooja/mtype208.a(moteid.o)
 .comment       0x0000000000000000       0x2c obj_cooja/mtype208.a(pir-sensor.o)
 .comment       0x0000000000000000       0x2c obj_cooja/mtype208.a(rs232.o)
 .comment       0x0000000000000000       0x2c obj_cooja/mtype208.a(vib-sensor.o)
 .comment       0x0000000000000000       0x2c obj_cooja/mtype208.a(clock.o)
 .comment       0x0000000000000000       0x2c obj_cooja/mtype208.a(log.o)
 .comment       0x0000000000000000       0x2c obj_cooja/mtype208.a(cfs-cooja.o)
 .comment       0x0000000000000000       0x2c obj_cooja/mtype208.a(cooja-radio.o)
 .comment       0x0000000000000000       0x2c obj_cooja/mtype208.a(eeprom.o)
 .comment       0x0000000000000000       0x2c obj_cooja/mtype208.a(random.o)
 .comment       0x0000000000000000       0x2c obj_cooja/mtype208.a(sensors.o)
 .comment       0x0000000000000000       0x2c obj_cooja/mtype208.a(leds.o)
 .comment       0x0000000000000000       0x2c obj_cooja/mtype208.a(autostart.o)
 .comment       0x0000000000000000       0x2c obj_cooja/mtype208.a(ctimer.o)
 .comment       0x0000000000000000       0x2c obj_cooja/mtype208.a(etimer.o)
 .comment       0x0000000000000000       0x2c obj_cooja/mtype208.a(process.o)
 .comment       0x0000000000000000       0x2c obj_cooja/mtype208.a(rtimer.o)
 .comment       0x0000000000000000       0x2c obj_cooja/mtype208.a(timer.o)
 .comment       0x0000000000000000       0x2c obj_cooja/mtype208.a(serial-line.o)
 .comment       0x0000000000000000       0x2c obj_cooja/mtype208.a(list.o)
 .comment       0x0000000000000000       0x2c obj_cooja/mtype208.a(ringbuf.o)
 .comment       0x0000000000000000       0x2c obj_cooja/mtype208.a(sicslowpan.o)
 .comment       0x0000000000000000       0x2c obj_cooja/mtype208.a(uip-ds6-nbr.o)
 .comment       0x0000000000000000       0x2c obj_cooja/mtype208.a(uip-ds6.o)
 .comment       0x0000000000000000       0x2c obj_cooja/mtype208.a(uip6.o)
 .comment       0x0000000000000000       0x2c obj_cooja/mtype208.a(tcpip.o)
 .comment       0x0000000000000000       0x2c obj_cooja/mtype208.a(uip-debug.o)
 .comment       0x0000000000000000       0x2c obj_cooja/mtype208.a(uip-packetqueue)
 .comment       0x0000000000000000       0x2c obj_cooja/mtype208.a(rpl-dag.o)
 .comment       0x0000000000000000       0x2c obj_cooja/mtype208.a(rpl-ext-header.)
 .comment       0x0000000000000000       0x2c obj_cooja/mtype208.a(rpl-icmp6.o)
 .comment       0x0000000000000000       0x2c obj_cooja/mtype208.a(rpl-mrhof.o)
 .comment       0x0000000000000000       0x2c obj_cooja/mtype208.a(rpl-timers.o)
 .comment       0x0000000000000000       0x2c obj_cooja/mtype208.a(rpl.o)
 .comment       0x0000000000000000       0x2c obj_cooja/mtype208.a(link-stats.o)
 .comment       0x0000000000000000       0x2c obj_cooja/mtype208.a(linkaddr.o)
 .comment       0x0000000000000000       0x2c obj_cooja/mtype208.a(nbr-table.o)
 .comment       0x0000000000000000       0x2c obj_cooja/mtype208.a(net-debug.o)
 .comment       0x0000000000000000       0x2c obj_cooja/mtype208.a(netstack.o)
 .comment       0x0000000000000000       0x2c obj_cooja/mtype208.a(packetbuf.o)
 .comment       0x0000000000000000       0x2c obj_cooja/mtype208.a(queuebuf.o)
 .comment       0x0000000000000000       0x2c obj_cooja/mtype208.a(csma.o)
 .comment       0x0000000000000000       0x2c obj_cooja/mtype208.a(framer-802154.o)
 .comment       0x0000000000000000       0x2c obj_cooja/mtype208.a(mac.o)
 .comment       0x0000000000000000       0x2c obj_cooja/mtype208.a(nullrdc.o)
 .comment       0x0000000000000000       0x2c obj_cooja/mtype208.a(nullsec.o)
 .comment       0x0000000000000000       0x2c obj_cooja/mtype208.a(watchdog.o)
 .comment       0x0000000000000000       0x2c obj_cooja/mtype208.a(rimestats.o)
 .comment       0x0000000000000000       0x2c obj_cooja/mtype208.a(stimer.o)
 .comment       0x0000000000000000       0x2c obj_cooja/mtype208.a(memb.o)
 .comment       0x0000000000000000       0x2c obj_cooja/mtype208.a(uip-ds6-route.o)
 .comment       0x0000000000000000       0x2c obj_cooja/mtype208.a(uip-icmp6.o)
 .comment       0x0000000000000000       0x2c obj_cooja/mtype208.a(uip-nd6.o)
 .comment       0x0000000000000000       0x2c obj_cooja/mtype208.a(rpl-nbr-policy.)
 .comment       0x0000000000000000       0x2c obj_cooja/mtype208.a(frame802154.o)
 .comment       0x0000000000000000       0x2c obj_cooja/mtype208.a(mac-sequence.o)
 .comment       0x0000000000000000       0x2c /usr/lib/gcc/x86_64-linux-gnu/4.8/crtendS.o

.debug
 *(.debug)

.line
 *(.line)

.debug_srcinfo
 *(.debug_srcinfo)

.debug_sfnames
 *(.debug_sfnames)

.debug_aranges  0x0000000000000000      0xc50
 *(.debug_aranges)
 .debug_aranges
                0x0000000000000000       0x30 udp-sink.co
 .debug_aranges
                0x0000000000000030       0x30 obj_cooja/mtype208.o
 .debug_aranges
                0x0000000000000060       0x30 obj_cooja/collect-common.o
 .debug_aranges
                0x0000000000000090       0x30 obj_cooja/mtype208.a(simEnvChange.o)
 .debug_aranges
                0x00000000000000c0       0x30 obj_cooja/mtype208.a(cooja_mt.o)
 .debug_aranges
                0x00000000000000f0       0x30 obj_cooja/mtype208.a(cooja_mtarch.o)
 .debug_aranges
                0x0000000000000120       0x30 obj_cooja/mtype208.a(rtimer-arch.o)
 .debug_aranges
                0x0000000000000150       0x30 obj_cooja/mtype208.a(beep.o)
 .debug_aranges
                0x0000000000000180       0x30 obj_cooja/mtype208.a(button-sensor.o)
 .debug_aranges
                0x00000000000001b0       0x30 obj_cooja/mtype208.a(leds-arch.o)
 .debug_aranges
                0x00000000000001e0       0x30 obj_cooja/mtype208.a(moteid.o)
 .debug_aranges
                0x0000000000000210       0x30 obj_cooja/mtype208.a(pir-sensor.o)
 .debug_aranges
                0x0000000000000240       0x30 obj_cooja/mtype208.a(rs232.o)
 .debug_aranges
                0x0000000000000270       0x30 obj_cooja/mtype208.a(vib-sensor.o)
 .debug_aranges
                0x00000000000002a0       0x30 obj_cooja/mtype208.a(clock.o)
 .debug_aranges
                0x00000000000002d0       0x30 obj_cooja/mtype208.a(log.o)
 .debug_aranges
                0x0000000000000300       0x30 obj_cooja/mtype208.a(cfs-cooja.o)
 .debug_aranges
                0x0000000000000330       0x30 obj_cooja/mtype208.a(cooja-radio.o)
 .debug_aranges
                0x0000000000000360       0x30 obj_cooja/mtype208.a(eeprom.o)
 .debug_aranges
                0x0000000000000390       0x30 obj_cooja/mtype208.a(random.o)
 .debug_aranges
                0x00000000000003c0       0x30 obj_cooja/mtype208.a(sensors.o)
 .debug_aranges
                0x00000000000003f0       0x30 obj_cooja/mtype208.a(leds.o)
 .debug_aranges
                0x0000000000000420       0x30 obj_cooja/mtype208.a(autostart.o)
 .debug_aranges
                0x0000000000000450       0x30 obj_cooja/mtype208.a(ctimer.o)
 .debug_aranges
                0x0000000000000480       0x30 obj_cooja/mtype208.a(etimer.o)
 .debug_aranges
                0x00000000000004b0       0x30 obj_cooja/mtype208.a(process.o)
 .debug_aranges
                0x00000000000004e0       0x30 obj_cooja/mtype208.a(rtimer.o)
 .debug_aranges
                0x0000000000000510       0x30 obj_cooja/mtype208.a(timer.o)
 .debug_aranges
                0x0000000000000540       0x30 obj_cooja/mtype208.a(serial-line.o)
 .debug_aranges
                0x0000000000000570       0x30 obj_cooja/mtype208.a(list.o)
 .debug_aranges
                0x00000000000005a0       0x30 obj_cooja/mtype208.a(ringbuf.o)
 .debug_aranges
                0x00000000000005d0       0x30 obj_cooja/mtype208.a(sicslowpan.o)
 .debug_aranges
                0x0000000000000600       0x30 obj_cooja/mtype208.a(uip-ds6-nbr.o)
 .debug_aranges
                0x0000000000000630       0x30 obj_cooja/mtype208.a(uip-ds6.o)
 .debug_aranges
                0x0000000000000660       0x30 obj_cooja/mtype208.a(uip6.o)
 .debug_aranges
                0x0000000000000690       0x30 obj_cooja/mtype208.a(tcpip.o)
 .debug_aranges
                0x00000000000006c0       0x30 obj_cooja/mtype208.a(uip-debug.o)
 .debug_aranges
                0x00000000000006f0       0x30 obj_cooja/mtype208.a(uip-packetqueue)
 .debug_aranges
                0x0000000000000720       0x30 obj_cooja/mtype208.a(rpl-dag.o)
 .debug_aranges
                0x0000000000000750       0x30 obj_cooja/mtype208.a(rpl-ext-header.)
 .debug_aranges
                0x0000000000000780       0x30 obj_cooja/mtype208.a(rpl-icmp6.o)
 .debug_aranges
                0x00000000000007b0       0x30 obj_cooja/mtype208.a(rpl-mrhof.o)
 .debug_aranges
                0x00000000000007e0       0x30 obj_cooja/mtype208.a(rpl-timers.o)
 .debug_aranges
                0x0000000000000810       0x30 obj_cooja/mtype208.a(rpl.o)
 .debug_aranges
                0x0000000000000840       0x30 obj_cooja/mtype208.a(link-stats.o)
 .debug_aranges
                0x0000000000000870       0x30 obj_cooja/mtype208.a(linkaddr.o)
 .debug_aranges
                0x00000000000008a0       0x30 obj_cooja/mtype208.a(nbr-table.o)
 .debug_aranges
                0x00000000000008d0       0x30 obj_cooja/mtype208.a(net-debug.o)
 .debug_aranges
                0x0000000000000900       0x30 obj_cooja/mtype208.a(netstack.o)
 .debug_aranges
                0x0000000000000930       0x30 obj_cooja/mtype208.a(packetbuf.o)
 .debug_aranges
                0x0000000000000960       0x30 obj_cooja/mtype208.a(queuebuf.o)
 .debug_aranges
                0x0000000000000990       0x30 obj_cooja/mtype208.a(csma.o)
 .debug_aranges
                0x00000000000009c0       0x30 obj_cooja/mtype208.a(framer-802154.o)
 .debug_aranges
                0x00000000000009f0       0x30 obj_cooja/mtype208.a(mac.o)
 .debug_aranges
                0x0000000000000a20       0x30 obj_cooja/mtype208.a(nullrdc.o)
 .debug_aranges
                0x0000000000000a50       0x30 obj_cooja/mtype208.a(nullsec.o)
 .debug_aranges
                0x0000000000000a80       0x30 obj_cooja/mtype208.a(watchdog.o)
 .debug_aranges
                0x0000000000000ab0       0x20 obj_cooja/mtype208.a(rimestats.o)
 .debug_aranges
                0x0000000000000ad0       0x30 obj_cooja/mtype208.a(stimer.o)
 .debug_aranges
                0x0000000000000b00       0x30 obj_cooja/mtype208.a(memb.o)
 .debug_aranges
                0x0000000000000b30       0x30 obj_cooja/mtype208.a(uip-ds6-route.o)
 .debug_aranges
                0x0000000000000b60       0x30 obj_cooja/mtype208.a(uip-icmp6.o)
 .debug_aranges
                0x0000000000000b90       0x30 obj_cooja/mtype208.a(uip-nd6.o)
 .debug_aranges
                0x0000000000000bc0       0x30 obj_cooja/mtype208.a(rpl-nbr-policy.)
 .debug_aranges
                0x0000000000000bf0       0x30 obj_cooja/mtype208.a(frame802154.o)
 .debug_aranges
                0x0000000000000c20       0x30 obj_cooja/mtype208.a(mac-sequence.o)

.debug_pubnames
 *(.debug_pubnames)

.debug_info     0x0000000000000000    0x1d406
 *(.debug_info .gnu.linkonce.wi.*)
 .debug_info    0x0000000000000000      0xf67 udp-sink.co
 .debug_info    0x0000000000000f67     0x379f obj_cooja/mtype208.o
 .debug_info    0x0000000000004706      0x5e1 obj_cooja/collect-common.o
 .debug_info    0x0000000000004ce7      0x174 obj_cooja/mtype208.a(simEnvChange.o)
 .debug_info    0x0000000000004e5b      0x210 obj_cooja/mtype208.a(cooja_mt.o)
 .debug_info    0x000000000000506b      0x32d obj_cooja/mtype208.a(cooja_mtarch.o)
 .debug_info    0x0000000000005398      0x18e obj_cooja/mtype208.a(rtimer-arch.o)
 .debug_info    0x0000000000005526      0x24d obj_cooja/mtype208.a(beep.o)
 .debug_info    0x0000000000005773      0x291 obj_cooja/mtype208.a(button-sensor.o)
 .debug_info    0x0000000000005a04      0x15c obj_cooja/mtype208.a(leds-arch.o)