Archive member included because of file (symbol)

contiki-z1.a(collect-view.o)  udp-sender.co (collect_view_construct_message)
contiki-z1.a(collect-view-z1)
                              contiki-z1.a(collect-view.o) (collect_view_arch_read_sensors)
contiki-z1.a(contiki-z1-plat)
                              obj_z1/contiki-z1-main.o (init_platform)
contiki-z1.a(msp430.o)        obj_z1/contiki-z1-main.o (splhigh_)
contiki-z1.a(leds.o)          obj_z1/contiki-z1-main.o (leds_init)
contiki-z1.a(watchdog.o)      obj_z1/contiki-z1-main.o (watchdog_start)
contiki-z1.a(xmem.o)          obj_z1/contiki-z1-main.o (xmem_init)
contiki-z1.a(spi.o)           contiki-z1.a(xmem.o) (spi_init)
contiki-z1.a(cc2420.o)        obj_z1/contiki-z1-main.o (cc2420_set_pan_addr)
contiki-z1.a(cc2420-arch.o)   contiki-z1.a(cc2420.o) (cc2420_arch_init)
contiki-z1.a(node-id.o)       obj_z1/contiki-z1-main.o (node_id_restore)
contiki-z1.a(sensors.o)       contiki-z1.a(contiki-z1-plat) (sensors_process)
contiki-z1.a(uart0.o)         obj_z1/contiki-z1-main.o (uart0_active)
contiki-z1.a(uart0-putchar.o)
                              udp-sender.co (putchar)
contiki-z1.a(z1-sensors.o)    contiki-z1.a(sensors.o) (sensors_flags)
contiki-z1.a(adxl345.o)       obj_z1/contiki-z1-main.o (adxl345)
contiki-z1.a(tmp102.o)        contiki-z1.a(collect-view-z1) (tmp102_init)
contiki-z1.a(clock.o)         contiki-z1.a(collect-view.o) (clock_time)
contiki-z1.a(leds-arch.o)     contiki-z1.a(leds.o) (leds_arch_init)
contiki-z1.a(rtimer-arch.o)   obj_z1/contiki-z1-main.o (rtimer_arch_now)
contiki-z1.a(autostart.o)     obj_z1/contiki-z1-main.o (autostart_start)
contiki-z1.a(ctimer.o)        obj_z1/contiki-z1-main.o (ctimer_init)
contiki-z1.a(energest.o)      obj_z1/contiki-z1-main.o (energest_init)
contiki-z1.a(etimer.o)        contiki-z1.a(clock.o) (etimer_request_poll)
contiki-z1.a(process.o)       udp-sender.co (process_current)
contiki-z1.a(rtimer.o)        obj_z1/contiki-z1-main.o (rtimer_init)
contiki-z1.a(timer.o)         contiki-z1.a(adxl345.o) (timer_set)
contiki-z1.a(serial-line.o)   obj_z1/collect-common.o (serial_line_event_message)
contiki-z1.a(list.o)          contiki-z1.a(ctimer.o) (list_init)
contiki-z1.a(random.o)        obj_z1/contiki-z1-main.o (random_init)
contiki-z1.a(ringbuf.o)       contiki-z1.a(serial-line.o) (ringbuf_init)
contiki-z1.a(sicslowpan.o)    obj_z1/contiki-z1-main.o (sicslowpan_driver)
contiki-z1.a(uip-ds6-nbr.o)   udp-sender.co (uip_ds6_nbr_get_ll)
contiki-z1.a(uip-ds6-route.o)
                              udp-sender.co (uip_ds6_route_head)
contiki-z1.a(uip-ds6.o)       udp-sender.co (uip_ds6_if)
contiki-z1.a(uip6.o)          contiki-z1.a(sicslowpan.o) (uip_aligned_buf)
contiki-z1.a(tcpip.o)         contiki-z1.a(sicslowpan.o) (tcpip_set_outputfunc)
contiki-z1.a(uip-debug.o)     udp-sender.co (uip_debug_ipaddr_print)
contiki-z1.a(uip-udp-packet.)
                              udp-sender.co (uip_udp_packet_sendto)
contiki-z1.a(rpl-dag.o)       udp-sender.co (rpl_get_parent_rank)
contiki-z1.a(rpl-ext-header.)
                              contiki-z1.a(uip6.o) (rpl_verify_hbh_header)
contiki-z1.a(rpl-icmp6.o)     contiki-z1.a(rpl-dag.o) (rpl_icmp6_update_nbr_table)
contiki-z1.a(rpl-mrhof.o)     contiki-z1.a(rpl-dag.o) (rpl_mrhof)
contiki-z1.a(rpl-timers.o)    contiki-z1.a(rpl-dag.o) (rpl_reset_dio_timer)
contiki-z1.a(rpl.o)           contiki-z1.a(rpl-icmp6.o) (rpl_get_mode)
contiki-z1.a(link-stats.o)    contiki-z1.a(rpl-dag.o) (link_stats_from_lladdr)
contiki-z1.a(linkaddr.o)      udp-sender.co (linkaddr_copy)
contiki-z1.a(nbr-table.o)     contiki-z1.a(uip-ds6-nbr.o) (nbr_table_register)
contiki-z1.a(net-debug.o)     contiki-z1.a(rpl-icmp6.o) (net_debug_lladdr_print)
contiki-z1.a(packetbuf.o)     contiki-z1.a(cc2420.o) (packetbuf_set_datalen)
contiki-z1.a(queuebuf.o)      obj_z1/contiki-z1-main.o (queuebuf_init)
contiki-z1.a(csma.o)          obj_z1/contiki-z1-main.o (csma_driver)
contiki-z1.a(framer-802154.o)
                              contiki-z1.a(sicslowpan.o) (framer_802154)
contiki-z1.a(mac.o)           contiki-z1.a(csma.o) (mac_call_sent_callback)
contiki-z1.a(nullrdc.o)       obj_z1/collect-common.o (nullrdc_driver)
contiki-z1.a(nullsec.o)       obj_z1/contiki-z1-main.o (nullsec_driver)
contiki-z1.a(i2cmaster.o)     contiki-z1.a(adxl345.o) (i2c_receiveinit)
contiki-z1.a(button-sensor.o)
                              contiki-z1.a(z1-sensors.o) (button_sensor)
contiki-z1.a(stimer.o)        contiki-z1.a(uip-ds6-route.o) (stimer_set)
contiki-z1.a(memb.o)          contiki-z1.a(uip-ds6-route.o) (memb_init)
contiki-z1.a(uip-icmp6.o)     contiki-z1.a(uip6.o) (uip_icmp6_input)
contiki-z1.a(uip-nd6.o)       contiki-z1.a(uip6.o) (uip_nd6_init)
contiki-z1.a(rpl-nbr-policy.)
                              contiki-z1.a(nbr-table.o) (rpl_nbr_policy_find_removable)
contiki-z1.a(frame802154.o)   contiki-z1.a(framer-802154.o) (frame802154_get_pan_id)
contiki-z1.a(mac-sequence.o)  contiki-z1.a(nullrdc.o) (mac_sequence_is_duplicate)
[...]
Memory Configuration

Name             Origin             Length             Attributes
sfr              0x0000000000000000 0x0000000000000010
peripheral_8bit  0x0000000000000010 0x00000000000000f0
peripheral_16bit 0x0000000000000100 0x0000000000000100
ram_mirror       0x0000000000000200 0x0000000000000800 xw
infomem          0x0000000000001000 0x0000000000000100
infod            0x0000000000001000 0x0000000000000040
infoc            0x0000000000001040 0x0000000000000040
infob            0x0000000000001080 0x0000000000000040
infoa            0x00000000000010c0 0x0000000000000040
ram              0x0000000000001100 0x0000000000002000 xw
rom              0x0000000000003100 0x000000000000cebe xr
vectors          0x000000000000ffc0 0x0000000000000040
far_rom          0x0000000000010000 0x000000000000a000
bsl              0x0000000000000000 0x0000000000000000
ram2             0x0000000000000000 0x0000000000000000 xw
usbram           0x0000000000000000 0x0000000000000000 xw
*default*        0x0000000000000000 0xffffffffffffffff

Linker script and memory map

LOAD /home/netlab/opt/compilers/mspgcc-4.7.3/bin/../lib/gcc/msp430/4.7.3/mcpu-430x/mmpy-16/msr20/mc20/crt0ivtbl32.o
                0x0000000000000041                __P1SEL2 = 0x41
                0x0000000000000045                __P5SEL2 = 0x45
LOAD udp-sender.co
LOAD obj_z1/collect-common.o
LOAD obj_z1/contiki-z1-main.o
LOAD contiki-z1.a
LOAD /home/netlab/opt/compilers/mspgcc-4.7.3/bin/../lib/gcc/msp430/4.7.3/mcpu-430x/mmpy-16/msr20/mc20/libgcc.a
LOAD /home/netlab/opt/compilers/mspgcc-4.7.3/bin/../lib/gcc/msp430/4.7.3/../../../../msp430/lib/mcpu-430x/mmpy-16/msr20/mc20/libc.a
LOAD /home/netlab/opt/compilers/mspgcc-4.7.3/bin/../lib/gcc/msp430/4.7.3/mcpu-430x/mmpy-16/msr20/mc20/libgcc.a
LOAD /home/netlab/opt/compilers/mspgcc-4.7.3/bin/../lib/gcc/msp430/4.7.3/mcpu-430x/mmpy-16/msr20/mc20/libcrt0.a
                0x0000000000000040                PROVIDE (__info_segment_size, 0x40)
                0x0000000000001000                PROVIDE (__infod, 0x1000)
                0x0000000000001040                PROVIDE (__infoc, 0x1040)
                0x0000000000001080                PROVIDE (__infob, 0x1080)
                0x00000000000010c0                PROVIDE (__infoa, 0x10c0)
                0x0000000000000000                __IE1 = 0x0
                0x0000000000000002                __IFG1 = 0x2
                0x0000000000000001                __IE2 = 0x1
                0x0000000000000003                __IFG2 = 0x3
                0x0000000000000006                __UC1IE = 0x6
                0x0000000000000007                __UC1IFG = 0x7
                0x00000000000001a0                __ADC12CTL0 = 0x1a0
                0x00000000000001a2                __ADC12CTL1 = 0x1a2
                0x00000000000001a4                __ADC12IFG = 0x1a4
                0x00000000000001a6                __ADC12IE = 0x1a6
                0x00000000000001a8                __ADC12IV = 0x1a8
                0x0000000000000140                __ADC12MEM0 = 0x140
                0x0000000000000142                __ADC12MEM1 = 0x142
                0x0000000000000144                __ADC12MEM2 = 0x144
                0x0000000000000146                __ADC12MEM3 = 0x146
                0x0000000000000148                __ADC12MEM4 = 0x148
                0x000000000000014a                __ADC12MEM5 = 0x14a
                0x000000000000014c                __ADC12MEM6 = 0x14c
                0x000000000000014e                __ADC12MEM7 = 0x14e
                0x0000000000000150                __ADC12MEM8 = 0x150
                0x0000000000000152                __ADC12MEM9 = 0x152
                0x0000000000000154                __ADC12MEM10 = 0x154
                0x0000000000000156                __ADC12MEM11 = 0x156
                0x0000000000000158                __ADC12MEM12 = 0x158
                0x000000000000015a                __ADC12MEM13 = 0x15a
                0x000000000000015c                __ADC12MEM14 = 0x15c
                0x000000000000015e                __ADC12MEM15 = 0x15e
                0x0000000000000080                __ADC12MCTL0 = 0x80
                0x0000000000000081                __ADC12MCTL1 = 0x81
                0x0000000000000082                __ADC12MCTL2 = 0x82
                0x0000000000000083                __ADC12MCTL3 = 0x83
                0x0000000000000084                __ADC12MCTL4 = 0x84
                0x0000000000000085                __ADC12MCTL5 = 0x85
                0x0000000000000086                __ADC12MCTL6 = 0x86
                0x0000000000000087                __ADC12MCTL7 = 0x87
                0x0000000000000088                __ADC12MCTL8 = 0x88
                0x0000000000000089                __ADC12MCTL9 = 0x89
                0x000000000000008a                __ADC12MCTL10 = 0x8a
                0x000000000000008b                __ADC12MCTL11 = 0x8b
                0x000000000000008c                __ADC12MCTL12 = 0x8c
                0x000000000000008d                __ADC12MCTL13 = 0x8d
                0x000000000000008e                __ADC12MCTL14 = 0x8e
                0x000000000000008f                __ADC12MCTL15 = 0x8f
                0x0000000000000056                __DCOCTL = 0x56
                0x0000000000000057                __BCSCTL1 = 0x57
                0x0000000000000058                __BCSCTL2 = 0x58
                0x0000000000000053                __BCSCTL3 = 0x53
                0x0000000000000059                __CACTL1 = 0x59
                0x000000000000005a                __CACTL2 = 0x5a
                0x000000000000005b                __CAPD = 0x5b
                0x00000000000001c0                __DAC12_0CTL = 0x1c0
                0x00000000000001c2                __DAC12_1CTL = 0x1c2
                0x00000000000001c8                __DAC12_0DAT = 0x1c8
                0x00000000000001ca                __DAC12_1DAT = 0x1ca
                0x0000000000000122                __DMACTL0 = 0x122
                0x0000000000000124                __DMACTL1 = 0x124
                0x0000000000000126                __DMAIV = 0x126
                0x00000000000001d0                __DMA0CTL = 0x1d0
                0x00000000000001dc                __DMA1CTL = 0x1dc
                0x00000000000001e8                __DMA2CTL = 0x1e8
                0x00000000000001d2                __DMA0SA = 0x1d2
                0x00000000000001d2                __DMA0SAL = 0x1d2
                0x00000000000001d6                __DMA0DA = 0x1d6
                0x00000000000001d6                __DMA0DAL = 0x1d6
                0x00000000000001da                __DMA0SZ = 0x1da
                0x00000000000001de                __DMA1SA = 0x1de
                0x00000000000001de                __DMA1SAL = 0x1de
                0x00000000000001e2                __DMA1DA = 0x1e2
                0x00000000000001e2                __DMA1DAL = 0x1e2
                0x00000000000001e6                __DMA1SZ = 0x1e6
                0x00000000000001ea                __DMA2SA = 0x1ea
                0x00000000000001ea                __DMA2SAL = 0x1ea
                0x00000000000001ee                __DMA2DA = 0x1ee
                0x00000000000001ee                __DMA2DAL = 0x1ee
                0x00000000000001f2                __DMA2SZ = 0x1f2
                0x0000000000000128                __FCTL1 = 0x128
                0x000000000000012a                __FCTL2 = 0x12a
                0x000000000000012c                __FCTL3 = 0x12c
                0x00000000000001be                __FCTL4 = 0x1be
                0x0000000000000130                __MPY = 0x130
                0x0000000000000132                __MPYS = 0x132
                0x0000000000000134                __MAC = 0x134
                0x0000000000000136                __MACS = 0x136
                0x0000000000000138                __OP2 = 0x138
                0x000000000000013a                __RESLO = 0x13a
                0x000000000000013c                __RESHI = 0x13c
                0x000000000000013e                __SUMEXT = 0x13e
                0x0000000000000020                __P1IN = 0x20
                0x0000000000000021                __P1OUT = 0x21
                0x0000000000000022                __P1DIR = 0x22
                0x0000000000000023                __P1IFG = 0x23
                0x0000000000000024                __P1IES = 0x24
                0x0000000000000025                __P1IE = 0x25
                0x0000000000000026                __P1SEL = 0x26
                0x0000000000000027                __P1REN = 0x27
                0x0000000000000028                __P2IN = 0x28
                0x0000000000000029                __P2OUT = 0x29
                0x000000000000002a                __P2DIR = 0x2a
                0x000000000000002b                __P2IFG = 0x2b
                0x000000000000002c                __P2IES = 0x2c
                0x000000000000002d                __P2IE = 0x2d
                0x000000000000002e                __P2SEL = 0x2e
                0x000000000000002f                __P2REN = 0x2f
                0x0000000000000018                __P3IN = 0x18
                0x0000000000000019                __P3OUT = 0x19
                0x000000000000001a                __P3DIR = 0x1a
                0x000000000000001b                __P3SEL = 0x1b
                0x0000000000000010                __P3REN = 0x10
                0x000000000000001c                __P4IN = 0x1c
                0x000000000000001d                __P4OUT = 0x1d
                0x000000000000001e                __P4DIR = 0x1e
                0x000000000000001f                __P4SEL = 0x1f
                0x0000000000000011                __P4REN = 0x11
                0x0000000000000030                __P5IN = 0x30
                0x0000000000000031                __P5OUT = 0x31
                0x0000000000000032                __P5DIR = 0x32
                0x0000000000000033                __P5SEL = 0x33
                0x0000000000000012                __P5REN = 0x12
                0x0000000000000034                __P6IN = 0x34
                0x0000000000000035                __P6OUT = 0x35
                0x0000000000000036                __P6DIR = 0x36
                0x0000000000000037                __P6SEL = 0x37
                0x0000000000000013                __P6REN = 0x13
                0x0000000000000038                __P7IN = 0x38
                0x000000000000003a                __P7OUT = 0x3a
                0x000000000000003c                __P7DIR = 0x3c
                0x000000000000003e                __P7SEL = 0x3e
                0x0000000000000014                __P7REN = 0x14
                0x0000000000000039                __P8IN = 0x39
                0x000000000000003b                __P8OUT = 0x3b
                0x000000000000003d                __P8DIR = 0x3d
                0x000000000000003f                __P8SEL = 0x3f
                0x0000000000000015                __P8REN = 0x15
                0x0000000000000038                __PAIN = 0x38
                0x000000000000003a                __PAOUT = 0x3a
                0x000000000000003c                __PADIR = 0x3c
                0x000000000000003e                __PASEL = 0x3e
                0x0000000000000014                __PAREN = 0x14
                0x0000000000000055                __SVSCTL = 0x55
                0x000000000000012e                __TAIV = 0x12e
                0x0000000000000160                __TACTL = 0x160
                0x0000000000000162                __TACCTL0 = 0x162
                0x0000000000000164                __TACCTL1 = 0x164
                0x0000000000000166                __TACCTL2 = 0x166
                0x0000000000000170                __TAR = 0x170
                0x0000000000000172                __TACCR0 = 0x172
                0x0000000000000174                __TACCR1 = 0x174
                0x0000000000000176                __TACCR2 = 0x176
                0x000000000000011e                __TBIV = 0x11e
                0x0000000000000180                __TBCTL = 0x180
                0x0000000000000182                __TBCCTL0 = 0x182
                0x0000000000000184                __TBCCTL1 = 0x184
                0x0000000000000186                __TBCCTL2 = 0x186
                0x0000000000000188                __TBCCTL3 = 0x188
                0x000000000000018a                __TBCCTL4 = 0x18a
                0x000000000000018c                __TBCCTL5 = 0x18c
                0x000000000000018e                __TBCCTL6 = 0x18e
                0x0000000000000190                __TBR = 0x190
                0x0000000000000192                __TBCCR0 = 0x192
                0x0000000000000194                __TBCCR1 = 0x194
                0x0000000000000196                __TBCCR2 = 0x196
                0x0000000000000198                __TBCCR3 = 0x198
                0x000000000000019a                __TBCCR4 = 0x19a
                0x000000000000019c                __TBCCR5 = 0x19c
                0x000000000000019e                __TBCCR6 = 0x19e
                0x0000000000000060                __UCA0CTL0 = 0x60
                0x0000000000000061                __UCA0CTL1 = 0x61
                0x0000000000000062                __UCA0BR0 = 0x62
                0x0000000000000063                __UCA0BR1 = 0x63
                0x0000000000000064                __UCA0MCTL = 0x64
                0x0000000000000065                __UCA0STAT = 0x65
                0x0000000000000066                __UCA0RXBUF = 0x66
                0x0000000000000067                __UCA0TXBUF = 0x67
                0x000000000000005d                __UCA0ABCTL = 0x5d
                0x000000000000005e                __UCA0IRTCTL = 0x5e
                0x000000000000005f                __UCA0IRRCTL = 0x5f
                0x0000000000000068                __UCB0CTL0 = 0x68
                0x0000000000000069                __UCB0CTL1 = 0x69
                0x000000000000006a                __UCB0BR0 = 0x6a
                0x000000000000006b                __UCB0BR1 = 0x6b
                0x000000000000006c                __UCB0I2CIE = 0x6c
                0x000000000000006d                __UCB0STAT = 0x6d
                0x000000000000006e                __UCB0RXBUF = 0x6e
                0x000000000000006f                __UCB0TXBUF = 0x6f
                0x0000000000000118                __UCB0I2COA = 0x118
                0x000000000000011a                __UCB0I2CSA = 0x11a
                0x00000000000000d0                __UCA1CTL0 = 0xd0
                0x00000000000000d1                __UCA1CTL1 = 0xd1
                0x00000000000000d2                __UCA1BR0 = 0xd2
                0x00000000000000d3                __UCA1BR1 = 0xd3
                0x00000000000000d4                __UCA1MCTL = 0xd4
                0x00000000000000d5                __UCA1STAT = 0xd5
                0x00000000000000d6                __UCA1RXBUF = 0xd6
                0x00000000000000d7                __UCA1TXBUF = 0xd7
                0x00000000000000cd                __UCA1ABCTL = 0xcd
                0x00000000000000ce                __UCA1IRTCTL = 0xce
                0x00000000000000cf                __UCA1IRRCTL = 0xcf
                0x00000000000000d8                __UCB1CTL0 = 0xd8
                0x00000000000000d9                __UCB1CTL1 = 0xd9
                0x00000000000000da                __UCB1BR0 = 0xda
                0x00000000000000db                __UCB1BR1 = 0xdb
                0x00000000000000dc                __UCB1I2CIE = 0xdc
                0x00000000000000dd                __UCB1STAT = 0xdd
                0x00000000000000de                __UCB1RXBUF = 0xde
                0x00000000000000df                __UCB1TXBUF = 0xdf
                0x000000000000017c                __UCB1I2COA = 0x17c
                0x000000000000017e                __UCB1I2CSA = 0x17e
                0x0000000000000120                __WDTCTL = 0x120
                0x00000000000010c0                __TLV_CHECKSUM = 0x10c0
                0x00000000000010f6                __TLV_DCO_30_TAG = 0x10f6
                0x00000000000010f7                __TLV_DCO_30_LEN = 0x10f7
                0x00000000000010da                __TLV_ADC12_1_TAG = 0x10da
                0x00000000000010db                __TLV_ADC12_1_LEN = 0x10db
                0x00000000000010f8                __CALDCO_16MHZ = 0x10f8
                0x00000000000010f9                __CALBC1_16MHZ = 0x10f9
                0x00000000000010fa                __CALDCO_12MHZ = 0x10fa
                0x00000000000010fb                __CALBC1_12MHZ = 0x10fb
                0x00000000000010fc                __CALDCO_8MHZ = 0x10fc
                0x00000000000010fd                __CALBC1_8MHZ = 0x10fd
                0x00000000000010fe                __CALDCO_1MHZ = 0x10fe
                0x00000000000010ff                __CALBC1_1MHZ = 0x10ff

.hash
 *(.hash)

.dynsym
 *(.dynsym)

.dynstr
 *(.dynstr)

.gnu.version
 *(.gnu.version)

.gnu.version_d
 *(.gnu.version_d)

.gnu.version_r
 *(.gnu.version_r)

.rel.init
 *(.rel.init)

.rela.init
 *(.rela.init)

.rel.fini
 *(.rel.fini)

.rela.fini
 *(.rela.fini)

.rel.text
 *(.rel.text .rel.text.* .rel.gnu.linkonce.t.*)

.rela.text
 *(.rela.text .rela.text.* .rela.gnu.linkonce.t.*)

.rel.rodata
 *(.rel.rodata .rel.rodata.* .rel.gnu.linkonce.r.*)

.rela.rodata
 *(.rela.rodata .rela.rodata.* .rela.gnu.linkonce.r.*)

.rel.data
 *(.rel.data .rel.data.* .rel.gnu.linkonce.d.*)

.rela.data
 *(.rela.data .rela.data.* .rela.gnu.linkonce.d.*)

.rel.bss
 *(.rel.bss .rel.bss.* .rel.gnu.linkonce.b.*)

.rela.bss
 *(.rela.bss .rela.bss.* .rela.gnu.linkonce.b.*)

.rel.ctors
 *(.rel.ctors)

.rela.ctors
 *(.rela.ctors)

.rel.dtors
 *(.rel.dtors)

.rela.dtors
 *(.rela.dtors)

.rel.got
 *(.rel.got)

.rela.got
 *(.rela.got)

.rel.plt
 *(.rel.plt)

.rela.plt
 *(.rela.plt)

.text           0x0000000000003100     0xa3c2
                0x0000000000003100                . = ALIGN (0x2)
 *(.init .init.*)
 *(.init0)
 .init0         0x0000000000003100        0x0 /home/netlab/opt/compilers/mspgcc-4.7.3/bin/../lib/gcc/msp430/4.7.3/mcpu-430x/mmpy-16/msr20/mc20/libcrt0.a(_reset_vector__.o)
                0x0000000000003100                _reset_vector__
 *(.init1)
 .init1         0x0000000000003100        0xc /home/netlab/opt/compilers/mspgcc-4.7.3/bin/../lib/gcc/msp430/4.7.3/mcpu-430x/mmpy-16/msr20/mc20/libcrt0.a(__watchdog_support.o)
                0x0000000000003100                __watchdog_support
 *(.init2)
 .init2         0x000000000000310c        0x4 /home/netlab/opt/compilers/mspgcc-4.7.3/bin/../lib/gcc/msp430/4.7.3/mcpu-430x/mmpy-16/msr20/mc20/libcrt0.a(__init_stack.o)
                0x000000000000310c                __init_stack
 *(.init3)
 .init3         0x0000000000003110        0x0 /home/netlab/opt/compilers/mspgcc-4.7.3/bin/../lib/gcc/msp430/4.7.3/mcpu-430x/mmpy-16/msr20/mc20/libcrt0.a(__low_level_init.o)
                0x0000000000003110                __low_level_init
 *(.init4)
 .init4         0x0000000000003110       0x18 /home/netlab/opt/compilers/mspgcc-4.7.3/bin/../lib/gcc/msp430/4.7.3/mcpu-430x/mmpy-16/msr20/mc20/libcrt0.a(_copy_data.o)
                0x0000000000003110                __do_copy_data
 .init4         0x0000000000003128       0x16 /home/netlab/opt/compilers/mspgcc-4.7.3/bin/../lib/gcc/msp430/4.7.3/mcpu-430x/mmpy-16/msr20/mc20/libcrt0.a(_clear_bss.o)
                0x0000000000003128                __do_clear_bss
 *(.init5)
 *(.init6)
 *(.init7)
 *(.init8)
 *(.init9)
 .init9         0x000000000000313e      0x374 obj_z1/contiki-z1-main.o
                0x000000000000313e                main
 *(.fini9)
 .fini9         0x00000000000034b2        0x0 /home/netlab/opt/compilers/mspgcc-4.7.3/bin/../lib/gcc/msp430/4.7.3/mcpu-430x/mmpy-16/msr20/mc20/libcrt0.a(__stop_progExec__.o)
                0x00000000000034b2                __stop_progExec__
 *(.fini8)
 *(.fini7)
 *(.fini6)
 *(.fini5)
 *(.fini4)
 *(.fini3)
 *(.fini2)
 *(.fini1)
 *(.fini0)
 .fini0         0x00000000000034b2        0x6 /home/netlab/opt/compilers/mspgcc-4.7.3/bin/../lib/gcc/msp430/4.7.3/mcpu-430x/mmpy-16/msr20/mc20/libcrt0.a(_endless_loop__.o)
                0x00000000000034b2                _endless_loop__
 *(.fini .fini.*)
                0x00000000000034b8                . = ALIGN (0x2)
                0x00000000000034b8                __ctors_start = .
 *(.ctors)
                0x00000000000034b8                __ctors_end = .
                0x00000000000034b8                __dtors_start = .
 *(.dtors)
                0x00000000000034b8                __dtors_end = .
                0x00000000000034b8                . = ALIGN (0x2)
 *(.text .text.* .gnu.linkonce.t.*)
 .text          0x00000000000034b8        0x4 /home/netlab/opt/compilers/mspgcc-4.7.3/bin/../lib/gcc/msp430/4.7.3/mcpu-430x/mmpy-16/msr20/mc20/crt0ivtbl32.o
                0x00000000000034b8                __isr_14
                0x00000000000034b8                __isr_4
                0x00000000000034b8                __isr_29
                0x00000000000034b8                __isr_11
                0x00000000000034b8                __isr_5
                0x00000000000034b8                __isr_2
                0x00000000000034b8                __isr_10
                0x00000000000034b8                __isr_7
                0x00000000000034b8                __isr_0
                0x00000000000034b8                __isr_28
                0x00000000000034b8                __isr_8
                0x00000000000034b8                __isr_20
                0x00000000000034b8                __isr_3
                0x00000000000034b8                __isr_12
                0x00000000000034b8                __isr_13
                0x00000000000034b8                __isr_27
                0x00000000000034b8                __isr_9
                0x00000000000034b8                __isr_30
                0x00000000000034b8                __isr_6
                0x00000000000034b8                __isr_22
                0x00000000000034b8                __isr_1
                0x00000000000034b8                __isr_15
                0x00000000000034b8                __isr_21
 .text.libgcc   0x00000000000034bc       0x26 /home/netlab/opt/compilers/mspgcc-4.7.3/bin/../lib/gcc/msp430/4.7.3/mcpu-430x/mmpy-16/msr20/mc20/libgcc.a(_mulsi3.o)
                0x00000000000034bc                __mulsi3
 .text.libgcc   0x00000000000034e2       0x22 /home/netlab/opt/compilers/mspgcc-4.7.3/bin/../lib/gcc/msp430/4.7.3/mcpu-430x/mmpy-16/msr20/mc20/libgcc.a(_udivmod16.o)
                0x00000000000034e2                __udivhi3
                0x00000000000034e2                __ext_udivmod16
                0x00000000000034fc                __umodhi3
 .text.libgcc   0x0000000000003504       0x3a /home/netlab/opt/compilers/mspgcc-4.7.3/bin/../lib/gcc/msp430/4.7.3/mcpu-430x/mmpy-16/msr20/mc20/libgcc.a(_divmod16.o)
                0x0000000000003504                __ext_divmod16
                0x0000000000003504                __divhi3
                0x0000000000003536                __modhi3
 .text.libgcc   0x000000000000353e       0x38 /home/netlab/opt/compilers/mspgcc-4.7.3/bin/../lib/gcc/msp430/4.7.3/mcpu-430x/mmpy-16/msr20/mc20/libgcc.a(_udivmod32.o)
                0x000000000000353e                __udivsi3
                0x000000000000353e                __ext_udivmod32
                0x000000000000356c                __umodsi3
 .text.libgcc   0x0000000000003576       0x4c /home/netlab/opt/compilers/mspgcc-4.7.3/bin/../lib/gcc/msp430/4.7.3/mcpu-430x/mmpy-16/msr20/mc20/libgcc.a(_divmod32.o)
                0x0000000000003576                __ext_divmod32
                0x0000000000003576                __divsi3
                0x00000000000035b8                __modsi3
 .text.libgcc   0x00000000000035c2       0xbc /home/netlab/opt/compilers/mspgcc-4.7.3/bin/../lib/gcc/msp430/4.7.3/mcpu-430x/mmpy-16/msr20/mc20/libgcc.a(_udivmod64.o)
                0x00000000000035c2                __xabi_udivmod64
                0x0000000000003614                __udivdi3
                0x000000000000362e                __umoddi3
                0x0000000000003650                __udivmoddi4
 .text.crt0     0x000000000000367e        0x2 /home/netlab/opt/compilers/mspgcc-4.7.3/bin/../lib/gcc/msp430/4.7.3/mcpu-430x/mmpy-16/msr20/mc20/libcrt0.a(_unexpected_.o)
                0x000000000000367e                _unexpected_
 *(.near.text .near.text.*)
 .near.text.watchdog_interrupt
                0x0000000000003680        0x6 contiki-z1.a(watchdog.o)
                0x0000000000003680                __isr_26
                0x0000000000003680                watchdog_interrupt
 .near.text.uart0_rx_interrupt
                0x0000000000003686       0x64 contiki-z1.a(uart0.o)
                0x0000000000003686                __isr_23
                0x0000000000003686                uart0_rx_interrupt
 .near.text.port1_isr
                0x00000000000036ea       0xbe contiki-z1.a(adxl345.o)
                0x00000000000036ea                port1_isr
                0x00000000000036ea                __isr_18
 .near.text.timera1
                0x00000000000037a8      0x10a contiki-z1.a(clock.o)
                0x00000000000037a8                __isr_24
                0x00000000000037a8                timera1
 .near.text.timera0
                0x00000000000038b2       0x5c contiki-z1.a(rtimer-arch.o)
                0x00000000000038b2                __isr_25
                0x00000000000038b2                timera0
 .near.text.i2c_tx_interrupt
                0x000000000000390e       0x84 contiki-z1.a(i2cmaster.o)
                0x000000000000390e                __isr_16
                0x000000000000390e                i2c_tx_interrupt
 .near.text.i2c_rx_interrupt
                0x0000000000003992       0x14 contiki-z1.a(i2cmaster.o)
                0x0000000000003992                i2c_rx_interrupt
                0x0000000000003992                __isr_17
 .near.text.irq_p2
                0x00000000000039a6       0x76 contiki-z1.a(button-sensor.o)
                0x00000000000039a6                irq_p2
                0x00000000000039a6                __isr_19
 .any.text.process_thread_udp_client_process
                0x0000000000003a1c      0x164 udp-sender.co
 .any.text.collect_common_set_sink
                0x0000000000003b80        0x2 udp-sender.co
                0x0000000000003b80                collect_common_set_sink
 .any.text.collect_common_net_print
                0x0000000000003b82       0x52 udp-sender.co
                0x0000000000003b82                collect_common_net_print
 .any.text.collect_common_send
                0x0000000000003bd4       0xf0 udp-sender.co
                0x0000000000003bd4                collect_common_send
 .any.text.collect_common_net_init
                0x0000000000003cc4        0xe udp-sender.co
                0x0000000000003cc4                collect_common_net_init
 .any.text.process_thread_collect_common_process
                0x0000000000003cd2      0x1c6 obj_z1/collect-common.o
 .any.text.collect_view_construct_message
                0x0000000000003e98      0x128 contiki-z1.a(collect-view.o)
                0x0000000000003e98                collect_view_construct_message
 .any.text.collect_view_arch_read_sensors
                0x0000000000003fc0       0x32 contiki-z1.a(collect-view-z1)
                0x0000000000003fc0                collect_view_arch_read_sensors
 .any.text.init_platform
                0x0000000000003ff2        0xc contiki-z1.a(contiki-z1-plat)
                0x0000000000003ff2                init_platform
 .any.text.msp430_init_dco
                0x0000000000003ffe       0x28 contiki-z1.a(msp430.o)
                0x0000000000003ffe                msp430_init_dco
 .any.text.splhigh_
                0x0000000000004026        0x8 contiki-z1.a(msp430.o)
                0x0000000000004026                splhigh_
 .any.text.msp430_sync_dco
                0x000000000000402e       0x6e contiki-z1.a(msp430.o)
                0x000000000000402e                msp430_sync_dco
 .any.text.msp430_cpu_init
                0x000000000000409c       0x2e contiki-z1.a(msp430.o)
                0x000000000000409c                msp430_cpu_init
 .any.text.show_leds
                0x00000000000040ca       0xe8 contiki-z1.a(leds.o)
 .any.text.leds_init
                0x00000000000041b2        0xa contiki-z1.a(leds.o)
                0x00000000000041b2                leds_init
 .any.text.leds_on
                0x00000000000041bc        0xa contiki-z1.a(leds.o)
                0x00000000000041bc                leds_on
 .any.text.leds_off
                0x00000000000041c6        0xe contiki-z1.a(leds.o)
                0x00000000000041c6                leds_off
 .any.text.watchdog_start
                0x00000000000041d4       0x14 contiki-z1.a(watchdog.o)
                0x00000000000041d4                watchdog_start
 .any.text.watchdog_periodic
                0x00000000000041e8       0x12 contiki-z1.a(watchdog.o)
                0x00000000000041e8                watchdog_periodic
 .any.text.watchdog_stop
                0x00000000000041fa       0x16 contiki-z1.a(watchdog.o)
                0x00000000000041fa                watchdog_stop
 .any.text.watchdog_init
                0x0000000000004210       0x12 contiki-z1.a(watchdog.o)
                0x0000000000004210                watchdog_init
 .any.text.wait_ready
                0x0000000000004222       0x46 contiki-z1.a(xmem.o)
 .any.text.xmem_init
                0x0000000000004268       0x1e contiki-z1.a(xmem.o)
                0x0000000000004268                xmem_init
 .any.text.xmem_pread
                0x0000000000004286       0xc0 contiki-z1.a(xmem.o)
                0x0000000000004286                xmem_pread
 .any.text.spi_init
                0x0000000000004346       0x32 contiki-z1.a(spi.o)
                0x0000000000004346                spi_init
 .any.text.get_object
                0x0000000000004378        0x4 contiki-z1.a(cc2420.o)
 .any.text.set_object
                0x000000000000437c        0x4 contiki-z1.a(cc2420.o)
 .any.text.strobe
                0x0000000000004380       0x1a contiki-z1.a(cc2420.o)
 .any.text.getreg
                0x000000000000439a       0x46 contiki-z1.a(cc2420.o)
 .any.text.setreg
                0x00000000000043e0       0x44 contiki-z1.a(cc2420.o)
 .any.text.write_ram
                0x0000000000004424       0x72 contiki-z1.a(cc2420.o)
 .any.text.write_fifo_buf
                0x0000000000004496       0x38 contiki-z1.a(cc2420.o)
 .any.text.get_status
                0x00000000000044ce       0x1e contiki-z1.a(cc2420.o)
 .any.text.set_txpower
                0x00000000000044ec       0x24 contiki-z1.a(cc2420.o)
 .any.text.cc2420_receiving_packet
                0x0000000000004510        0xa contiki-z1.a(cc2420.o)
 .any.text.pending_packet
                0x000000000000451a        0xa contiki-z1.a(cc2420.o)
 .any.text.on   0x0000000000004524       0x26 contiki-z1.a(cc2420.o)
 .any.text.wait_for_transmission
                0x000000000000454a       0x22 contiki-z1.a(cc2420.o)
 .any.text.wait_for_status
                0x000000000000456c       0x24 contiki-z1.a(cc2420.o)
 .any.text.getrxdata
                0x0000000000004590       0x4c contiki-z1.a(cc2420.o)
 .any.text.flushrx
                0x00000000000045dc       0x1a contiki-z1.a(cc2420.o)
 .any.text.off  0x00000000000045f6       0x5a contiki-z1.a(cc2420.o)
 .any.text.RELEASE_LOCK
                0x0000000000004650       0x28 contiki-z1.a(cc2420.o)
 .any.text.set_frame_filtering
                0x0000000000004678       0x30 contiki-z1.a(cc2420.o)
 .any.text.set_auto_ack
                0x00000000000046a8       0x30 contiki-z1.a(cc2420.o)
 .any.text.set_poll_mode
                0x00000000000046d8       0x2c contiki-z1.a(cc2420.o)
 .any.text.cc2420_prepare
                0x0000000000004704       0x38 contiki-z1.a(cc2420.o)
 .any.text.cc2420_on
                0x000000000000473c       0x22 contiki-z1.a(cc2420.o)
                0x000000000000473c                cc2420_on
 .any.text.cc2420_off
                0x000000000000475e       0x30 contiki-z1.a(cc2420.o)
                0x000000000000475e                cc2420_off
 .any.text.cc2420_cca
                0x000000000000478e       0x54 contiki-z1.a(cc2420.o)
 .any.text.cc2420_read
                0x00000000000047e2       0xb8 contiki-z1.a(cc2420.o)
 .any.text.process_thread_cc2420_process
                0x000000000000489a       0x5c contiki-z1.a(cc2420.o)
 .any.text.cc2420_set_channel
                0x00000000000048f6       0x3a contiki-z1.a(cc2420.o)
                0x00000000000048f6                cc2420_set_channel
 .any.text.cc2420_set_pan_addr
                0x0000000000004930       0x4c contiki-z1.a(cc2420.o)
                0x0000000000004930                cc2420_set_pan_addr
 .any.text.cc2420_interrupt
                0x000000000000497c       0x16 contiki-z1.a(cc2420.o)
                0x000000000000497c                cc2420_interrupt
 .any.text.cc2420_set_txpower
                0x0000000000004992        0xe contiki-z1.a(cc2420.o)
                0x0000000000004992                cc2420_set_txpower
 .any.text.cc2420_get_txpower
                0x00000000000049a0       0x1e contiki-z1.a(cc2420.o)
                0x00000000000049a0                cc2420_get_txpower
 .any.text.cc2420_transmit
                0x00000000000049be      0x10e contiki-z1.a(cc2420.o)
 .any.text.cc2420_send
                0x0000000000004acc       0x12 contiki-z1.a(cc2420.o)
 .any.text.cc2420_rssi
                0x0000000000004ade       0x48 contiki-z1.a(cc2420.o)
                0x0000000000004ade                cc2420_rssi
 .any.text.get_value
                0x0000000000004b26      0x104 contiki-z1.a(cc2420.o)
 .any.text.cc2420_set_cca_threshold
                0x0000000000004c2a       0x16 contiki-z1.a(cc2420.o)
                0x0000000000004c2a                cc2420_set_cca_threshold
 .any.text.set_value
                0x0000000000004c40       0xb2 contiki-z1.a(cc2420.o)
 .any.text.cc2420_init
                0x0000000000004cf2       0xf2 contiki-z1.a(cc2420.o)
                0x0000000000004cf2                cc2420_init
 .any.text.cc2420_arch_init
                0x0000000000004de4       0x1a contiki-z1.a(cc2420-arch.o)
                0x0000000000004de4                cc2420_arch_init
 .any.text.node_id_restore
                0x0000000000004dfe       0x4c contiki-z1.a(node-id.o)
                0x0000000000004dfe                node_id_restore
 .any.text.process_thread_sensors_process
                0x0000000000004e4a       0xc2 contiki-z1.a(sensors.o)
 .any.text.sensors_changed
                0x0000000000004f0c       0x2a contiki-z1.a(sensors.o)
                0x0000000000004f0c                sensors_changed
 .any.text.uart0_active
                0x0000000000004f36        0xe contiki-z1.a(uart0.o)
                0x0000000000004f36                uart0_active
 .any.text.uart0_set_input
                0x0000000000004f44        0x6 contiki-z1.a(uart0.o)
                0x0000000000004f44                uart0_set_input
 .any.text.uart0_writeb
                0x0000000000004f4a       0x16 contiki-z1.a(uart0.o)
                0x0000000000004f4a                uart0_writeb
 .any.text.uart0_init
                0x0000000000004f60       0x4e contiki-z1.a(uart0.o)
                0x0000000000004f60                uart0_init
 .any.text.putchar
                0x0000000000004fae       0x10 contiki-z1.a(uart0-putchar.o)
                0x0000000000004fae                putchar
 .any.text.status
                0x0000000000004fbe       0x12 contiki-z1.a(adxl345.o)
 .any.text.accm_write_reg
                0x0000000000004fd0       0x2e contiki-z1.a(adxl345.o)
 .any.text.accm_write_stream
                0x0000000000004ffe       0x2a contiki-z1.a(adxl345.o)
 .any.text.accm_read_reg
                0x0000000000005028       0x54 contiki-z1.a(adxl345.o)
 .any.text.process_thread_accmeter_process
                0x000000000000507c       0x56 contiki-z1.a(adxl345.o)
 .any.text.accm_read_axis.part.0
                0x00000000000050d2       0x5a contiki-z1.a(adxl345.o)
 .any.text.value
                0x000000000000512c       0x1e contiki-z1.a(adxl345.o)
 .any.text.accm_init
                0x000000000000514a       0x78 contiki-z1.a(adxl345.o)
                0x000000000000514a                accm_init
 .any.text.accm_stop
                0x00000000000051c2       0x32 contiki-z1.a(adxl345.o)
                0x00000000000051c2                accm_stop
 .any.text.configure
                0x00000000000051f4       0x26 contiki-z1.a(adxl345.o)
 .any.text.status
                0x000000000000521a       0x12 contiki-z1.a(tmp102.o)
 .any.text.tmp102_init
                0x000000000000522c       0x24 contiki-z1.a(tmp102.o)
                0x000000000000522c                tmp102_init
 .any.text.tmp102_stop
                0x0000000000005250        0xa contiki-z1.a(tmp102.o)
                0x0000000000005250                tmp102_stop
 .any.text.configure
                0x000000000000525a       0x26 contiki-z1.a(tmp102.o)
 .any.text.tmp102_read_reg
                0x0000000000005280       0x5e contiki-z1.a(tmp102.o)
                0x0000000000005280                tmp102_read_reg
 .any.text.tmp102_read_temp_raw
                0x00000000000052de        0x8 contiki-z1.a(tmp102.o)
                0x00000000000052de                tmp102_read_temp_raw
 .any.text.tmp102_read_temp_x100
                0x00000000000052e6       0x58 contiki-z1.a(tmp102.o)
                0x00000000000052e6                tmp102_read_temp_x100
 .any.text.value
                0x000000000000533e        0x6 contiki-z1.a(tmp102.o)
 .any.text.clock_time
                0x0000000000005344       0x1a contiki-z1.a(clock.o)
                0x0000000000005344                clock_time
 .any.text.clock_init
                0x000000000000535e       0x28 contiki-z1.a(clock.o)
                0x000000000000535e                clock_init
 .any.text.clock_delay
                0x0000000000005386        0xc contiki-z1.a(clock.o)
                0x0000000000005386                clock_delay
 .any.text.clock_wait
                0x0000000000005392       0x24 contiki-z1.a(clock.o)
                0x0000000000005392                clock_wait
 .any.text.clock_seconds
                0x00000000000053b6       0x1a contiki-z1.a(clock.o)
                0x00000000000053b6                clock_seconds
 .any.text.leds_arch_init
                0x00000000000053d0        0xe contiki-z1.a(leds-arch.o)
                0x00000000000053d0                leds_arch_init
 .any.text.leds_arch_set
                0x00000000000053de       0x38 contiki-z1.a(leds-arch.o)
                0x00000000000053de                leds_arch_set
 .any.text.rtimer_arch_init
                0x0000000000005416        0xe contiki-z1.a(rtimer-arch.o)
                0x0000000000005416                rtimer_arch_init
 .any.text.rtimer_arch_now
                0x0000000000005424        0xe contiki-z1.a(rtimer-arch.o)
                0x0000000000005424                rtimer_arch_now
 .any.text.rtimer_arch_schedule
                0x0000000000005432        0x6 contiki-z1.a(rtimer-arch.o)
                0x0000000000005432                rtimer_arch_schedule
 .any.text.autostart_start
                0x0000000000005438       0x16 contiki-z1.a(autostart.o)
                0x0000000000005438                autostart_start
 .any.text.process_thread_ctimer_process
                0x000000000000544e       0xa0 contiki-z1.a(ctimer.o)
 .any.text.ctimer_init
                0x00000000000054ee       0x18 contiki-z1.a(ctimer.o)
                0x00000000000054ee                ctimer_init
 .any.text.ctimer_set_with_process
                0x0000000000005506       0x4a contiki-z1.a(ctimer.o)
                0x0000000000005506                ctimer_set_with_process
 .any.text.ctimer_set
                0x0000000000005550       0x10 contiki-z1.a(ctimer.o)
                0x0000000000005550                ctimer_set
 .any.text.ctimer_reset
                0x0000000000005560       0x2c contiki-z1.a(ctimer.o)
                0x0000000000005560                ctimer_reset
 .any.text.ctimer_restart
                0x000000000000558c       0x2c contiki-z1.a(ctimer.o)
                0x000000000000558c                ctimer_restart
 .any.text.ctimer_stop
                0x00000000000055b8       0x28 contiki-z1.a(ctimer.o)
                0x00000000000055b8                ctimer_stop
 .any.text.energest_init
                0x00000000000055e0       0x24 contiki-z1.a(energest.o)
                0x00000000000055e0                energest_init
 .any.text.energest_type_time
                0x0000000000005604       0x3c contiki-z1.a(energest.o)
                0x0000000000005604                energest_type_time
 .any.text.energest_type_set
                0x0000000000005640        0xc contiki-z1.a(energest.o)
                0x0000000000005640                energest_type_set
 .any.text.energest_flush
                0x000000000000564c       0x38 contiki-z1.a(energest.o)
                0x000000000000564c                energest_flush
 .any.text.update_time
                0x0000000000005684       0x70 contiki-z1.a(etimer.o)
 .any.text.etimer_request_poll
                0x00000000000056f4        0xa contiki-z1.a(etimer.o)
                0x00000000000056f4                etimer_request_poll
 .any.text.process_thread_etimer_process
                0x00000000000056fe       0xc4 contiki-z1.a(etimer.o)
 .any.text.add_timer
                0x00000000000057c2       0x40 contiki-z1.a(etimer.o)
 .any.text.etimer_set
                0x0000000000005802       0x12 contiki-z1.a(etimer.o)
                0x0000000000005802                etimer_set
 .any.text.etimer_reset
                0x0000000000005814       0x12 contiki-z1.a(etimer.o)
                0x0000000000005814                etimer_reset
 .any.text.etimer_restart
                0x0000000000005826       0x12 contiki-z1.a(etimer.o)
                0x0000000000005826                etimer_restart
 .any.text.etimer_expired
                0x0000000000005838        0xe contiki-z1.a(etimer.o)
                0x0000000000005838                etimer_expired
 .any.text.etimer_expiration_time
                0x0000000000005846       0x14 contiki-z1.a(etimer.o)
                0x0000000000005846                etimer_expiration_time
 .any.text.etimer_pending
                0x000000000000585a        0xc contiki-z1.a(etimer.o)
                0x000000000000585a                etimer_pending
 .any.text.etimer_next_expiration_time
                0x0000000000005866       0x16 contiki-z1.a(etimer.o)
                0x0000000000005866                etimer_next_expiration_time
 .any.text.etimer_stop
                0x000000000000587c       0x3e contiki-z1.a(etimer.o)
                0x000000000000587c                etimer_stop
 .any.text.call_process
                0x00000000000058ba       0x40 contiki-z1.a(process.o)
 .any.text.exit_process
                0x00000000000058fa       0x88 contiki-z1.a(process.o)
 .any.text.do_poll
                0x0000000000005982       0x30 contiki-z1.a(process.o)
 .any.text.process_alloc_event
                0x00000000000059b2        0xe contiki-z1.a(process.o)
                0x00000000000059b2                process_alloc_event
 .any.text.process_init
                0x00000000000059c0       0x1c contiki-z1.a(process.o)
                0x00000000000059c0                process_init
 .any.text.process_run
                0x00000000000059dc       0x8c contiki-z1.a(process.o)
                0x00000000000059dc                process_run
 .any.text.process_nevents
                0x0000000000005a68        0xe contiki-z1.a(process.o)
                0x0000000000005a68                process_nevents
 .any.text.process_post
                0x0000000000005a76       0x4a contiki-z1.a(process.o)
                0x0000000000005a76                process_post
 .any.text.process_post_synch
                0x0000000000005ac0       0x12 contiki-z1.a(process.o)
                0x0000000000005ac0                process_post_synch
 .any.text.process_start
                0x0000000000005ad2       0x36 contiki-z1.a(process.o)
                0x0000000000005ad2                process_start
 .any.text.process_poll
                0x0000000000005b08       0x18 contiki-z1.a(process.o)
                0x0000000000005b08                process_poll
 .any.text.rtimer_init
                0x0000000000005b20        0x6 contiki-z1.a(rtimer.o)
                0x0000000000005b20                rtimer_init
 .any.text.rtimer_run_next
                0x0000000000005b26       0x26 contiki-z1.a(rtimer.o)
                0x0000000000005b26                rtimer_run_next
 .any.text.timer_set
                0x0000000000005b4c       0x1c contiki-z1.a(timer.o)
                0x0000000000005b4c                timer_set
 .any.text.timer_reset
                0x0000000000005b68        0xe contiki-z1.a(timer.o)
                0x0000000000005b68                timer_reset
 .any.text.timer_restart
                0x0000000000005b76       0x14 contiki-z1.a(timer.o)
                0x0000000000005b76                timer_restart
 .any.text.timer_expired
                0x0000000000005b8a       0x2a contiki-z1.a(timer.o)
                0x0000000000005b8a                timer_expired
 .any.text.process_thread_serial_line_process
                0x0000000000005bb4       0x9e contiki-z1.a(serial-line.o)
 .any.text.serial_line_input_byte
                0x0000000000005c52       0x4a contiki-z1.a(serial-line.o)
                0x0000000000005c52                serial_line_input_byte
 .any.text.serial_line_init
                0x0000000000005c9c       0x1c contiki-z1.a(serial-line.o)
                0x0000000000005c9c                serial_line_init
 .any.text.list_init
                0x0000000000005cb8        0x6 contiki-z1.a(list.o)
                0x0000000000005cb8                list_init
 .any.text.list_head
                0x0000000000005cbe        0x4 contiki-z1.a(list.o)
                0x0000000000005cbe                list_head
 .any.text.list_tail
                0x0000000000005cc2       0x12 contiki-z1.a(list.o)
                0x0000000000005cc2                list_tail
 .any.text.list_remove
                0x0000000000005cd4       0x34 contiki-z1.a(list.o)
                0x0000000000005cd4                list_remove
 .any.text.list_push
                0x0000000000005d08       0x16 contiki-z1.a(list.o)
                0x0000000000005d08                list_push
 .any.text.list_add
                0x0000000000005d1e       0x26 contiki-z1.a(list.o)
                0x0000000000005d1e                list_add
 .any.text.list_length
                0x0000000000005d44       0x10 contiki-z1.a(list.o)
                0x0000000000005d44                list_length
 .any.text.list_item_next
                0x0000000000005d54        0xc contiki-z1.a(list.o)
                0x0000000000005d54                list_item_next
 .any.text.random_init
                0x0000000000005d60        0x6 contiki-z1.a(random.o)
                0x0000000000005d60                random_init
 .any.text.random_rand
                0x0000000000005d66        0x6 contiki-z1.a(random.o)
                0x0000000000005d66                random_rand
 .any.text.ringbuf_init
                0x0000000000005d6c       0x14 contiki-z1.a(ringbuf.o)
                0x0000000000005d6c                ringbuf_init
 .any.text.ringbuf_put
                0x0000000000005d80       0x38 contiki-z1.a(ringbuf.o)
                0x0000000000005d80                ringbuf_put
 .any.text.ringbuf_get
                0x0000000000005db8       0x2e contiki-z1.a(ringbuf.o)
                0x0000000000005db8                ringbuf_get
 .any.text.set_packet_attrs
                0x0000000000005de6       0x46 contiki-z1.a(sicslowpan.o)
 .any.text.addr_context_lookup_by_number
                0x0000000000005e2c       0x30 contiki-z1.a(sicslowpan.o)
 .any.text.compress_addr_64
                0x0000000000005e5c       0x9a contiki-z1.a(sicslowpan.o)
 .any.text.uncompress_addr
                0x0000000000005ef6       0x96 contiki-z1.a(sicslowpan.o)
 .any.text.sicslowpan_init
                0x0000000000005f8c       0x24 contiki-z1.a(sicslowpan.o)
                0x0000000000005f8c                sicslowpan_init
 .any.text.addr_context_lookup_by_prefix
                0x0000000000005fb0       0x4a contiki-z1.a(sicslowpan.o)
 .any.text.packet_sent
                0x0000000000005ffa       0x22 contiki-z1.a(sicslowpan.o)
 .any.text.input
                0x000000000000601c      0x41c contiki-z1.a(sicslowpan.o)
 .any.text.output
                0x0000000000006438      0x52a contiki-z1.a(sicslowpan.o)
 .any.text.uip_ds6_nbr_rm
                0x0000000000006962       0x1e contiki-z1.a(uip-ds6-nbr.o)
                0x0000000000006962                uip_ds6_nbr_rm
 .any.text.uip_ds6_neighbors_init
                0x0000000000006980       0x12 contiki-z1.a(uip-ds6-nbr.o)
                0x0000000000006980                uip_ds6_neighbors_init
 .any.text.uip_ds6_nbr_add
                0x0000000000006992       0x36 contiki-z1.a(uip-ds6-nbr.o)
                0x0000000000006992                uip_ds6_nbr_add
 .any.text.uip_ds6_nbr_get_ll
                0x00000000000069c8        0xc contiki-z1.a(uip-ds6-nbr.o)
                0x00000000000069c8                uip_ds6_nbr_get_ll
 .any.text.uip_ds6_nbr_num
                0x00000000000069d4       0x24 contiki-z1.a(uip-ds6-nbr.o)
                0x00000000000069d4                uip_ds6_nbr_num
 .any.text.uip_ds6_nbr_lookup
                0x00000000000069f8       0x3e contiki-z1.a(uip-ds6-nbr.o)
                0x00000000000069f8                uip_ds6_nbr_lookup
 .any.text.uip_ds6_nbr_ll_lookup
                0x0000000000006a36        0xc contiki-z1.a(uip-ds6-nbr.o)
                0x0000000000006a36                uip_ds6_nbr_ll_lookup
 .any.text.uip_ds6_nbr_ipaddr_from_lladdr
                0x0000000000006a42        0x6 contiki-z1.a(uip-ds6-nbr.o)
                0x0000000000006a42                uip_ds6_nbr_ipaddr_from_lladdr
 .any.text.uip_ds6_nbr_lladdr_from_ipaddr
                0x0000000000006a48       0x12 contiki-z1.a(uip-ds6-nbr.o)
                0x0000000000006a48                uip_ds6_nbr_lladdr_from_ipaddr
 .any.text.uip_ds6_link_neighbor_callback
                0x0000000000006a5a       0x32 contiki-z1.a(uip-ds6-nbr.o)
                0x0000000000006a5a                uip_ds6_link_neighbor_callback
 .any.text.call_route_callback
                0x0000000000006a8c       0x40 contiki-z1.a(uip-ds6-route.o)
 .any.text.uip_ds6_route_init
                0x0000000000006acc       0x36 contiki-z1.a(uip-ds6-route.o)
                0x0000000000006acc                uip_ds6_route_init
 .any.text.uip_ds6_route_nexthop
                0x0000000000006b02       0x1a contiki-z1.a(uip-ds6-route.o)
                0x0000000000006b02                uip_ds6_route_nexthop
 .any.text.uip_ds6_route_head
                0x0000000000006b1c        0xa contiki-z1.a(uip-ds6-route.o)
                0x0000000000006b1c                uip_ds6_route_head
 .any.text.uip_ds6_route_next
                0x0000000000006b26        0xe contiki-z1.a(uip-ds6-route.o)
                0x0000000000006b26                uip_ds6_route_next
 .any.text.uip_ds6_route_is_nexthop
                0x0000000000006b34       0x22 contiki-z1.a(uip-ds6-route.o)
                0x0000000000006b34                uip_ds6_route_is_nexthop
 .any.text.uip_ds6_route_lookup
                0x0000000000006b56       0x6e contiki-z1.a(uip-ds6-route.o)
                0x0000000000006b56                uip_ds6_route_lookup
 .any.text.uip_ds6_route_rm
                0x0000000000006bc4       0xa2 contiki-z1.a(uip-ds6-route.o)
                0x0000000000006bc4                uip_ds6_route_rm
 .any.text.rm_routelist
                0x0000000000006c66       0x34 contiki-z1.a(uip-ds6-route.o)
 .any.text.rm_routelist_callback
                0x0000000000006c9a        0x6 contiki-z1.a(uip-ds6-route.o)
 .any.text.uip_ds6_route_add
                0x0000000000006ca0       0xfc contiki-z1.a(uip-ds6-route.o)
                0x0000000000006ca0                uip_ds6_route_add
 .any.text.uip_ds6_defrt_rm
                0x0000000000006d9c       0x44 contiki-z1.a(uip-ds6-route.o)
                0x0000000000006d9c                uip_ds6_defrt_rm
 .any.text.uip_ds6_defrt_lookup
                0x0000000000006de0       0x32 contiki-z1.a(uip-ds6-route.o)
                0x0000000000006de0                uip_ds6_defrt_lookup
 .any.text.uip_ds6_defrt_add
                0x0000000000006e12       0x68 contiki-z1.a(uip-ds6-route.o)
                0x0000000000006e12                uip_ds6_defrt_add
 .any.text.uip_ds6_defrt_choose
                0x0000000000006e7a       0x36 contiki-z1.a(uip-ds6-route.o)
                0x0000000000006e7a                uip_ds6_defrt_choose
 .any.text.uip_ds6_defrt_periodic
                0x0000000000006eb0       0x38 contiki-z1.a(uip-ds6-route.o)
                0x0000000000006eb0                uip_ds6_defrt_periodic
 .any.text.uip_ds6_list_loop
                0x0000000000006ee8       0x66 contiki-z1.a(uip-ds6.o)
                0x0000000000006ee8                uip_ds6_list_loop
 .any.text.uip_ds6_prefix_add
                0x0000000000006f4e       0x70 contiki-z1.a(uip-ds6.o)
                0x0000000000006f4e                uip_ds6_prefix_add
 .any.text.uip_ds6_is_addr_onlink
                0x0000000000006fbe       0x42 contiki-z1.a(uip-ds6.o)
                0x0000000000006fbe                uip_ds6_is_addr_onlink
 .any.text.uip_ds6_addr_lookup
                0x0000000000007000       0x2a contiki-z1.a(uip-ds6.o)
                0x0000000000007000                uip_ds6_addr_lookup
 .any.text.uip_ds6_get_link_local
                0x000000000000702a       0x3e contiki-z1.a(uip-ds6.o)
                0x000000000000702a                uip_ds6_get_link_local
 .any.text.uip_ds6_maddr_add
                0x0000000000007068       0x48 contiki-z1.a(uip-ds6.o)
                0x0000000000007068                uip_ds6_maddr_add
 .any.text.uip_ds6_addr_add
                0x00000000000070b0       0xb4 contiki-z1.a(uip-ds6.o)
                0x00000000000070b0                uip_ds6_addr_add
 .any.text.uip_ds6_maddr_rm
                0x0000000000007164        0xa contiki-z1.a(uip-ds6.o)
                0x0000000000007164                uip_ds6_maddr_rm
 .any.text.uip_ds6_maddr_lookup
                0x000000000000716e       0x2a contiki-z1.a(uip-ds6.o)
                0x000000000000716e                uip_ds6_maddr_lookup
 .any.text.uip_ds6_addr_rm
                0x0000000000007198       0x54 contiki-z1.a(uip-ds6.o)
                0x0000000000007198                uip_ds6_addr_rm
 .any.text.uip_ds6_periodic
                0x00000000000071ec       0x46 contiki-z1.a(uip-ds6.o)
                0x00000000000071ec                uip_ds6_periodic
 .any.text.uip_ds6_set_addr_iid
                0x0000000000007232       0x14 contiki-z1.a(uip-ds6.o)
                0x0000000000007232                uip_ds6_set_addr_iid
 .any.text.get_match_length
                0x0000000000007246       0x3c contiki-z1.a(uip-ds6.o)
                0x0000000000007246                get_match_length
 .any.text.uip_ds6_select_src
                0x0000000000007282       0x9a contiki-z1.a(uip-ds6.o)
                0x0000000000007282                uip_ds6_select_src
 .any.text.uip_ds6_compute_reachable_time
                0x000000000000731c       0x36 contiki-z1.a(uip-ds6.o)
                0x000000000000731c                uip_ds6_compute_reachable_time
 .any.text.uip_ds6_init
                0x0000000000007352      0x138 contiki-z1.a(uip-ds6.o)
                0x0000000000007352                uip_ds6_init
 .any.text.chksum
                0x000000000000748a       0x32 contiki-z1.a(uip6.o)
 .any.text.upper_layer_chksum
                0x00000000000074bc       0x56 contiki-z1.a(uip6.o)
 .any.text.ext_hdr_options_process
                0x0000000000007512       0xc2 contiki-z1.a(uip6.o)
 .any.text.uip_icmp6chksum
                0x00000000000075d4        0xa contiki-z1.a(uip6.o)
                0x00000000000075d4                uip_icmp6chksum
 .any.text.uip_udpchksum
                0x00000000000075de        0xa contiki-z1.a(uip6.o)
                0x00000000000075de                uip_udpchksum
 .any.text.uip_init
                0x00000000000075e8       0x26 contiki-z1.a(uip6.o)
                0x00000000000075e8                uip_init
 .any.text.remove_ext_hdr
                0x000000000000760e       0x50 contiki-z1.a(uip6.o)
                0x000000000000760e                remove_ext_hdr
 .any.text.uip_udp_new
                0x000000000000765e       0xa2 contiki-z1.a(uip6.o)
                0x000000000000765e                uip_udp_new
 .any.text.uip_process
                0x0000000000007700      0x48c contiki-z1.a(uip6.o)
                0x0000000000007700                uip_process
 .any.text.uip_htonl
                0x0000000000007b8c       0x2a contiki-z1.a(uip6.o)
                0x0000000000007b8c                uip_htonl
 .any.text.tcpip_output
                0x0000000000007bb6       0x10 contiki-z1.a(tcpip.o)
                0x0000000000007bb6                tcpip_output
 .any.text.tcpip_set_outputfunc
                0x0000000000007bc6        0x6 contiki-z1.a(tcpip.o)
                0x0000000000007bc6                tcpip_set_outputfunc
 .any.text.udp_new
                0x0000000000007bcc       0x1a contiki-z1.a(tcpip.o)
                0x0000000000007bcc                udp_new
 .any.text.tcpip_input
                0x0000000000007be6       0x16 contiki-z1.a(tcpip.o)
                0x0000000000007be6                tcpip_input
 .any.text.tcpip_ipv6_output
                0x0000000000007bfc       0xcc contiki-z1.a(tcpip.o)
                0x0000000000007bfc                tcpip_ipv6_output
 .any.text.process_thread_tcpip_process
                0x0000000000007cc8       0xd0 contiki-z1.a(tcpip.o)
 .any.text.tcpip_uipcall
                0x0000000000007d98       0x2a contiki-z1.a(tcpip.o)
                0x0000000000007d98                tcpip_uipcall
 .any.text.uip_debug_ipaddr_print
                0x0000000000007dc2       0xbc contiki-z1.a(uip-debug.o)
                0x0000000000007dc2                uip_debug_ipaddr_print
 .any.text.uip_udp_packet_send
                0x0000000000007e7e       0x2a contiki-z1.a(uip-udp-packet.)
                0x0000000000007e7e                uip_udp_packet_send
 .any.text.uip_udp_packet_sendto
                0x0000000000007ea8       0x56 contiki-z1.a(uip-udp-packet.)
                0x0000000000007ea8                uip_udp_packet_sendto
 .any.text.lollipop_greater_than
                0x0000000000007efe       0x3c contiki-z1.a(rpl-dag.o)
 .any.text.find_parent_any_dag_any_instance
                0x0000000000007f3a       0x14 contiki-z1.a(rpl-dag.o)
 .any.text.rpl_set_preferred_parent
                0x0000000000007f4e       0x2c contiki-z1.a(rpl-dag.o)
 .any.text.set_ip_from_prefix
                0x0000000000007f7a       0x30 contiki-z1.a(rpl-dag.o)
 .any.text.check_prefix
                0x0000000000007faa       0x70 contiki-z1.a(rpl-dag.o)
 .any.text.rpl_dag_init
                0x000000000000801a        0xe contiki-z1.a(rpl-dag.o)
                0x000000000000801a                rpl_dag_init
 .any.text.rpl_get_parent
                0x0000000000008028        0xc contiki-z1.a(rpl-dag.o)
                0x0000000000008028                rpl_get_parent
 .any.text.rpl_get_parent_rank
                0x0000000000008034       0x18 contiki-z1.a(rpl-dag.o)
                0x0000000000008034                rpl_get_parent_rank
 .any.text.rpl_rank_via_parent
                0x000000000000804c       0x2a contiki-z1.a(rpl-dag.o)
                0x000000000000804c                rpl_rank_via_parent
 .any.text.rpl_get_parent_lladdr
                0x0000000000008076        0xc contiki-z1.a(rpl-dag.o)
                0x0000000000008076                rpl_get_parent_lladdr
 .any.text.rpl_get_parent_ipaddr
                0x0000000000008082        0xa contiki-z1.a(rpl-dag.o)
                0x0000000000008082                rpl_get_parent_ipaddr
 .any.text.rpl_get_parent_link_stats
                0x000000000000808c        0xa contiki-z1.a(rpl-dag.o)
                0x000000000000808c                rpl_get_parent_link_stats
 .any.text.rpl_parent_is_fresh
                0x0000000000008096        0xa contiki-z1.a(rpl-dag.o)
                0x0000000000008096                rpl_parent_is_fresh
 .any.text.best_parent
                0x00000000000080a0       0x72 contiki-z1.a(rpl-dag.o)
 .any.text.rpl_parent_is_reachable
                0x0000000000008112       0x4a contiki-z1.a(rpl-dag.o)
                0x0000000000008112                rpl_parent_is_reachable
 .any.text.rpl_set_prefix
                0x000000000000815c       0x74 contiki-z1.a(rpl-dag.o)
                0x000000000000815c                rpl_set_prefix
 .any.text.rpl_set_default_route
                0x00000000000081d0       0x3a contiki-z1.a(rpl-dag.o)
                0x00000000000081d0                rpl_set_default_route
 .any.text.rpl_alloc_instance
                0x000000000000820a       0x34 contiki-z1.a(rpl-dag.o)
                0x000000000000820a                rpl_alloc_instance
 .any.text.rpl_add_parent
                0x000000000000823e       0x3a contiki-z1.a(rpl-dag.o)
                0x000000000000823e                rpl_add_parent
 .any.text.rpl_find_parent
                0x0000000000008278       0x1a contiki-z1.a(rpl-dag.o)
                0x0000000000008278                rpl_find_parent
 .any.text.rpl_find_parent_any_dag
                0x0000000000008292       0x22 contiki-z1.a(rpl-dag.o)
                0x0000000000008292                rpl_find_parent_any_dag
 .any.text.rpl_select_parent
                0x00000000000082b4       0x62 contiki-z1.a(rpl-dag.o)
                0x00000000000082b4                rpl_select_parent
 .any.text.rpl_select_dag
                0x0000000000008316      0x192 contiki-z1.a(rpl-dag.o)
                0x0000000000008316                rpl_select_dag
 .any.text.rpl_nullify_parent
                0x00000000000084a8       0x5c contiki-z1.a(rpl-dag.o)
                0x00000000000084a8                rpl_nullify_parent
 .any.text.rpl_remove_parent
                0x0000000000008504       0x16 contiki-z1.a(rpl-dag.o)
                0x0000000000008504                rpl_remove_parent
 .any.text.nbr_callback
                0x000000000000851a        0x6 contiki-z1.a(rpl-dag.o)
 .any.text.remove_parents.constprop.4
                0x0000000000008520       0x2c contiki-z1.a(rpl-dag.o)
 .any.text.rpl_free_dag
                0x000000000000854c       0x42 contiki-z1.a(rpl-dag.o)
                0x000000000000854c                rpl_free_dag
 .any.text.rpl_move_parent
                0x000000000000858e       0x60 contiki-z1.a(rpl-dag.o)
                0x000000000000858e                rpl_move_parent
 .any.text.rpl_get_dag
                0x00000000000085ee       0x5c contiki-z1.a(rpl-dag.o)
                0x00000000000085ee                rpl_get_dag
 .any.text.rpl_get_any_dag
                0x000000000000864a       0x16 contiki-z1.a(rpl-dag.o)
                0x000000000000864a                rpl_get_any_dag
 .any.text.rpl_get_instance
                0x0000000000008660       0x16 contiki-z1.a(rpl-dag.o)
                0x0000000000008660                rpl_get_instance
 .any.text.rpl_alloc_dag
                0x0000000000008676       0x60 contiki-z1.a(rpl-dag.o)
                0x0000000000008676                rpl_alloc_dag
 .any.text.rpl_repair_root
                0x00000000000086d6       0x4c contiki-z1.a(rpl-dag.o)
                0x00000000000086d6                rpl_repair_root
 .any.text.rpl_find_of
                0x0000000000008722       0x10 contiki-z1.a(rpl-dag.o)
                0x0000000000008722                rpl_find_of
 .any.text.rpl_join_instance
                0x0000000000008732      0x142 contiki-z1.a(rpl-dag.o)
                0x0000000000008732                rpl_join_instance
 .any.text.rpl_local_repair
                0x0000000000008874       0x82 contiki-z1.a(rpl-dag.o)
                0x0000000000008874                rpl_local_repair
 .any.text.rpl_process_parent_event
                0x00000000000088f6       0xa8 contiki-z1.a(rpl-dag.o)
                0x00000000000088f6                rpl_process_parent_event
 .any.text.rpl_recalculate_ranks
                0x000000000000899e       0x44 contiki-z1.a(rpl-dag.o)
                0x000000000000899e                rpl_recalculate_ranks
 .any.text.rpl_add_dag
                0x00000000000089e2      0x104 contiki-z1.a(rpl-dag.o)
                0x00000000000089e2                rpl_add_dag
 .any.text.rpl_process_dio
                0x0000000000008ae6      0x32c contiki-z1.a(rpl-dag.o)
                0x0000000000008ae6                rpl_process_dio
 .any.text.update_hbh_header
                0x0000000000008e12       0xcc contiki-z1.a(rpl-ext-header.)
 .any.text.insert_hbh_header
                0x0000000000008ede       0x94 contiki-z1.a(rpl-ext-header.)
 .any.text.rpl_verify_hbh_header
                0x0000000000008f72       0xf4 contiki-z1.a(rpl-ext-header.)
                0x0000000000008f72                rpl_verify_hbh_header
 .any.text.rpl_remove_header
                0x0000000000009066       0x76 contiki-z1.a(rpl-ext-header.)
                0x0000000000009066                rpl_remove_header
 .any.text.rpl_update_header
                0x00000000000090dc       0x60 contiki-z1.a(rpl-ext-header.)
                0x00000000000090dc                rpl_update_header
 .any.text.get32
                0x000000000000913c       0x3e contiki-z1.a(rpl-icmp6.o)
 .any.text.set32
                0x000000000000917a       0x2a contiki-z1.a(rpl-icmp6.o)
 .any.text.get16
                0x00000000000091a4        0xe contiki-z1.a(rpl-icmp6.o)
 .any.text.set16
                0x00000000000091b2       0x10 contiki-z1.a(rpl-icmp6.o)
 .any.text.dao_ack_input
                0x00000000000091c2        0xa contiki-z1.a(rpl-icmp6.o)
 .any.text.dio_input
                0x00000000000091cc      0x3ce contiki-z1.a(rpl-icmp6.o)
 .any.text.rpl_icmp6_update_nbr_table
                0x000000000000959a       0x5c contiki-z1.a(rpl-icmp6.o)
                0x000000000000959a                rpl_icmp6_update_nbr_table
 .any.text.dao_input
                0x00000000000095f6      0x470 contiki-z1.a(rpl-icmp6.o)
 .any.text.dis_output
                0x0000000000009a66       0x70 contiki-z1.a(rpl-icmp6.o)
                0x0000000000009a66                dis_output
 .any.text.dio_output
                0x0000000000009ad6      0x2b4 contiki-z1.a(rpl-icmp6.o)
                0x0000000000009ad6                dio_output
 .any.text.dis_input
                0x0000000000009d8a       0x96 contiki-z1.a(rpl-icmp6.o)
 .any.text.dao_output_target
                0x0000000000009e20      0x16c contiki-z1.a(rpl-icmp6.o)
                0x0000000000009e20                dao_output_target
 .any.text.dao_output
                0x0000000000009f8c       0xa8 contiki-z1.a(rpl-icmp6.o)
                0x0000000000009f8c                dao_output
 .any.text.rpl_icmp6_register_handlers
                0x000000000000a034       0x22 contiki-z1.a(rpl-icmp6.o)
                0x000000000000a034                rpl_icmp6_register_handlers
 .any.text.reset
                0x000000000000a056        0x2 contiki-z1.a(rpl-mrhof.o)
 .any.text.update_metric_container
                0x000000000000a058        0x6 contiki-z1.a(rpl-mrhof.o)
 .any.text.parent_link_metric
                0x000000000000a05e       0x10 contiki-z1.a(rpl-mrhof.o)
 .any.text.parent_has_usable_link
                0x000000000000a06e       0x14 contiki-z1.a(rpl-mrhof.o)
 .any.text.best_dag
                0x000000000000a082       0x2e contiki-z1.a(rpl-mrhof.o)
 .any.text.parent_path_cost
                0x000000000000a0b0       0x40 contiki-z1.a(rpl-mrhof.o)
 .any.text.parent_is_acceptable
                0x000000000000a0f0       0x2a contiki-z1.a(rpl-mrhof.o)
 .any.text.rank_via_parent
                0x000000000000a11a       0x4e contiki-z1.a(rpl-mrhof.o)
 .any.text.best_parent
                0x000000000000a168       0x76 contiki-z1.a(rpl-mrhof.o)
 .any.text.handle_unicast_dio_timer
                0x000000000000a1de       0x1c contiki-z1.a(rpl-timers.o)
 .any.text.new_dio_interval
                0x000000000000a1fa       0x8a contiki-z1.a(rpl-timers.o)
 .any.text.set_dao_lifetime_timer
                0x000000000000a284       0x7e contiki-z1.a(rpl-timers.o)
 .any.text.handle_periodic_timer
                0x000000000000a302       0x50 contiki-z1.a(rpl-timers.o)
 .any.text.schedule_dao
                0x000000000000a352       0x72 contiki-z1.a(rpl-timers.o)
 .any.text.handle_dio_timer
                0x000000000000a3c4       0x88 contiki-z1.a(rpl-timers.o)
 .any.text.handle_dao_timer
                0x000000000000a44c       0x64 contiki-z1.a(rpl-timers.o)
 .any.text.rpl_reset_periodic_timer
                0x000000000000a4b0       0x54 contiki-z1.a(rpl-timers.o)
                0x000000000000a4b0                rpl_reset_periodic_timer
 .any.text.rpl_reset_dio_timer
                0x000000000000a504       0x18 contiki-z1.a(rpl-timers.o)
                0x000000000000a504                rpl_reset_dio_timer
 .any.text.rpl_schedule_dao
                0x000000000000a51c        0xc contiki-z1.a(rpl-timers.o)
                0x000000000000a51c                rpl_schedule_dao
 .any.text.rpl_schedule_unicast_dio_immediately
                0x000000000000a528       0x16 contiki-z1.a(rpl-timers.o)
                0x000000000000a528                rpl_schedule_unicast_dio_immediately
 .any.text.get_probing_delay
                0x000000000000a53e       0x40 contiki-z1.a(rpl-timers.o)
                0x000000000000a53e                get_probing_delay
 .any.text.get_probing_target
                0x000000000000a57e       0xe2 contiki-z1.a(rpl-timers.o)
                0x000000000000a57e                get_probing_target
 .any.text.rpl_schedule_probing
                0x000000000000a660       0x26 contiki-z1.a(rpl-timers.o)
                0x000000000000a660                rpl_schedule_probing
 .any.text.handle_probing_timer
                0x000000000000a686       0x34 contiki-z1.a(rpl-timers.o)
 .any.text.rpl_get_mode
                0x000000000000a6ba        0x6 contiki-z1.a(rpl.o)
                0x000000000000a6ba                rpl_get_mode
 .any.text.rpl_purge_routes
                0x000000000000a6c0       0x94 contiki-z1.a(rpl.o)
                0x000000000000a6c0                rpl_purge_routes
 .any.text.rpl_remove_routes
                0x000000000000a754       0x22 contiki-z1.a(rpl.o)
                0x000000000000a754                rpl_remove_routes
 .any.text.rpl_remove_routes_by_nexthop
                0x000000000000a776       0x3e contiki-z1.a(rpl.o)
                0x000000000000a776                rpl_remove_routes_by_nexthop
 .any.text.rpl_add_route
                0x000000000000a7b4       0x5c contiki-z1.a(rpl.o)
                0x000000000000a7b4                rpl_add_route
 .any.text.rpl_link_neighbor_callback
                0x000000000000a810       0x4c contiki-z1.a(rpl.o)
                0x000000000000a810                rpl_link_neighbor_callback
 .any.text.rpl_ipv6_neighbor_callback
                0x000000000000a85c       0x1e contiki-z1.a(rpl.o)
                0x000000000000a85c                rpl_ipv6_neighbor_callback
 .any.text.rpl_purge_dags
                0x000000000000a87a       0x60 contiki-z1.a(rpl.o)
                0x000000000000a87a                rpl_purge_dags
 .any.text.rpl_init
                0x000000000000a8da       0x44 contiki-z1.a(rpl.o)
                0x000000000000a8da                rpl_init
 .any.text.periodic
                0x000000000000a91e       0x2c contiki-z1.a(link-stats.o)
 .any.text.link_stats_from_lladdr
                0x000000000000a94a        0xc contiki-z1.a(link-stats.o)
                0x000000000000a94a                link_stats_from_lladdr
 .any.text.link_stats_is_fresh
                0x000000000000a956       0x32 contiki-z1.a(link-stats.o)
                0x000000000000a956                link_stats_is_fresh
 .any.text.link_stats_packet_sent
                0x000000000000a988       0xc4 contiki-z1.a(link-stats.o)
                0x000000000000a988                link_stats_packet_sent
 .any.text.link_stats_input_callback
                0x000000000000aa4c       0xa6 contiki-z1.a(link-stats.o)
                0x000000000000aa4c                link_stats_input_callback
 .any.text.link_stats_init
                0x000000000000aaf2       0x22 contiki-z1.a(link-stats.o)
                0x000000000000aaf2                link_stats_init
 .any.text.linkaddr_copy
                0x000000000000ab14        0x8 contiki-z1.a(linkaddr.o)
                0x000000000000ab14                linkaddr_copy
 .any.text.linkaddr_cmp
                0x000000000000ab1c       0x12 contiki-z1.a(linkaddr.o)
                0x000000000000ab1c                linkaddr_cmp
 .any.text.linkaddr_set_node_addr
                0x000000000000ab2e        0xc contiki-z1.a(linkaddr.o)
                0x000000000000ab2e                linkaddr_set_node_addr
 .any.text.key_from_index
                0x000000000000ab3a       0x18 contiki-z1.a(nbr-table.o)
 .any.text.item_from_index
                0x000000000000ab52       0x2a contiki-z1.a(nbr-table.o)
 .any.text.index_from_key
                0x000000000000ab7c       0x26 contiki-z1.a(nbr-table.o)
 .any.text.index_from_item
                0x000000000000aba2       0x1e contiki-z1.a(nbr-table.o)
 .any.text.nbr_set_bit
                0x000000000000abc0       0x50 contiki-z1.a(nbr-table.o)
 .any.text.index_from_lladdr
                0x000000000000ac10       0x3e contiki-z1.a(nbr-table.o)
 .any.text.nbr_get_bit.constprop.0
                0x000000000000ac4e       0x2c contiki-z1.a(nbr-table.o)
 .any.text.remove_key
                0x000000000000ac7a       0x56 contiki-z1.a(nbr-table.o)
 .any.text.nbr_table_register
                0x000000000000acd0       0x26 contiki-z1.a(nbr-table.o)
                0x000000000000acd0                nbr_table_register
 .any.text.nbr_table_next
                0x000000000000acf6       0x3a contiki-z1.a(nbr-table.o)
                0x000000000000acf6                nbr_table_next
 .any.text.nbr_table_head
                0x000000000000ad30       0x36 contiki-z1.a(nbr-table.o)
                0x000000000000ad30                nbr_table_head
 .any.text.nbr_table_add_lladdr
                0x000000000000ad66       0xfc contiki-z1.a(nbr-table.o)
                0x000000000000ad66                nbr_table_add_lladdr
 .any.text.nbr_table_get_from_lladdr
                0x000000000000ae62       0x28 contiki-z1.a(nbr-table.o)
                0x000000000000ae62                nbr_table_get_from_lladdr
 .any.text.nbr_table_remove
                0x000000000000ae8a       0x2a contiki-z1.a(nbr-table.o)
                0x000000000000ae8a                nbr_table_remove
 .any.text.nbr_table_lock
                0x000000000000aeb4       0x10 contiki-z1.a(nbr-table.o)
                0x000000000000aeb4                nbr_table_lock
 .any.text.nbr_table_unlock
                0x000000000000aec4       0x10 contiki-z1.a(nbr-table.o)
                0x000000000000aec4                nbr_table_unlock
 .any.text.nbr_table_get_lladdr
                0x000000000000aed4       0x14 contiki-z1.a(nbr-table.o)
                0x000000000000aed4                nbr_table_get_lladdr
 .any.text.nbr_table_update_lladdr
                0x000000000000aee8       0x48 contiki-z1.a(nbr-table.o)
                0x000000000000aee8                nbr_table_update_lladdr
 .any.text.net_debug_lladdr_print
                0x000000000000af30       0x3c contiki-z1.a(net-debug.o)
                0x000000000000af30                net_debug_lladdr_print
 .any.text.packetbuf_hdrreduce
                0x000000000000af6c       0x1a contiki-z1.a(packetbuf.o)
                0x000000000000af6c                packetbuf_hdrreduce
 .any.text.packetbuf_set_datalen
                0x000000000000af86        0x6 contiki-z1.a(packetbuf.o)
                0x000000000000af86                packetbuf_set_datalen
 .any.text.packetbuf_hdrptr
                0x000000000000af8c        0x6 contiki-z1.a(packetbuf.o)
                0x000000000000af8c                packetbuf_hdrptr
 .any.text.packetbuf_datalen
                0x000000000000af92        0x6 contiki-z1.a(packetbuf.o)
                0x000000000000af92                packetbuf_datalen
 .any.text.packetbuf_hdrlen
                0x000000000000af98        0xa contiki-z1.a(packetbuf.o)
                0x000000000000af98                packetbuf_hdrlen
 .any.text.packetbuf_dataptr
                0x000000000000afa2        0xc contiki-z1.a(packetbuf.o)
                0x000000000000afa2                packetbuf_dataptr
 .any.text.packetbuf_copyto
                0x000000000000afae       0x3a contiki-z1.a(packetbuf.o)
                0x000000000000afae                packetbuf_copyto
 .any.text.packetbuf_totlen
                0x000000000000afe8        0xc contiki-z1.a(packetbuf.o)
                0x000000000000afe8                packetbuf_totlen
 .any.text.packetbuf_hdralloc
                0x000000000000aff4       0x3c contiki-z1.a(packetbuf.o)
                0x000000000000aff4                packetbuf_hdralloc
 .any.text.packetbuf_attr_clear
                0x000000000000b030       0x28 contiki-z1.a(packetbuf.o)
                0x000000000000b030                packetbuf_attr_clear
 .any.text.packetbuf_clear
                0x000000000000b058       0x12 contiki-z1.a(packetbuf.o)
                0x000000000000b058                packetbuf_clear
 .any.text.packetbuf_copyfrom
                0x000000000000b06a       0x2a contiki-z1.a(packetbuf.o)
                0x000000000000b06a                packetbuf_copyfrom
 .any.text.packetbuf_attr_copyto
                0x000000000000b094       0x22 contiki-z1.a(packetbuf.o)
                0x000000000000b094                packetbuf_attr_copyto
 .any.text.packetbuf_attr_copyfrom
                0x000000000000b0b6       0x24 contiki-z1.a(packetbuf.o)
                0x000000000000b0b6                packetbuf_attr_copyfrom
 .any.text.packetbuf_holds_broadcast
                0x000000000000b0da        0xe contiki-z1.a(packetbuf.o)
                0x000000000000b0da                packetbuf_holds_broadcast
 .any.text.queuebuf_init
                0x000000000000b0e8       0x12 contiki-z1.a(queuebuf.o)
                0x000000000000b0e8                queuebuf_init
 .any.text.queuebuf_new_from_packetbuf
                0x000000000000b0fa       0x4e contiki-z1.a(queuebuf.o)
                0x000000000000b0fa                queuebuf_new_from_packetbuf
 .any.text.queuebuf_update_attr_from_packetbuf
                0x000000000000b148       0x12 contiki-z1.a(queuebuf.o)
                0x000000000000b148                queuebuf_update_attr_from_packetbuf
 .any.text.queuebuf_free
                0x000000000000b15a       0x2a contiki-z1.a(queuebuf.o)
                0x000000000000b15a                queuebuf_free
 .any.text.queuebuf_to_packetbuf
                0x000000000000b184       0x32 contiki-z1.a(queuebuf.o)
                0x000000000000b184                queuebuf_to_packetbuf
 .any.text.queuebuf_attr
                0x000000000000b1b6        0xe contiki-z1.a(queuebuf.o)
                0x000000000000b1b6                queuebuf_attr
 .any.text.input_packet
                0x000000000000b1c4        0x6 contiki-z1.a(csma.o)
 .any.text.on   0x000000000000b1ca        0x6 contiki-z1.a(csma.o)
 .any.text.off  0x000000000000b1d0        0x6 contiki-z1.a(csma.o)
 .any.text.channel_check_interval
                0x000000000000b1d6       0x10 contiki-z1.a(csma.o)
 .any.text.transmit_packet_list
                0x000000000000b1e6       0x24 contiki-z1.a(csma.o)
 .any.text.schedule_transmission
                0x000000000000b20a       0x84 contiki-z1.a(csma.o)
 .any.text.init
                0x000000000000b28e       0x1a contiki-z1.a(csma.o)
 .any.text.tx_done
                0x000000000000b2a8       0x86 contiki-z1.a(csma.o)
 .any.text.send_packet
                0x000000000000b32e      0x158 contiki-z1.a(csma.o)
 .any.text.packet_sent
                0x000000000000b486       0xca contiki-z1.a(csma.o)
 .any.text.create_frame.isra.0
                0x000000000000b550      0x114 contiki-z1.a(framer-802154.o)
 .any.text.create
                0x000000000000b664        0x8 contiki-z1.a(framer-802154.o)
 .any.text.hdr_length
                0x000000000000b66c        0x8 contiki-z1.a(framer-802154.o)
 .any.text.parse
                0x000000000000b674       0x9a contiki-z1.a(framer-802154.o)
 .any.text.mac_call_sent_callback
                0x000000000000b70e       0x14 contiki-z1.a(mac.o)
                0x000000000000b70e                mac_call_sent_callback
 .any.text.on   0x000000000000b722        0x6 contiki-z1.a(nullrdc.o)
 .any.text.channel_check_interval
                0x000000000000b728        0x4 contiki-z1.a(nullrdc.o)
 .any.text.init
                0x000000000000b72c        0x6 contiki-z1.a(nullrdc.o)
 .any.text.off  0x000000000000b732       0x10 contiki-z1.a(nullrdc.o)
 .any.text.packet_input
                0x000000000000b742       0x40 contiki-z1.a(nullrdc.o)
 .any.text.send_one_packet
                0x000000000000b782      0x114 contiki-z1.a(nullrdc.o)
 .any.text.send_list
                0x000000000000b896       0x28 contiki-z1.a(nullrdc.o)
 .any.text.send_packet
                0x000000000000b8be        0x6 contiki-z1.a(nullrdc.o)
 .any.text.init
                0x000000000000b8c4        0x2 contiki-z1.a(nullsec.o)
 .any.text.send
                0x000000000000b8c6        0xa contiki-z1.a(nullsec.o)
 .any.text.input
                0x000000000000b8d0        0x6 contiki-z1.a(nullsec.o)
 .any.text.i2c_receiveinit
                0x000000000000b8d6       0x36 contiki-z1.a(i2cmaster.o)
                0x000000000000b8d6                i2c_receiveinit
 .any.text.i2c_transmitinit
                0x000000000000b90c       0x30 contiki-z1.a(i2cmaster.o)
                0x000000000000b90c                i2c_transmitinit
 .any.text.i2c_receive_n
                0x000000000000b93c       0x3e contiki-z1.a(i2cmaster.o)
                0x000000000000b93c                i2c_receive_n
 .any.text.i2c_busy
                0x000000000000b97a        0xa contiki-z1.a(i2cmaster.o)
                0x000000000000b97a                i2c_busy
 .any.text.i2c_enable
                0x000000000000b984       0x22 contiki-z1.a(i2cmaster.o)
                0x000000000000b984                i2c_enable
 .any.text.i2c_transmit_n
                0x000000000000b9a6       0x14 contiki-z1.a(i2cmaster.o)
                0x000000000000b9a6                i2c_transmit_n
 .any.text.status
                0x000000000000b9ba       0x18 contiki-z1.a(button-sensor.o)
 .any.text.value
                0x000000000000b9d2       0x20 contiki-z1.a(button-sensor.o)
 .any.text.configure
                0x000000000000b9f2       0x4e contiki-z1.a(button-sensor.o)
 .any.text.stimer_set
                0x000000000000ba40       0x1c contiki-z1.a(stimer.o)
                0x000000000000ba40                stimer_set
 .any.text.stimer_expired
                0x000000000000ba5c       0x30 contiki-z1.a(stimer.o)
                0x000000000000ba5c                stimer_expired
 .any.text.memb_init
                0x000000000000ba8c       0x36 contiki-z1.a(memb.o)
                0x000000000000ba8c                memb_init
 .any.text.memb_alloc
                0x000000000000bac2       0x3e contiki-z1.a(memb.o)
                0x000000000000bac2                memb_alloc
 .any.text.memb_free
                0x000000000000bb00       0x3a contiki-z1.a(memb.o)
                0x000000000000bb00                memb_free
 .any.text.memb_inmemb
                0x000000000000bb3a       0x2a contiki-z1.a(memb.o)
                0x000000000000bb3a                memb_inmemb
 .any.text.echo_reply_input
                0x000000000000bb64       0xaa contiki-z1.a(uip-icmp6.o)
 .any.text.echo_request_input
                0x000000000000bc0e       0xca contiki-z1.a(uip-icmp6.o)
 .any.text.uip_icmp6_input
                0x000000000000bcd8       0x44 contiki-z1.a(uip-icmp6.o)
                0x000000000000bcd8                uip_icmp6_input
 .any.text.uip_icmp6_register_input_handler
                0x000000000000bd1c        0xc contiki-z1.a(uip-icmp6.o)
                0x000000000000bd1c                uip_icmp6_register_input_handler
 .any.text.uip_icmp6_error_output
                0x000000000000bd28      0x16e contiki-z1.a(uip-icmp6.o)
                0x000000000000bd28                uip_icmp6_error_output
 .any.text.uip_icmp6_send
                0x000000000000be96       0x84 contiki-z1.a(uip-icmp6.o)
                0x000000000000be96                uip_icmp6_send
 .any.text.uip_icmp6_init
                0x000000000000bf1a       0x12 contiki-z1.a(uip-icmp6.o)
                0x000000000000bf1a                uip_icmp6_init
 .any.text.ns_input
                0x000000000000bf2c      0x264 contiki-z1.a(uip-nd6.o)
 .any.text.uip_nd6_init
                0x000000000000c190        0xa contiki-z1.a(uip-nd6.o)
                0x000000000000c190                uip_nd6_init
 .any.text.update_nbr
                0x000000000000c19a       0xda contiki-z1.a(rpl-nbr-policy.)
 .any.text.handle_periodic_timer
                0x000000000000c274        0xe contiki-z1.a(rpl-nbr-policy.)
 .any.text.find_removable_dis
                0x000000000000c282       0x14 contiki-z1.a(rpl-nbr-policy.)
                0x000000000000c282                find_removable_dis
 .any.text.find_removable_dio
                0x000000000000c296       0x3c contiki-z1.a(rpl-nbr-policy.)
                0x000000000000c296                find_removable_dio
 .any.text.find_removable_dao
                0x000000000000c2d2       0x32 contiki-z1.a(rpl-nbr-policy.)
                0x000000000000c2d2                find_removable_dao
 .any.text.rpl_nbr_policy_find_removable
                0x000000000000c304       0x30 contiki-z1.a(rpl-nbr-policy.)
                0x000000000000c304                rpl_nbr_policy_find_removable
 .any.text.frame802154_get_pan_id
                0x000000000000c334        0x6 contiki-z1.a(frame802154.o)
                0x000000000000c334                frame802154_get_pan_id
 .any.text.frame802154_has_panid
                0x000000000000c33a       0xe0 contiki-z1.a(frame802154.o)
                0x000000000000c33a                frame802154_has_panid
 .any.text.field_len
                0x000000000000c41a       0xa8 contiki-z1.a(frame802154.o)
 .any.text.frame802154_is_broadcast_addr
                0x000000000000c4c2       0x28 contiki-z1.a(frame802154.o)
                0x000000000000c4c2                frame802154_is_broadcast_addr
 .any.text.frame802154_hdrlen
                0x000000000000c4ea       0x32 contiki-z1.a(frame802154.o)
                0x000000000000c4ea                frame802154_hdrlen
 .any.text.frame802154_create_fcf
                0x000000000000c51c       0x6e contiki-z1.a(frame802154.o)
                0x000000000000c51c                frame802154_create_fcf
 .any.text.frame802154_create
                0x000000000000c58a       0xd4 contiki-z1.a(frame802154.o)
                0x000000000000c58a                frame802154_create
 .any.text.frame802154_parse_fcf
                0x000000000000c65e       0x8c contiki-z1.a(frame802154.o)
                0x000000000000c65e                frame802154_parse_fcf
 .any.text.frame802154_parse
                0x000000000000c6ea      0x15c contiki-z1.a(frame802154.o)
                0x000000000000c6ea                frame802154_parse
 .any.text.mac_sequence_is_duplicate
                0x000000000000c846       0x60 contiki-z1.a(mac-sequence.o)
                0x000000000000c846                mac_sequence_is_duplicate
 .any.text.mac_sequence_register_seqno
                0x000000000000c8a6       0x76 contiki-z1.a(mac-sequence.o)
                0x000000000000c8a6                mac_sequence_register_seqno
 .any.text.printf
                0x000000000000c91c       0x10 /home/netlab/opt/compilers/mspgcc-4.7.3/bin/../lib/gcc/msp430/4.7.3/../../../../msp430/lib/mcpu-430x/mmpy-16/msr20/mc20/libc.a(printf.o)
                0x000000000000c91c                printf
 .any.text.print_field
                0x000000000000c92c      0x176 /home/netlab/opt/compilers/mspgcc-4.7.3/bin/../lib/gcc/msp430/4.7.3/../../../../msp430/lib/mcpu-430x/mmpy-16/msr20/mc20/libc.a(vuprintf.o)
 .any.text.vuprintf
                0x000000000000caa2      0x742 /home/netlab/opt/compilers/mspgcc-4.7.3/bin/../lib/gcc/msp430/4.7.3/../../../../msp430/lib/mcpu-430x/mmpy-16/msr20/mc20/libc.a(vuprintf.o)
                0x000000000000caa2                vuprintf
 .any.text.puts
                0x000000000000d1e4       0x2c /home/netlab/opt/compilers/mspgcc-4.7.3/bin/../lib/gcc/msp430/4.7.3/../../../../msp430/lib/mcpu-430x/mmpy-16/msr20/mc20/libc.a(puts.o)
                0x000000000000d1e4                puts
 .any.text.rand
                0x000000000000d210       0x26 /home/netlab/opt/compilers/mspgcc-4.7.3/bin/../lib/gcc/msp430/4.7.3/../../../../msp430/lib/mcpu-430x/mmpy-16/msr20/mc20/libc.a(rand.o)
                0x000000000000d210                rand
 .any.text.srand
                0x000000000000d236        0xa /home/netlab/opt/compilers/mspgcc-4.7.3/bin/../lib/gcc/msp430/4.7.3/../../../../msp430/lib/mcpu-430x/mmpy-16/msr20/mc20/libc.a(rand.o)
                0x000000000000d236                srand
 .any.text.strncmp
                0x000000000000d240       0x2a /home/netlab/opt/compilers/mspgcc-4.7.3/bin/../lib/gcc/msp430/4.7.3/../../../../msp430/lib/mcpu-430x/mmpy-16/msr20/mc20/libc.a(strncmp.o)
                0x000000000000d240                strncmp
 .any.text.memcmp
                0x000000000000d26a       0x2c /home/netlab/opt/compilers/mspgcc-4.7.3/bin/../lib/gcc/msp430/4.7.3/../../../../msp430/lib/mcpu-430x/mmpy-16/msr20/mc20/libc.a(memcmp.o)
                0x000000000000d26a                memcmp
 .any.text.memcpy
                0x000000000000d296       0xe8 /home/netlab/opt/compilers/mspgcc-4.7.3/bin/../lib/gcc/msp430/4.7.3/../../../../msp430/lib/mcpu-430x/mmpy-16/msr20/mc20/libc.a(memcpy.o)
                0x000000000000d296                memcpy
 .any.text.memmove
                0x000000000000d37e       0xe8 /home/netlab/opt/compilers/mspgcc-4.7.3/bin/../lib/gcc/msp430/4.7.3/../../../../msp430/lib/mcpu-430x/mmpy-16/msr20/mc20/libc.a(memmove.o)
                0x000000000000d37e                memmove
 .any.text.memset
                0x000000000000d466       0x5c /home/netlab/opt/compilers/mspgcc-4.7.3/bin/../lib/gcc/msp430/4.7.3/../../../../msp430/lib/mcpu-430x/mmpy-16/msr20/mc20/libc.a(memset.o)
                0x000000000000d466                memset

.rodata         0x000000000000d4c4      0xd69
                0x000000000000d4c4                . = ALIGN (0x2)
 *(.rodata .rodata.* .gnu.linkonce.r.*)
 .rodata.process_thread_udp_client_process
                0x000000000000d4c4       0x73 udp-sender.co
 .rodata.collect_common_net_print
                0x000000000000d537       0x17 udp-sender.co
 .rodata.autostart_processes
                0x000000000000d54e        0x6 udp-sender.co
                0x000000000000d54e                autostart_processes
 .rodata        0x000000000000d554       0x13 udp-sender.co
 .rodata.process_thread_collect_common_process
                0x000000000000d567       0x98 obj_z1/collect-common.o
 .rodata        0x000000000000d5ff       0x17 obj_z1/collect-common.o
 .rodata        0x000000000000d616      0x13f obj_z1/contiki-z1-main.o
 *fill*         0x000000000000d755        0x3 00
 .rodata.get_value
                0x000000000000d758       0x44 contiki-z1.a(cc2420.o)
 .rodata.set_value
                0x000000000000d79c       0x20 contiki-z1.a(cc2420.o)
 .rodata.cc2420_init
                0x000000000000d7bc        0xc contiki-z1.a(cc2420.o)
 .rodata.cc2420_driver
                0x000000000000d7c8       0x38 contiki-z1.a(cc2420.o)
                0x000000000000d7c8                cc2420_driver
 .rodata        0x000000000000d800        0xe contiki-z1.a(cc2420.o)
 .rodata.output_power
                0x000000000000d80e       0x10 contiki-z1.a(cc2420.o)
 .rodata        0x000000000000d81e        0x8 contiki-z1.a(sensors.o)
 .rodata        0x000000000000d826       0x25 contiki-z1.a(adxl345.o)
 *fill*         0x000000000000d84b        0x1 00
 .rodata.adxl345
                0x000000000000d84c        0xe contiki-z1.a(adxl345.o)
                0x000000000000d84c                adxl345
 .rodata        0x000000000000d85a        0xe contiki-z1.a(tmp102.o)
 .rodata.tmp102
                0x000000000000d868        0xe contiki-z1.a(tmp102.o)
                0x000000000000d868                tmp102
 .rodata        0x000000000000d876        0xf contiki-z1.a(ctimer.o)
 .rodata        0x000000000000d885        0xc contiki-z1.a(etimer.o)
 .rodata        0x000000000000d891        0xe contiki-z1.a(serial-line.o)
 .rodata        0x000000000000d89f        0xb contiki-z1.a(sicslowpan.o)
 .rodata.sicslowpan_driver
                0x000000000000d8aa        0xa contiki-z1.a(sicslowpan.o)
                0x000000000000d8aa                sicslowpan_driver
 .rodata.llprefix
                0x000000000000d8b4        0x2 contiki-z1.a(sicslowpan.o)
                0x000000000000d8b4                llprefix
 .rodata.unc_mxconf
                0x000000000000d8b6        0x4 contiki-z1.a(sicslowpan.o)
                0x000000000000d8b6                unc_mxconf
 .rodata.unc_ctxconf
                0x000000000000d8ba        0x4 contiki-z1.a(sicslowpan.o)
                0x000000000000d8ba                unc_ctxconf
 .rodata.unc_llconf
                0x000000000000d8be        0x4 contiki-z1.a(sicslowpan.o)