Archive member included to satisfy reference by file (symbol)

contiki-srf06-cc26xx.a(contiki-main.o)
                              obj_srf06-cc26xx/startup_gcc.o (main)
contiki-srf06-cc26xx.a(sensors.o)
                              cc26xx-demo.co (sensors_event)
contiki-srf06-cc26xx.a(leds.o)
                              contiki-srf06-cc26xx.a(contiki-main.o) (leds_init)
contiki-srf06-cc26xx.a(board.o)
                              contiki-srf06-cc26xx.a(contiki-main.o) (board_init)
contiki-srf06-cc26xx.a(launchpad-senso)
                              contiki-srf06-cc26xx.a(sensors.o) (sensors_flags)
contiki-srf06-cc26xx.a(leds-arch.o)
                              contiki-srf06-cc26xx.a(leds.o) (leds_arch_init)
contiki-srf06-cc26xx.a(button-sensor.o)
                              cc26xx-demo.co (button_right_sensor)
contiki-srf06-cc26xx.a(ext-flash.o)
                              contiki-srf06-cc26xx.a(board.o) (ext_flash_init)
contiki-srf06-cc26xx.a(board-spi.o)
                              contiki-srf06-cc26xx.a(ext-flash.o) (board_spi_write)
contiki-srf06-cc26xx.a(clock.o)
                              contiki-srf06-cc26xx.a(contiki-main.o) (clock_init)
contiki-srf06-cc26xx.a(soc-rtc.o)
                              contiki-srf06-cc26xx.a(contiki-main.o) (soc_rtc_init)
contiki-srf06-cc26xx.a(contiki-watchdo)
                              contiki-srf06-cc26xx.a(contiki-main.o) (watchdog_init)
contiki-srf06-cc26xx.a(putchar.o)
                              contiki-srf06-cc26xx.a(contiki-main.o) (putchar)
contiki-srf06-cc26xx.a(ieee-addr.o)
                              contiki-srf06-cc26xx.a(contiki-main.o) (ieee_addr_cpy_to)
contiki-srf06-cc26xx.a(batmon-sensor.o)
                              cc26xx-demo.co (batmon_sensor)
contiki-srf06-cc26xx.a(cc26xx-uart.o)
                              contiki-srf06-cc26xx.a(contiki-main.o) (cc26xx_uart_init)
contiki-srf06-cc26xx.a(lpm.o)
                              contiki-srf06-cc26xx.a(contiki-main.o) (lpm_drop)
contiki-srf06-cc26xx.a(gpio-interrupt.)
                              contiki-srf06-cc26xx.a(button-sensor.o) (gpio_interrupt_register_handler)
contiki-srf06-cc26xx.a(oscillators.o)
                              contiki-srf06-cc26xx.a(contiki-main.o) (oscillators_select_lf_xosc)
contiki-srf06-cc26xx.a(rf-ble.o)
                              cc26xx-demo.co (rf_ble_beacond_config)
contiki-srf06-cc26xx.a(ieee-mode.o)
                              contiki-srf06-cc26xx.a(contiki-main.o) (ieee_mode_driver)
contiki-srf06-cc26xx.a(random.o)
                              contiki-srf06-cc26xx.a(contiki-main.o) (random_init)
contiki-srf06-cc26xx.a(soc-trng.o)
                              contiki-srf06-cc26xx.a(random.o) (soc_trng_rand_synchronous)
contiki-srf06-cc26xx.a(dbg-printf.o)
                              cc26xx-demo.co (printf)
contiki-srf06-cc26xx.a(strformat.o)
                              contiki-srf06-cc26xx.a(dbg-printf.o) (format_str_v)
contiki-srf06-cc26xx.a(autostart.o)
                              contiki-srf06-cc26xx.a(contiki-main.o) (autostart_start)
contiki-srf06-cc26xx.a(ctimer.o)
                              contiki-srf06-cc26xx.a(contiki-main.o) (ctimer_init)
contiki-srf06-cc26xx.a(energest.o)
                              contiki-srf06-cc26xx.a(contiki-main.o) (energest_init)
contiki-srf06-cc26xx.a(etimer.o)
                              contiki-srf06-cc26xx.a(clock.o) (etimer_request_poll)
contiki-srf06-cc26xx.a(process.o)
                              contiki-srf06-cc26xx.a(sensors.o) (process_alloc_event)
contiki-srf06-cc26xx.a(rtimer.o)
                              contiki-srf06-cc26xx.a(contiki-main.o) (rtimer_init)
contiki-srf06-cc26xx.a(timer.o)
                              contiki-srf06-cc26xx.a(button-sensor.o) (timer_set)
contiki-srf06-cc26xx.a(serial-line.o)
                              contiki-srf06-cc26xx.a(contiki-main.o) (serial_line_init)
contiki-srf06-cc26xx.a(list.o)
                              contiki-srf06-cc26xx.a(lpm.o) (list_init)
contiki-srf06-cc26xx.a(ringbuf.o)
                              contiki-srf06-cc26xx.a(serial-line.o) (ringbuf_init)
contiki-srf06-cc26xx.a(sicslowpan.o)
                              contiki-srf06-cc26xx.a(contiki-main.o) (sicslowpan_driver)
contiki-srf06-cc26xx.a(uip-ds6-nbr.o)
                              contiki-srf06-cc26xx.a(sicslowpan.o) (uip_ds6_link_neighbor_callback)
contiki-srf06-cc26xx.a(uip-ds6.o)
                              contiki-srf06-cc26xx.a(sicslowpan.o) (uip_ds6_set_addr_iid)
contiki-srf06-cc26xx.a(uip6.o)
                              contiki-srf06-cc26xx.a(sicslowpan.o) (uip_aligned_buf)
contiki-srf06-cc26xx.a(tcpip.o)
                              contiki-srf06-cc26xx.a(sicslowpan.o) (tcpip_set_outputfunc)
contiki-srf06-cc26xx.a(rpl-dag.o)
                              contiki-srf06-cc26xx.a(tcpip.o) (rpl_repair_root)
contiki-srf06-cc26xx.a(rpl-ext-header.)
                              contiki-srf06-cc26xx.a(uip6.o) (rpl_verify_hbh_header)
[...]
Memory Configuration

Name             Origin             Length             Attributes
FLASH            0x00000000         0x0001ffa8         xr
FLASH_CCFG       0x0001ffa8         0x00000058         xr
SRAM             0x20000000         0x00005000         xrw
GPRAM            0x11000000         0x00002000         xrw
*default*        0x00000000         0xffffffff

Linker script and memory map

LOAD obj_srf06-cc26xx/fault-handlers.o
LOAD obj_srf06-cc26xx/ccfg.o
LOAD obj_srf06-cc26xx/startup_gcc.o
LOAD cc26xx-demo.co
LOAD contiki-srf06-cc26xx.a
LOAD /usr/local/bin/../lib/gcc/arm-none-eabi/5.2.1/../../../../arm-none-eabi/lib/armv7-m/libm.a
START GROUP
LOAD /usr/local/bin/../lib/gcc/arm-none-eabi/5.2.1/armv7-m/libgcc.a
LOAD /usr/local/bin/../lib/gcc/arm-none-eabi/5.2.1/../../../../arm-none-eabi/lib/armv7-m/libc.a
END GROUP
                0x20005000                _estack = (ORIGIN (SRAM) + LENGTH (SRAM))
                0x00000000                _Min_Heap_Size = 0x0
                0x00000100                _Min_Stack_Size = 0x100

.text           0x00000000     0xdec4
                0x00000000                _text = .
 *(SORT(.vectors))
 .vectors       0x00000000       0xc8 obj_srf06-cc26xx/startup_gcc.o
                0x00000000                g_pfnVectors
 *(SORT(.text*))
 .text.FaultISR
                0x000000c8       0x18 obj_srf06-cc26xx/fault-handlers.o
                0x000000c8                FaultISR
 .text.NmiSRHandler
                0x000000e0        0x4 obj_srf06-cc26xx/startup_gcc.o
                0x000000e0                NmiSR
 .text.IntDefaultHandler
                0x000000e4        0x4 obj_srf06-cc26xx/startup_gcc.o
                0x000000e4                SSI0IntHandler
                0x000000e4                SWEvent0IntHandler
                0x000000e4                uDMAIntHandler
                0x000000e4                WatchdogIntHandler
                0x000000e4                RFCHardwareIntHandler
                0x000000e4                Timer1BIntHandler
                0x000000e4                I2SIntHandler
                0x000000e4                Timer2BIntHandler
                0x000000e4                Timer2AIntHandler
                0x000000e4                Timer1AIntHandler
                0x000000e4                AONIntHandler
                0x000000e4                AUXSWEvent0IntHandler
                0x000000e4                AUXADCIntHandler
                0x000000e4                PendSVIntHandler
                0x000000e4                AUXSWEvent1IntHandler
                0x000000e4                SVCallIntHandler
                0x000000e4                MPUFaultIntHandler
                0x000000e4                SysTickIntHandler
                0x000000e4                BusFaultIntHandler
                0x000000e4                AONProgIntHandler
                0x000000e4                AUXCompAIntHandler
                0x000000e4                SSI1IntHandler
                0x000000e4                FlashIntHandler
                0x000000e4                uDMAErrIntHandler
                0x000000e4                UsageFaultIntHandler
                0x000000e4                RFCCmdAckIntHandler
                0x000000e4                CryptoIntHandler
                0x000000e4                Timer0AIntHandler
                0x000000e4                I2CIntHandler
                0x000000e4                DebugMonIntHandler
                0x000000e4                Timer0BIntHandler
                0x000000e4                AUXCombEventIntHandler
                0x000000e4                Timer3AIntHandler
                0x000000e4                DynProgIntHandler
                0x000000e4                Timer3BIntHandler
 .text.ResetISR
                0x000000e8       0x5c obj_srf06-cc26xx/startup_gcc.o
                0x000000e8                ResetISR
 .text.get_sync_sensor_readings
                0x00000144       0x40 cc26xx-demo.co
 .text.process_thread_cc26xx_demo_process
                0x00000184       0xfc cc26xx-demo.co
 .text.fade     0x00000280       0x64 contiki-srf06-cc26xx.a(contiki-main.o)
 .text.startup.main
                0x000002e4      0x24c contiki-srf06-cc26xx.a(contiki-main.o)
                0x000002e4                main
 .text.process_thread_sensors_process
                0x00000530       0xf8 contiki-srf06-cc26xx.a(sensors.o)
 .text.sensors_changed
                0x00000628       0x4c contiki-srf06-cc26xx.a(sensors.o)
                0x00000628                sensors_changed
 .text.leds_init
                0x00000674       0x14 contiki-srf06-cc26xx.a(leds.o)
                0x00000674                leds_init
 .text.leds_on  0x00000688       0x14 contiki-srf06-cc26xx.a(leds.o)
                0x00000688                leds_on
 .text.leds_off
                0x0000069c       0x14 contiki-srf06-cc26xx.a(leds.o)
                0x0000069c                leds_off
 .text.leds_toggle
                0x000006b0       0x14 contiki-srf06-cc26xx.a(leds.o)
                0x000006b0                leds_toggle
 .text.wakeup_handler
                0x000006c4       0x20 contiki-srf06-cc26xx.a(board.o)
 .text.board_init
                0x000006e4       0x8c contiki-srf06-cc26xx.a(board.o)
                0x000006e4                board_init
 .text.leds_arch_init
                0x00000770       0x34 contiki-srf06-cc26xx.a(leds-arch.o)
                0x00000770                leds_arch_init
 .text.leds_arch_set
                0x000007a4       0x2c contiki-srf06-cc26xx.a(leds-arch.o)
                0x000007a4                leds_arch_set
 .text.status.part.0
                0x000007d0       0x14 contiki-srf06-cc26xx.a(button-sensor.o)
 .text.value_left
                0x000007e4       0x24 contiki-srf06-cc26xx.a(button-sensor.o)
 .text.value_right
                0x00000808       0x24 contiki-srf06-cc26xx.a(button-sensor.o)
 .text.status_left
                0x0000082c       0x10 contiki-srf06-cc26xx.a(button-sensor.o)
 .text.status_right
                0x0000083c       0x10 contiki-srf06-cc26xx.a(button-sensor.o)
 .text.config_buttons
                0x0000084c       0x84 contiki-srf06-cc26xx.a(button-sensor.o)
 .text.config_left
                0x000008d0        0xc contiki-srf06-cc26xx.a(button-sensor.o)
 .text.config_right
                0x000008dc        0xc contiki-srf06-cc26xx.a(button-sensor.o)
 .text.button_press_handler
                0x000008e8       0x90 contiki-srf06-cc26xx.a(button-sensor.o)
 .text.verify_part
                0x00000978       0x80 contiki-srf06-cc26xx.a(ext-flash.o)
 .text.wait_ready
                0x000009f8       0x64 contiki-srf06-cc26xx.a(ext-flash.o)
 .text.power_down
                0x00000a5c       0x50 contiki-srf06-cc26xx.a(ext-flash.o)
 .text.ext_flash_open
                0x00000aac       0x60 contiki-srf06-cc26xx.a(ext-flash.o)
                0x00000aac                ext_flash_open
 .text.ext_flash_init
                0x00000b0c       0x14 contiki-srf06-cc26xx.a(ext-flash.o)
                0x00000b0c                ext_flash_init
 .text.accessible
                0x00000b20       0x24 contiki-srf06-cc26xx.a(board-spi.o)
 .text.board_spi_write
                0x00000b44       0x3c contiki-srf06-cc26xx.a(board-spi.o)
                0x00000b44                board_spi_write
 .text.board_spi_read
                0x00000b80       0x48 contiki-srf06-cc26xx.a(board-spi.o)
                0x00000b80                board_spi_read
 .text.board_spi_flush
                0x00000bc8       0x24 contiki-srf06-cc26xx.a(board-spi.o)
                0x00000bc8                board_spi_flush
 .text.board_spi_open
                0x00000bec       0xc0 contiki-srf06-cc26xx.a(board-spi.o)
                0x00000bec                board_spi_open
 .text.board_spi_close
                0x00000cac       0x70 contiki-srf06-cc26xx.a(board-spi.o)
                0x00000cac                board_spi_close
 .text.power_domain_on
                0x00000d1c       0x20 contiki-srf06-cc26xx.a(clock.o)
 .text.clock_init
                0x00000d3c       0x98 contiki-srf06-cc26xx.a(clock.o)
                0x00000d3c                clock_init
 .text.clock_time
                0x00000dd4       0x34 contiki-srf06-cc26xx.a(clock.o)
                0x00000dd4                clock_time
 .text.clock_update
                0x00000e08       0x3c contiki-srf06-cc26xx.a(clock.o)
                0x00000e08                clock_update
 .text.clock_seconds
                0x00000e44       0x18 contiki-srf06-cc26xx.a(clock.o)
                0x00000e44                clock_seconds
 .text.soc_rtc_init
                0x00000e5c       0xa0 contiki-srf06-cc26xx.a(soc-rtc.o)
                0x00000e5c                soc_rtc_init
 .text.soc_rtc_schedule_one_shot
                0x00000efc       0x6c contiki-srf06-cc26xx.a(soc-rtc.o)
                0x00000efc                soc_rtc_schedule_one_shot
 .text.soc_rtc_last_isr_time
                0x00000f68        0xc contiki-srf06-cc26xx.a(soc-rtc.o)
                0x00000f68                soc_rtc_last_isr_time
 .text.AONRTCIntHandler
                0x00000f74       0x88 contiki-srf06-cc26xx.a(soc-rtc.o)
                0x00000f74                AONRTCIntHandler
 .text.watchdog_init
                0x00000ffc       0x1c contiki-srf06-cc26xx.a(contiki-watchdo)
                0x00000ffc                watchdog_init
 .text.watchdog_start
                0x00001018       0x68 contiki-srf06-cc26xx.a(contiki-watchdo)
                0x00001018                watchdog_start
 .text.watchdog_periodic
                0x00001080       0x1c contiki-srf06-cc26xx.a(contiki-watchdo)
                0x00001080                watchdog_periodic
 .text.watchdog_reboot
                0x0000109c        0x8 contiki-srf06-cc26xx.a(contiki-watchdo)
                0x0000109c                watchdog_reboot
 .text.putchar  0x000010a4       0x10 contiki-srf06-cc26xx.a(putchar.o)
                0x000010a4                putchar
 .text.puts     0x000010b4       0x30 contiki-srf06-cc26xx.a(putchar.o)
                0x000010b4                puts
 .text.dbg_send_bytes
                0x000010e4       0x40 contiki-srf06-cc26xx.a(putchar.o)
                0x000010e4                dbg_send_bytes
 .text.ieee_addr_cpy_to
                0x00001124       0x40 contiki-srf06-cc26xx.a(ieee-addr.o)
                0x00001124                ieee_addr_cpy_to
 .text.configure
                0x00001164       0x34 contiki-srf06-cc26xx.a(batmon-sensor.o)
 .text.status   0x00001198       0x14 contiki-srf06-cc26xx.a(batmon-sensor.o)
 .text.value    0x000011ac       0x24 contiki-srf06-cc26xx.a(batmon-sensor.o)
 .text.power_and_clock
                0x000011d0       0x40 contiki-srf06-cc26xx.a(cc26xx-uart.o)
 .text.enable   0x00001210       0xf0 contiki-srf06-cc26xx.a(cc26xx-uart.o)
 .text.accessible
                0x00001300       0x24 contiki-srf06-cc26xx.a(cc26xx-uart.o)
 .text.lpm_drop_handler
                0x00001324       0xc8 contiki-srf06-cc26xx.a(cc26xx-uart.o)
 .text.cc26xx_uart_init
                0x000013ec       0x28 contiki-srf06-cc26xx.a(cc26xx-uart.o)
                0x000013ec                cc26xx_uart_init
 .text.cc26xx_uart_write_byte
                0x00001414       0x28 contiki-srf06-cc26xx.a(cc26xx-uart.o)
                0x00001414                cc26xx_uart_write_byte
 .text.cc26xx_uart_busy
                0x0000143c       0x18 contiki-srf06-cc26xx.a(cc26xx-uart.o)
                0x0000143c                cc26xx_uart_busy
 .text.UART0IntHandler
                0x00001454       0x54 contiki-srf06-cc26xx.a(cc26xx-uart.o)
                0x00001454                UART0IntHandler
 .text.lpm_sleep
                0x000014a8       0x14 contiki-srf06-cc26xx.a(lpm.o)
                0x000014a8                lpm_sleep
 .text.lpm_drop
                0x000014bc      0x258 contiki-srf06-cc26xx.a(lpm.o)
                0x000014bc                lpm_drop
 .text.lpm_register_module
                0x00001714        0xc contiki-srf06-cc26xx.a(lpm.o)
                0x00001714                lpm_register_module
 .text.lpm_unregister_module
                0x00001720        0xc contiki-srf06-cc26xx.a(lpm.o)
                0x00001720                lpm_unregister_module
 .text.lpm_init
                0x0000172c       0x20 contiki-srf06-cc26xx.a(lpm.o)
                0x0000172c                lpm_init
 .text.lpm_pin_set_default_state
                0x0000174c       0x2c contiki-srf06-cc26xx.a(lpm.o)
                0x0000174c                lpm_pin_set_default_state
 .text.gpio_interrupt_register_handler
                0x00001778       0x2c contiki-srf06-cc26xx.a(gpio-interrupt.)
                0x00001778                gpio_interrupt_register_handler
 .text.gpio_interrupt_init
                0x000017a4       0x24 contiki-srf06-cc26xx.a(gpio-interrupt.)
                0x000017a4                gpio_interrupt_init
 .text.GPIOIntHandler
                0x000017c8       0x30 contiki-srf06-cc26xx.a(gpio-interrupt.)
                0x000017c8                GPIOIntHandler
 .text.oscillators_select_lf_xosc
                0x000017f8       0x50 contiki-srf06-cc26xx.a(oscillators.o)
                0x000017f8                oscillators_select_lf_xosc
 .text.oscillators_request_hf_xosc
                0x00001848       0x30 contiki-srf06-cc26xx.a(oscillators.o)
                0x00001848                oscillators_request_hf_xosc
 .text.oscillators_switch_to_hf_xosc
                0x00001878       0x34 contiki-srf06-cc26xx.a(oscillators.o)
                0x00001878                oscillators_switch_to_hf_xosc
 .text.oscillators_switch_to_hf_rc
                0x000018ac       0x38 contiki-srf06-cc26xx.a(oscillators.o)
                0x000018ac                oscillators_switch_to_hf_rc
 .text.process_thread_rf_ble_beacon_process
                0x000018e4      0x248 contiki-srf06-cc26xx.a(rf-ble.o)
 .text.rf_ble_beacond_config
                0x00001b2c       0x44 contiki-srf06-cc26xx.a(rf-ble.o)
                0x00001b2c                rf_ble_beacond_config
 .text.rf_ble_beacond_start
                0x00001b70       0x38 contiki-srf06-cc26xx.a(rf-ble.o)
                0x00001b70                rf_ble_beacond_start
 .text.rf_ble_is_active
                0x00001ba8        0xc contiki-srf06-cc26xx.a(rf-ble.o)
                0x00001ba8                rf_ble_is_active
 .text.request  0x00001bb4       0x20 contiki-srf06-cc26xx.a(ieee-mode.o)
 .text.rx_on    0x00001bd4       0x60 contiki-srf06-cc26xx.a(ieee-mode.o)
 .text.prepare  0x00001c34       0x1c contiki-srf06-cc26xx.a(ieee-mode.o)
 .text.rf_radio_setup
                0x00001c50       0x64 contiki-srf06-cc26xx.a(ieee-mode.o)
 .text.soft_on  0x00001cb4       0x18 contiki-srf06-cc26xx.a(ieee-mode.o)
 .text.pending_packet
                0x00001ccc       0x48 contiki-srf06-cc26xx.a(ieee-mode.o)
 .text.soft_off
                0x00001d14       0x44 contiki-srf06-cc26xx.a(ieee-mode.o)
 .text.get_object
                0x00001d58       0x4c contiki-srf06-cc26xx.a(ieee-mode.o)
 .text.transmitting.part.1
                0x00001da4       0x40 contiki-srf06-cc26xx.a(ieee-mode.o)
 .text.rx_off   0x00001de4       0x74 contiki-srf06-cc26xx.a(ieee-mode.o)
 .text.set_object
                0x00001e58       0x60 contiki-srf06-cc26xx.a(ieee-mode.o)
 .text.get_cca_info
                0x00001eb8       0x50 contiki-srf06-cc26xx.a(ieee-mode.o)
 .text.check_rat_overflow
                0x00001f08       0x80 contiki-srf06-cc26xx.a(ieee-mode.o)
 .text.receiving_packet
                0x00001f88       0x3c contiki-srf06-cc26xx.a(ieee-mode.o)
 .text.off.part.7
                0x00001fc4       0x6c contiki-srf06-cc26xx.a(ieee-mode.o)
 .text.off      0x00002030       0x14 contiki-srf06-cc26xx.a(ieee-mode.o)
 .text.on       0x00002044       0xa8 contiki-srf06-cc26xx.a(ieee-mode.o)
 .text.set_value
                0x000020ec      0x174 contiki-srf06-cc26xx.a(ieee-mode.o)
 .text.get_value
                0x00002260      0x188 contiki-srf06-cc26xx.a(ieee-mode.o)
 .text.transmit
                0x000023e8      0x114 contiki-srf06-cc26xx.a(ieee-mode.o)
 .text.send     0x000024fc       0x24 contiki-srf06-cc26xx.a(ieee-mode.o)
 .text.channel_clear
                0x00002520       0x84 contiki-srf06-cc26xx.a(ieee-mode.o)
 .text.read_frame
                0x000025a4      0x190 contiki-srf06-cc26xx.a(ieee-mode.o)
 .text.handle_rat_overflow
                0x00002734       0x68 contiki-srf06-cc26xx.a(ieee-mode.o)
 .text.init     0x0000279c       0xfc contiki-srf06-cc26xx.a(ieee-mode.o)
 .text.random_rand
                0x00002898        0xc contiki-srf06-cc26xx.a(random.o)
                0x00002898                random_rand
 .text.random_init
                0x000028a4        0x4 contiki-srf06-cc26xx.a(random.o)
                0x000028a4                random_init
 .text.power_up
                0x000028a8       0x40 contiki-srf06-cc26xx.a(soc-trng.o)
 .text.request  0x000028e8       0x14 contiki-srf06-cc26xx.a(soc-trng.o)
 .text.process_thread_soc_trng_process
                0x000028fc       0x94 contiki-srf06-cc26xx.a(soc-trng.o)
 .text.accessible
                0x00002990       0x24 contiki-srf06-cc26xx.a(soc-trng.o)
 .text.soc_trng_rand_synchronous
                0x000029b4       0xc4 contiki-srf06-cc26xx.a(soc-trng.o)
                0x000029b4                soc_trng_rand_synchronous
 .text.TRNGIntHandler
                0x00002a78       0x50 contiki-srf06-cc26xx.a(soc-trng.o)
                0x00002a78                TRNGIntHandler
 .text.soc_trng_init
                0x00002ac8       0x28 contiki-srf06-cc26xx.a(soc-trng.o)
                0x00002ac8                soc_trng_init
 .text.write_str
                0x00002af0       0x14 contiki-srf06-cc26xx.a(dbg-printf.o)
 .text.printf   0x00002b04       0x24 contiki-srf06-cc26xx.a(dbg-printf.o)
                0x00002b04                printf
 .text.fill_space
                0x00002b28       0x3c contiki-srf06-cc26xx.a(strformat.o)
 .text.format_str_v
                0x00002b64      0x95c contiki-srf06-cc26xx.a(strformat.o)
                0x00002b64                format_str_v
 .text.autostart_start
                0x000034c0       0x18 contiki-srf06-cc26xx.a(autostart.o)
                0x000034c0                autostart_start
 .text.process_thread_ctimer_process
                0x000034d8       0x94 contiki-srf06-cc26xx.a(ctimer.o)
 .text.ctimer_init
                0x0000356c       0x28 contiki-srf06-cc26xx.a(ctimer.o)
                0x0000356c                ctimer_init
 .text.ctimer_set_with_process
                0x00003594       0x4c contiki-srf06-cc26xx.a(ctimer.o)
                0x00003594                ctimer_set_with_process
 .text.ctimer_set
                0x000035e0       0x18 contiki-srf06-cc26xx.a(ctimer.o)
                0x000035e0                ctimer_set
 .text.ctimer_reset
                0x000035f8       0x38 contiki-srf06-cc26xx.a(ctimer.o)
                0x000035f8                ctimer_reset
 .text.ctimer_restart
                0x00003630       0x38 contiki-srf06-cc26xx.a(ctimer.o)
                0x00003630                ctimer_restart
 .text.ctimer_stop
                0x00003668       0x34 contiki-srf06-cc26xx.a(ctimer.o)
                0x00003668                ctimer_stop
 .text.energest_init
                0x0000369c        0x4 contiki-srf06-cc26xx.a(energest.o)
                0x0000369c                energest_init
 .text.update_time
                0x000036a0       0x44 contiki-srf06-cc26xx.a(etimer.o)
 .text.process_thread_etimer_process
                0x000036e4       0xc8 contiki-srf06-cc26xx.a(etimer.o)
 .text.add_timer
                0x000037ac       0x54 contiki-srf06-cc26xx.a(etimer.o)
 .text.etimer_request_poll
                0x00003800        0xc contiki-srf06-cc26xx.a(etimer.o)
                0x00003800                etimer_request_poll
 .text.etimer_set
                0x0000380c       0x14 contiki-srf06-cc26xx.a(etimer.o)
                0x0000380c                etimer_set
 .text.etimer_reset
                0x00003820       0x14 contiki-srf06-cc26xx.a(etimer.o)
                0x00003820                etimer_reset
 .text.etimer_restart
                0x00003834       0x14 contiki-srf06-cc26xx.a(etimer.o)
                0x00003834                etimer_restart
 .text.etimer_expired
                0x00003848        0xc contiki-srf06-cc26xx.a(etimer.o)
                0x00003848                etimer_expired
 .text.etimer_expiration_time
                0x00003854        0x8 contiki-srf06-cc26xx.a(etimer.o)
                0x00003854                etimer_expiration_time
 .text.etimer_pending
                0x0000385c       0x10 contiki-srf06-cc26xx.a(etimer.o)
                0x0000385c                etimer_pending
 .text.etimer_next_expiration_time
                0x0000386c       0x14 contiki-srf06-cc26xx.a(etimer.o)
                0x0000386c                etimer_next_expiration_time
 .text.etimer_stop
                0x00003880       0x44 contiki-srf06-cc26xx.a(etimer.o)
                0x00003880                etimer_stop
 .text.exit_process
                0x000038c4       0xb0 contiki-srf06-cc26xx.a(process.o)
 .text.call_process.part.0
                0x00003974       0x38 contiki-srf06-cc26xx.a(process.o)
 .text.do_poll  0x000039ac       0x3c contiki-srf06-cc26xx.a(process.o)
 .text.process_alloc_event
                0x000039e8       0x10 contiki-srf06-cc26xx.a(process.o)
                0x000039e8                process_alloc_event
 .text.process_start
                0x000039f8       0x48 contiki-srf06-cc26xx.a(process.o)
                0x000039f8                process_start
 .text.process_init
                0x00003a40       0x34 contiki-srf06-cc26xx.a(process.o)
                0x00003a40                process_init
 .text.process_run
                0x00003a74       0xa8 contiki-srf06-cc26xx.a(process.o)
                0x00003a74                process_run
 .text.process_nevents
                0x00003b1c       0x14 contiki-srf06-cc26xx.a(process.o)
                0x00003b1c                process_nevents
 .text.process_post
                0x00003b30       0x40 contiki-srf06-cc26xx.a(process.o)
                0x00003b30                process_post
 .text.process_post_synch
                0x00003b70       0x18 contiki-srf06-cc26xx.a(process.o)
                0x00003b70                process_post_synch
 .text.process_poll
                0x00003b88       0x18 contiki-srf06-cc26xx.a(process.o)
                0x00003b88                process_poll
 .text.rtimer_init
                0x00003ba0        0x4 contiki-srf06-cc26xx.a(rtimer.o)
                0x00003ba0                rtimer_init
 .text.rtimer_set
                0x00003ba4       0x2c contiki-srf06-cc26xx.a(rtimer.o)
                0x00003ba4                rtimer_set
 .text.rtimer_run_next
                0x00003bd0       0x28 contiki-srf06-cc26xx.a(rtimer.o)
                0x00003bd0                rtimer_run_next
 .text.timer_set
                0x00003bf8       0x10 contiki-srf06-cc26xx.a(timer.o)
                0x00003bf8                timer_set
 .text.timer_reset
                0x00003c08        0xc contiki-srf06-cc26xx.a(timer.o)
                0x00003c08                timer_reset
 .text.timer_restart
                0x00003c14        0xc contiki-srf06-cc26xx.a(timer.o)
                0x00003c14                timer_restart
 .text.timer_expired
                0x00003c20       0x1c contiki-srf06-cc26xx.a(timer.o)
                0x00003c20                timer_expired
 .text.process_thread_serial_line_process
                0x00003c3c       0xa8 contiki-srf06-cc26xx.a(serial-line.o)
 .text.serial_line_init
                0x00003ce4       0x24 contiki-srf06-cc26xx.a(serial-line.o)
                0x00003ce4                serial_line_init
 .text.list_init
                0x00003d08        0x8 contiki-srf06-cc26xx.a(list.o)
                0x00003d08                list_init
 .text.list_head
                0x00003d10        0x4 contiki-srf06-cc26xx.a(list.o)
                0x00003d10                list_head
 .text.list_add
                0x00003d14       0x5c contiki-srf06-cc26xx.a(list.o)
                0x00003d14                list_add
 .text.list_push
                0x00003d70       0x48 contiki-srf06-cc26xx.a(list.o)
                0x00003d70                list_push
 .text.list_remove
                0x00003db8       0x38 contiki-srf06-cc26xx.a(list.o)
                0x00003db8                list_remove
 .text.list_length
                0x00003df0       0x14 contiki-srf06-cc26xx.a(list.o)
                0x00003df0                list_length
 .text.list_item_next
                0x00003e04        0x8 contiki-srf06-cc26xx.a(list.o)
                0x00003e04                list_item_next
 .text.ringbuf_init
                0x00003e0c       0x10 contiki-srf06-cc26xx.a(ringbuf.o)
                0x00003e0c                ringbuf_init
 .text.ringbuf_get
                0x00003e1c       0x24 contiki-srf06-cc26xx.a(ringbuf.o)
                0x00003e1c                ringbuf_get
 .text.sicslowpan_init
                0x00003e40       0x24 contiki-srf06-cc26xx.a(sicslowpan.o)
                0x00003e40                sicslowpan_init
 .text.compress_addr_64
                0x00003e64       0x9c contiki-srf06-cc26xx.a(sicslowpan.o)
 .text.set_packet_attrs
                0x00003f00       0x50 contiki-srf06-cc26xx.a(sicslowpan.o)
 .text.addr_context_lookup_by_prefix
                0x00003f50       0x28 contiki-srf06-cc26xx.a(sicslowpan.o)
 .text.send_packet
                0x00003f78       0x24 contiki-srf06-cc26xx.a(sicslowpan.o)
 .text.packet_sent
                0x00003f9c       0x28 contiki-srf06-cc26xx.a(sicslowpan.o)
 .text.store_fragment
                0x00003fc4       0x68 contiki-srf06-cc26xx.a(sicslowpan.o)
 .text.add_fragment
                0x0000402c      0x18c contiki-srf06-cc26xx.a(sicslowpan.o)
 .text.uncompress_addr
                0x000041b8       0xb8 contiki-srf06-cc26xx.a(sicslowpan.o)
 .text.input    0x00004270      0x694 contiki-srf06-cc26xx.a(sicslowpan.o)
 .text.output   0x00004904      0x6fc contiki-srf06-cc26xx.a(sicslowpan.o)
 .text.uip_ds6_nbr_rm
                0x00005000       0x20 contiki-srf06-cc26xx.a(uip-ds6-nbr.o)
                0x00005000                uip_ds6_nbr_rm
 .text.uip_ds6_neighbors_init
                0x00005020       0x1c contiki-srf06-cc26xx.a(uip-ds6-nbr.o)
                0x00005020                uip_ds6_neighbors_init
 .text.uip_ds6_nbr_add
                0x0000503c       0x38 contiki-srf06-cc26xx.a(uip-ds6-nbr.o)
                0x0000503c                uip_ds6_nbr_add
 .text.uip_ds6_nbr_get_ll
                0x00005074       0x10 contiki-srf06-cc26xx.a(uip-ds6-nbr.o)
                0x00005074                uip_ds6_nbr_get_ll
 .text.uip_ds6_nbr_lookup
                0x00005084       0x3c contiki-srf06-cc26xx.a(uip-ds6-nbr.o)
                0x00005084                uip_ds6_nbr_lookup
 .text.uip_ds6_nbr_ipaddr_from_lladdr
                0x000050c0       0x10 contiki-srf06-cc26xx.a(uip-ds6-nbr.o)
                0x000050c0                uip_ds6_nbr_ipaddr_from_lladdr
 .text.uip_ds6_nbr_lladdr_from_ipaddr
                0x000050d0       0x1c contiki-srf06-cc26xx.a(uip-ds6-nbr.o)
                0x000050d0                uip_ds6_nbr_lladdr_from_ipaddr
 .text.uip_ds6_link_neighbor_callback
                0x000050ec       0x34 contiki-srf06-cc26xx.a(uip-ds6-nbr.o)
                0x000050ec                uip_ds6_link_neighbor_callback
 .text.uip_ds6_list_loop
                0x00005120       0x5c contiki-srf06-cc26xx.a(uip-ds6.o)
                0x00005120                uip_ds6_list_loop
 .text.uip_ds6_prefix_add
                0x0000517c       0x6c contiki-srf06-cc26xx.a(uip-ds6.o)
                0x0000517c                uip_ds6_prefix_add
 .text.uip_ds6_is_addr_onlink
                0x000051e8       0x40 contiki-srf06-cc26xx.a(uip-ds6.o)
                0x000051e8                uip_ds6_is_addr_onlink
 .text.uip_ds6_addr_lookup
                0x00005228       0x30 contiki-srf06-cc26xx.a(uip-ds6.o)
                0x00005228                uip_ds6_addr_lookup
 .text.uip_ds6_get_link_local
                0x00005258       0x50 contiki-srf06-cc26xx.a(uip-ds6.o)
                0x00005258                uip_ds6_get_link_local
 .text.uip_ds6_maddr_add
                0x000052a8       0x50 contiki-srf06-cc26xx.a(uip-ds6.o)
                0x000052a8                uip_ds6_maddr_add
 .text.uip_ds6_addr_add
                0x000052f8       0xa8 contiki-srf06-cc26xx.a(uip-ds6.o)
                0x000052f8                uip_ds6_addr_add
 .text.uip_ds6_maddr_lookup
                0x000053a0       0x30 contiki-srf06-cc26xx.a(uip-ds6.o)
                0x000053a0                uip_ds6_maddr_lookup
 .text.uip_ds6_addr_rm
                0x000053d0       0x48 contiki-srf06-cc26xx.a(uip-ds6.o)
                0x000053d0                uip_ds6_addr_rm
 .text.uip_ds6_periodic
                0x00005418       0x5c contiki-srf06-cc26xx.a(uip-ds6.o)
                0x00005418                uip_ds6_periodic
 .text.uip_ds6_select_src
                0x00005474      0x118 contiki-srf06-cc26xx.a(uip-ds6.o)
                0x00005474                uip_ds6_select_src
 .text.uip_ds6_set_addr_iid
                0x0000558c       0x14 contiki-srf06-cc26xx.a(uip-ds6.o)
                0x0000558c                uip_ds6_set_addr_iid
 .text.uip_ds6_compute_reachable_time
                0x000055a0       0x2c contiki-srf06-cc26xx.a(uip-ds6.o)
                0x000055a0                uip_ds6_compute_reachable_time
 .text.uip_ds6_init
                0x000055cc       0xf8 contiki-srf06-cc26xx.a(uip-ds6.o)
                0x000055cc                uip_ds6_init
 .text.chksum   0x000056c4       0x50 contiki-srf06-cc26xx.a(uip6.o)
 .text.upper_layer_chksum
                0x00005714       0x58 contiki-srf06-cc26xx.a(uip6.o)
 .text.ext_hdr_options_process
                0x0000576c       0xd4 contiki-srf06-cc26xx.a(uip6.o)
 .text.uip_add32
                0x00005840       0x58 contiki-srf06-cc26xx.a(uip6.o)
                0x00005840                uip_add32
 .text.unlikely.uip_add_rcv_nxt
                0x00005898       0x2c contiki-srf06-cc26xx.a(uip6.o)
 .text.uip_icmp6chksum
                0x000058c4        0x8 contiki-srf06-cc26xx.a(uip6.o)
                0x000058c4                uip_icmp6chksum
 .text.uip_init
                0x000058cc       0x5c contiki-srf06-cc26xx.a(uip6.o)
                0x000058cc                uip_init
 .text.remove_ext_hdr
                0x00005928       0x54 contiki-srf06-cc26xx.a(uip6.o)
                0x00005928                remove_ext_hdr
 .text.uip_unlisten
                0x0000597c       0x28 contiki-srf06-cc26xx.a(uip6.o)
                0x0000597c                uip_unlisten
 .text.uip_process
                0x000059a4     0x1088 contiki-srf06-cc26xx.a(uip6.o)
                0x000059a4                uip_process
 .text.uip_htonl
                0x00006a2c       0x14 contiki-srf06-cc26xx.a(uip6.o)
                0x00006a2c                uip_htonl
 .text.start_periodic_tcp_timer
                0x00006a40       0x1c contiki-srf06-cc26xx.a(tcpip.o)
 .text.tcpip_set_outputfunc
                0x00006a5c        0xc contiki-srf06-cc26xx.a(tcpip.o)
                0x00006a5c                tcpip_set_outputfunc
 .text.tcpip_icmp6_call
                0x00006a68       0x28 contiki-srf06-cc26xx.a(tcpip.o)
                0x00006a68                tcpip_icmp6_call
 .text.tcpip_input
                0x00006a90       0x24 contiki-srf06-cc26xx.a(tcpip.o)
                0x00006a90                tcpip_input
 .text.tcpip_ipv6_output
                0x00006ab4       0xbc contiki-srf06-cc26xx.a(tcpip.o)
                0x00006ab4                tcpip_ipv6_output
 .text.process_thread_tcpip_process
                0x00006b70      0x1c0 contiki-srf06-cc26xx.a(tcpip.o)
 .text.tcpip_uipcall
                0x00006d30       0x70 contiki-srf06-cc26xx.a(tcpip.o)
                0x00006d30                tcpip_uipcall
 .text.rpl_set_preferred_parent
                0x00006da0       0x2c contiki-srf06-cc26xx.a(rpl-dag.o)
 .text.set_ip_from_prefix
                0x00006dcc       0x24 contiki-srf06-cc26xx.a(rpl-dag.o)
 .text.check_prefix
                0x00006df0       0x78 contiki-srf06-cc26xx.a(rpl-dag.o)
 .text.find_parent_any_dag_any_instance
                0x00006e68       0x1c contiki-srf06-cc26xx.a(rpl-dag.o)
 .text.lollipop_greater_than
                0x00006e84       0x3c contiki-srf06-cc26xx.a(rpl-dag.o)
 .text.rpl_dag_init
                0x00006ec0       0x14 contiki-srf06-cc26xx.a(rpl-dag.o)
                0x00006ec0                rpl_dag_init
 .text.rpl_get_parent
                0x00006ed4       0x10 contiki-srf06-cc26xx.a(rpl-dag.o)
                0x00006ed4                rpl_get_parent
 .text.rpl_rank_via_parent
                0x00006ee4       0x1c contiki-srf06-cc26xx.a(rpl-dag.o)
                0x00006ee4                rpl_rank_via_parent
 .text.rpl_get_parent_ipaddr
                0x00006f00       0x18 contiki-srf06-cc26xx.a(rpl-dag.o)
                0x00006f00                rpl_get_parent_ipaddr
 .text.rpl_get_parent_link_stats
                0x00006f18       0x18 contiki-srf06-cc26xx.a(rpl-dag.o)
                0x00006f18                rpl_get_parent_link_stats
 .text.best_parent
                0x00006f30       0x94 contiki-srf06-cc26xx.a(rpl-dag.o)
 .text.rpl_parent_is_fresh
                0x00006fc4       0x10 contiki-srf06-cc26xx.a(rpl-dag.o)
                0x00006fc4                rpl_parent_is_fresh
 .text.rpl_parent_is_reachable
                0x00006fd4       0x40 contiki-srf06-cc26xx.a(rpl-dag.o)
                0x00006fd4                rpl_parent_is_reachable
 .text.rpl_repair_root
                0x00007014       0x60 contiki-srf06-cc26xx.a(rpl-dag.o)
                0x00007014                rpl_repair_root
 .text.rpl_set_prefix
                0x00007074       0x94 contiki-srf06-cc26xx.a(rpl-dag.o)
                0x00007074                rpl_set_prefix
 .text.rpl_set_default_route
                0x00007108       0x30 contiki-srf06-cc26xx.a(rpl-dag.o)
                0x00007108                rpl_set_default_route
 .text.rpl_alloc_instance
                0x00007138       0x34 contiki-srf06-cc26xx.a(rpl-dag.o)
                0x00007138                rpl_alloc_instance
 .text.rpl_alloc_dag
                0x0000716c       0x5c contiki-srf06-cc26xx.a(rpl-dag.o)
                0x0000716c                rpl_alloc_dag
 .text.rpl_add_parent
                0x000071c8       0x30 contiki-srf06-cc26xx.a(rpl-dag.o)
                0x000071c8                rpl_add_parent
 .text.rpl_find_parent
                0x000071f8       0x18 contiki-srf06-cc26xx.a(rpl-dag.o)
                0x000071f8                rpl_find_parent
 .text.rpl_find_parent_any_dag
                0x00007210       0x20 contiki-srf06-cc26xx.a(rpl-dag.o)
                0x00007210                rpl_find_parent_any_dag
 .text.rpl_select_parent
                0x00007230       0x58 contiki-srf06-cc26xx.a(rpl-dag.o)
                0x00007230                rpl_select_parent
 .text.rpl_select_dag
                0x00007288      0x18c contiki-srf06-cc26xx.a(rpl-dag.o)
                0x00007288                rpl_select_dag
 .text.rpl_nullify_parent
                0x00007414       0x58 contiki-srf06-cc26xx.a(rpl-dag.o)
                0x00007414                rpl_nullify_parent
 .text.rpl_remove_parent
                0x0000746c       0x1c contiki-srf06-cc26xx.a(rpl-dag.o)
                0x0000746c                rpl_remove_parent
 .text.nbr_callback
                0x00007488        0x4 contiki-srf06-cc26xx.a(rpl-dag.o)
 .text.remove_parents.constprop.7
                0x0000748c       0x48 contiki-srf06-cc26xx.a(rpl-dag.o)
 .text.rpl_free_dag
                0x000074d4       0x3c contiki-srf06-cc26xx.a(rpl-dag.o)
                0x000074d4                rpl_free_dag
 .text.rpl_move_parent
                0x00007510       0x58 contiki-srf06-cc26xx.a(rpl-dag.o)
                0x00007510                rpl_move_parent
 .text.rpl_get_dag
                0x00007568       0x3c contiki-srf06-cc26xx.a(rpl-dag.o)
                0x00007568                rpl_get_dag
 .text.rpl_get_any_dag
                0x000075a4       0x18 contiki-srf06-cc26xx.a(rpl-dag.o)
                0x000075a4                rpl_get_any_dag
 .text.rpl_get_instance
                0x000075bc       0x20 contiki-srf06-cc26xx.a(rpl-dag.o)
                0x000075bc                rpl_get_instance
 .text.rpl_join_instance
                0x000075dc      0x14c contiki-srf06-cc26xx.a(rpl-dag.o)
                0x000075dc                rpl_join_instance
 .text.rpl_local_repair
                0x00007728       0x90 contiki-srf06-cc26xx.a(rpl-dag.o)
                0x00007728                rpl_local_repair
 .text.rpl_process_parent_event
                0x000077b8       0x9c contiki-srf06-cc26xx.a(rpl-dag.o)
                0x000077b8                rpl_process_parent_event
 .text.rpl_add_dag
                0x00007854      0x14c contiki-srf06-cc26xx.a(rpl-dag.o)
                0x00007854                rpl_add_dag
 .text.rpl_recalculate_ranks
                0x000079a0       0x50 contiki-srf06-cc26xx.a(rpl-dag.o)
                0x000079a0                rpl_recalculate_ranks
 .text.rpl_process_dio
                0x000079f0      0x32c contiki-srf06-cc26xx.a(rpl-dag.o)
                0x000079f0                rpl_process_dio
 .text.update_hbh_header
                0x00007d1c       0xd0 contiki-srf06-cc26xx.a(rpl-ext-header.)
 .text.insert_hbh_header.isra.0
                0x00007dec       0xb0 contiki-srf06-cc26xx.a(rpl-ext-header.)
 .text.rpl_verify_hbh_header
                0x00007e9c       0xf0 contiki-srf06-cc26xx.a(rpl-ext-header.)
                0x00007e9c                rpl_verify_hbh_header
 .text.rpl_remove_header
                0x00007f8c       0x80 contiki-srf06-cc26xx.a(rpl-ext-header.)
                0x00007f8c                rpl_remove_header
 .text.rpl_update_header
                0x0000800c       0x74 contiki-srf06-cc26xx.a(rpl-ext-header.)
                0x0000800c                rpl_update_header
 .text.dao_ack_input
                0x00008080       0x14 contiki-srf06-cc26xx.a(rpl-icmp6.o)
 .text.dao_output_target_seq
                0x00008094      0x120 contiki-srf06-cc26xx.a(rpl-icmp6.o)
 .text.dio_input
                0x000081b4      0x2a8 contiki-srf06-cc26xx.a(rpl-icmp6.o)
 .text.rpl_icmp6_update_nbr_table
                0x0000845c       0x38 contiki-srf06-cc26xx.a(rpl-icmp6.o)
                0x0000845c                rpl_icmp6_update_nbr_table
 .text.dao_input
                0x00008494      0x2c8 contiki-srf06-cc26xx.a(rpl-icmp6.o)
 .text.dis_output
                0x0000875c       0x58 contiki-srf06-cc26xx.a(rpl-icmp6.o)
                0x0000875c                dis_output
 .text.dio_output
                0x000087b4      0x2b0 contiki-srf06-cc26xx.a(rpl-icmp6.o)
                0x000087b4                dio_output
 .text.dis_input
                0x00008a64       0x54 contiki-srf06-cc26xx.a(rpl-icmp6.o)
 .text.dao_output
                0x00008ab8       0x90 contiki-srf06-cc26xx.a(rpl-icmp6.o)
                0x00008ab8                dao_output
 .text.dao_output_target
                0x00008b48        0xc contiki-srf06-cc26xx.a(rpl-icmp6.o)
                0x00008b48                dao_output_target
 .text.rpl_icmp6_register_handlers
                0x00008b54       0x30 contiki-srf06-cc26xx.a(rpl-icmp6.o)
                0x00008b54                rpl_icmp6_register_handlers
 .text.reset    0x00008b84        0x4 contiki-srf06-cc26xx.a(rpl-mrhof.o)
 .text.update_metric_container
                0x00008b88        0x8 contiki-srf06-cc26xx.a(rpl-mrhof.o)
 .text.parent_link_metric
                0x00008b90       0x14 contiki-srf06-cc26xx.a(rpl-mrhof.o)
 .text.parent_has_usable_link
                0x00008ba4       0x18 contiki-srf06-cc26xx.a(rpl-mrhof.o)
 .text.best_dag
                0x00008bbc       0x2c contiki-srf06-cc26xx.a(rpl-mrhof.o)
 .text.parent_path_cost
                0x00008be8       0x4c contiki-srf06-cc26xx.a(rpl-mrhof.o)
 .text.parent_is_acceptable
                0x00008c34       0x34 contiki-srf06-cc26xx.a(rpl-mrhof.o)
 .text.rank_via_parent
                0x00008c68       0x3c contiki-srf06-cc26xx.a(rpl-mrhof.o)
 .text.best_parent
                0x00008ca4       0x68 contiki-srf06-cc26xx.a(rpl-mrhof.o)
 .text.new_dio_interval
                0x00008d0c       0x60 contiki-srf06-cc26xx.a(rpl-timers.o)
 .text.handle_periodic_timer
                0x00008d6c       0x58 contiki-srf06-cc26xx.a(rpl-timers.o)
 .text.set_dao_lifetime_timer
                0x00008dc4       0x48 contiki-srf06-cc26xx.a(rpl-timers.o)
 .text.handle_unicast_dio_timer
                0x00008e0c       0x1c contiki-srf06-cc26xx.a(rpl-timers.o)
 .text.handle_dio_timer
                0x00008e28       0x8c contiki-srf06-cc26xx.a(rpl-timers.o)
 .text.schedule_dao
                0x00008eb4       0x54 contiki-srf06-cc26xx.a(rpl-timers.o)
 .text.handle_dao_timer
                0x00008f08       0x5c contiki-srf06-cc26xx.a(rpl-timers.o)
 .text.rpl_reset_periodic_timer
                0x00008f64       0x3c contiki-srf06-cc26xx.a(rpl-timers.o)
                0x00008f64                rpl_reset_periodic_timer
 .text.rpl_reset_dio_timer
                0x00008fa0       0x1c contiki-srf06-cc26xx.a(rpl-timers.o)
                0x00008fa0                rpl_reset_dio_timer
 .text.rpl_schedule_dao
                0x00008fbc        0x8 contiki-srf06-cc26xx.a(rpl-timers.o)
                0x00008fbc                rpl_schedule_dao
 .text.rpl_schedule_unicast_dio_immediately
                0x00008fc4       0x14 contiki-srf06-cc26xx.a(rpl-timers.o)
                0x00008fc4                rpl_schedule_unicast_dio_immediately
 .text.get_probing_delay
                0x00008fd8       0x4c contiki-srf06-cc26xx.a(rpl-timers.o)
                0x00008fd8                get_probing_delay
 .text.get_probing_target
                0x00009024       0xe4 contiki-srf06-cc26xx.a(rpl-timers.o)
                0x00009024                get_probing_target
 .text.rpl_schedule_probing
                0x00009108       0x20 contiki-srf06-cc26xx.a(rpl-timers.o)
                0x00009108                rpl_schedule_probing
 .text.handle_probing_timer
                0x00009128       0x34 contiki-srf06-cc26xx.a(rpl-timers.o)
 .text.rpl_get_mode
                0x0000915c        0xc contiki-srf06-cc26xx.a(rpl.o)
                0x0000915c                rpl_get_mode
 .text.rpl_purge_routes
                0x00009168       0x7c contiki-srf06-cc26xx.a(rpl.o)
                0x00009168                rpl_purge_routes
 .text.rpl_remove_routes
                0x000091e4       0x24 contiki-srf06-cc26xx.a(rpl.o)
                0x000091e4                rpl_remove_routes
 .text.rpl_remove_routes_by_nexthop
                0x00009208       0x34 contiki-srf06-cc26xx.a(rpl.o)
                0x00009208                rpl_remove_routes_by_nexthop
 .text.rpl_add_route
                0x0000923c       0x38 contiki-srf06-cc26xx.a(rpl.o)
                0x0000923c                rpl_add_route
 .text.rpl_link_neighbor_callback
                0x00009274       0x60 contiki-srf06-cc26xx.a(rpl.o)
                0x00009274                rpl_link_neighbor_callback
 .text.rpl_ipv6_neighbor_callback
                0x000092d4       0x30 contiki-srf06-cc26xx.a(rpl.o)
                0x000092d4                rpl_ipv6_neighbor_callback
 .text.rpl_purge_dags
                0x00009304       0x40 contiki-srf06-cc26xx.a(rpl.o)
                0x00009304                rpl_purge_dags
 .text.rpl_init
                0x00009344       0x4c contiki-srf06-cc26xx.a(rpl.o)
                0x00009344                rpl_init
 .text.SafeHapiVoid
                0x00009390       0x2c contiki-srf06-cc26xx.a(adi.o)
                0x00009390                SafeHapiVoid
 .text.NOROM_AONBatMonTemperatureGetDegC
                0x000093bc       0x30 contiki-srf06-cc26xx.a(aon_batmon.o)
                0x000093bc                NOROM_AONBatMonTemperatureGetDegC
 .text.NOROM_AONRTCCurrentCompareValueGet
                0x000093ec       0x24 contiki-srf06-cc26xx.a(aon_rtc.o)
                0x000093ec                NOROM_AONRTCCurrentCompareValueGet
 .text.NOROM_ChipInfo_GetSupportedProtocol_BV
                0x00009410       0x10 contiki-srf06-cc26xx.a(chipinfo.o)
                0x00009410                NOROM_ChipInfo_GetSupportedProtocol_BV
 .text.NOROM_ChipInfo_GetChipFamily
                0x00009420       0x50 contiki-srf06-cc26xx.a(chipinfo.o)
                0x00009420                NOROM_ChipInfo_GetChipFamily
 .text.NOROM_ChipInfo_GetChipType
                0x00009470       0x54 contiki-srf06-cc26xx.a(chipinfo.o)
                0x00009470                NOROM_ChipInfo_GetChipType
 .text.NOROM_ChipInfo_GetHwRevision
                0x000094c4       0x70 contiki-srf06-cc26xx.a(chipinfo.o)
                0x000094c4                NOROM_ChipInfo_GetHwRevision
 .text.NOROM_ThisCodeIsBuiltForCC26xxHwRev22AndLater_HaltIfViolated
                0x00009534       0x14 contiki-srf06-cc26xx.a(chipinfo.o)
                0x00009534                NOROM_ThisCodeIsBuiltForCC26xxHwRev22AndLater_HaltIfViolated
 .text.NOROM_CPUcpsid
                0x00009548        0x8 contiki-srf06-cc26xx.a(cpu.o)
                0x00009548                NOROM_CPUcpsid
 .text.NOROM_CPUcpsie
                0x00009550        0x8 contiki-srf06-cc26xx.a(cpu.o)
                0x00009550                NOROM_CPUcpsie
 .text.NOROM_DDI32RegWrite
                0x00009558       0x34 contiki-srf06-cc26xx.a(ddi.o)
                0x00009558                NOROM_DDI32RegWrite
 .text.NOROM_DDI16BitfieldWrite
                0x0000958c       0x4c contiki-srf06-cc26xx.a(ddi.o)
                0x0000958c                NOROM_DDI16BitfieldWrite
 .text.NOROM_DDI16BitfieldRead
                0x000095d8       0x4c contiki-srf06-cc26xx.a(ddi.o)
                0x000095d8                NOROM_DDI16BitfieldRead
 .text.NOROM_OSCClockSourceSet
                0x00009624       0x50 contiki-srf06-cc26xx.a(osc.o)
                0x00009624                NOROM_OSCClockSourceSet
 .text.NOROM_OSCClockSourceGet
                0x00009674       0x20 contiki-srf06-cc26xx.a(osc.o)
                0x00009674                NOROM_OSCClockSourceGet
 .text.NOROM_PowerCtrlSourceSet
                0x00009694       0x30 contiki-srf06-cc26xx.a(pwr_ctrl.o)
                0x00009694                NOROM_PowerCtrlSourceSet
 .text.TrimAfterColdResetWakeupFromShutDown
                0x000096c4       0xe4 contiki-srf06-cc26xx.a(setup.o)
 .text.NOROM_SetupTrimDevice
                0x000097a8       0xa4 contiki-srf06-cc26xx.a(setup.o)
                0x000097a8                NOROM_SetupTrimDevice
 .text.NOROM_SetupGetTrimForXoscHfCtl.part.3
                0x0000984c       0x20 contiki-srf06-cc26xx.a(setup_rom.o)
 .text.NOROM_SetupGetTrimForRadcExtCfg.part.4
                0x0000986c       0x1c contiki-srf06-cc26xx.a(setup_rom.o)
 .text.NOROM_SetupAfterColdResetWakeupFromShutDownCfg1
                0x00009888       0x7c contiki-srf06-cc26xx.a(setup_rom.o)
                0x00009888                NOROM_SetupAfterColdResetWakeupFromShutDownCfg1
 .text.NOROM_SetupAfterColdResetWakeupFromShutDownCfg3
                0x00009904      0x1a0 contiki-srf06-cc26xx.a(setup_rom.o)
                0x00009904                NOROM_SetupAfterColdResetWakeupFromShutDownCfg3
 .text.NOROM_SetupGetTrimForAnabypassValue1
                0x00009aa4       0x64 contiki-srf06-cc26xx.a(setup_rom.o)
                0x00009aa4                NOROM_SetupGetTrimForAnabypassValue1
 .text.NOROM_SetupGetTrimForAmpcompCtrl
                0x00009b08       0x74 contiki-srf06-cc26xx.a(setup_rom.o)
                0x00009b08                NOROM_SetupGetTrimForAmpcompCtrl
 .text.NOROM_SetupAfterColdResetWakeupFromShutDownCfg2
                0x00009b7c      0x194 contiki-srf06-cc26xx.a(setup_rom.o)
                0x00009b7c                NOROM_SetupAfterColdResetWakeupFromShutDownCfg2
 .text.NOROM_SetupSetCacheModeAccordingToCcfgSetting
                0x00009d10       0x68 contiki-srf06-cc26xx.a(setup_rom.o)
                0x00009d10                NOROM_SetupSetCacheModeAccordingToCcfgSetting
 .text.NOROM_SysCtrlSetRechargeBeforePowerDown
                0x00009d78      0x260 contiki-srf06-cc26xx.a(sys_ctrl.o)
                0x00009d78                NOROM_SysCtrlSetRechargeBeforePowerDown
 .text.NOROM_SysCtrlAdjustRechargeAfterPowerDown
                0x00009fd8       0x70 contiki-srf06-cc26xx.a(sys_ctrl.o)
                0x00009fd8                NOROM_SysCtrlAdjustRechargeAfterPowerDown
 .text.NOROM_SysCtrl_DCDC_VoltageConditionalControl
                0x0000a048       0x7c contiki-srf06-cc26xx.a(sys_ctrl.o)
                0x0000a048                NOROM_SysCtrl_DCDC_VoltageConditionalControl
 .text.NOROM_TRNGConfigure
                0x0000a0c4       0x38 contiki-srf06-cc26xx.a(trng.o)
                0x0000a0c4                NOROM_TRNGConfigure
 .text.periodic
                0x0000a0fc       0x2c contiki-srf06-cc26xx.a(link-stats.o)
 .text.link_stats_from_lladdr
                0x0000a128        0xc contiki-srf06-cc26xx.a(link-stats.o)
                0x0000a128                link_stats_from_lladdr
 .text.link_stats_is_fresh
                0x0000a134       0x28 contiki-srf06-cc26xx.a(link-stats.o)
                0x0000a134                link_stats_is_fresh
 .text.link_stats_packet_sent
                0x0000a15c       0xcc contiki-srf06-cc26xx.a(link-stats.o)
                0x0000a15c                link_stats_packet_sent
 .text.link_stats_input_callback
                0x0000a228       0x5c contiki-srf06-cc26xx.a(link-stats.o)
                0x0000a228                link_stats_input_callback
 .text.link_stats_init
                0x0000a284       0x28 contiki-srf06-cc26xx.a(link-stats.o)
                0x0000a284                link_stats_init
 .text.linkaddr_copy
                0x0000a2ac        0xc contiki-srf06-cc26xx.a(linkaddr.o)
                0x0000a2ac                linkaddr_copy
 .text.linkaddr_cmp
                0x0000a2b8       0x10 contiki-srf06-cc26xx.a(linkaddr.o)
                0x0000a2b8                linkaddr_cmp
 .text.index_from_lladdr
                0x0000a2c8       0x50 contiki-srf06-cc26xx.a(nbr-table.o)
 .text.remove_key
                0x0000a318       0x9c contiki-srf06-cc26xx.a(nbr-table.o)
 .text.nbr_table_register
                0x0000a3b4       0x2c contiki-srf06-cc26xx.a(nbr-table.o)
                0x0000a3b4                nbr_table_register
 .text.nbr_table_next
                0x0000a3e0       0x7c contiki-srf06-cc26xx.a(nbr-table.o)
                0x0000a3e0                nbr_table_next
 .text.nbr_table_head
                0x0000a45c       0x70 contiki-srf06-cc26xx.a(nbr-table.o)
                0x0000a45c                nbr_table_head
 .text.nbr_table_add_lladdr
                0x0000a4cc      0x15c contiki-srf06-cc26xx.a(nbr-table.o)
                0x0000a4cc                nbr_table_add_lladdr
 .text.nbr_table_get_from_lladdr
                0x0000a628       0x44 contiki-srf06-cc26xx.a(nbr-table.o)
                0x0000a628                nbr_table_get_from_lladdr
 .text.nbr_table_remove
                0x0000a66c       0x5c contiki-srf06-cc26xx.a(nbr-table.o)
                0x0000a66c                nbr_table_remove
 .text.nbr_table_lock
                0x0000a6c8       0x34 contiki-srf06-cc26xx.a(nbr-table.o)
                0x0000a6c8                nbr_table_lock
 .text.nbr_table_unlock
                0x0000a6fc       0x38 contiki-srf06-cc26xx.a(nbr-table.o)
                0x0000a6fc                nbr_table_unlock
 .text.nbr_table_get_lladdr
                0x0000a734       0x30 contiki-srf06-cc26xx.a(nbr-table.o)
                0x0000a734                nbr_table_get_lladdr
 .text.nbr_table_update_lladdr
                0x0000a764       0x54 contiki-srf06-cc26xx.a(nbr-table.o)
                0x0000a764                nbr_table_update_lladdr
 .text.netstack_init
                0x0000a7b8       0x38 contiki-srf06-cc26xx.a(netstack.o)
                0x0000a7b8                netstack_init
 .text.packetbuf_copyto
                0x0000a7f0       0x50 contiki-srf06-cc26xx.a(packetbuf.o)
                0x0000a7f0                packetbuf_copyto
 .text.packetbuf_hdralloc
                0x0000a840       0x58 contiki-srf06-cc26xx.a(packetbuf.o)
                0x0000a840                packetbuf_hdralloc
 .text.packetbuf_hdrreduce
                0x0000a898       0x2c contiki-srf06-cc26xx.a(packetbuf.o)
                0x0000a898                packetbuf_hdrreduce
 .text.packetbuf_set_datalen
                0x0000a8c4        0xc contiki-srf06-cc26xx.a(packetbuf.o)
                0x0000a8c4                packetbuf_set_datalen
 .text.packetbuf_dataptr
                0x0000a8d0       0x20 contiki-srf06-cc26xx.a(packetbuf.o)
                0x0000a8d0                packetbuf_dataptr
 .text.packetbuf_hdrptr
                0x0000a8f0        0x8 contiki-srf06-cc26xx.a(packetbuf.o)
                0x0000a8f0                packetbuf_hdrptr
 .text.packetbuf_datalen
                0x0000a8f8        0xc contiki-srf06-cc26xx.a(packetbuf.o)
                0x0000a8f8                packetbuf_datalen
 .text.packetbuf_totlen
                0x0000a904       0x24 contiki-srf06-cc26xx.a(packetbuf.o)
                0x0000a904                packetbuf_totlen
 .text.packetbuf_attr_clear
                0x0000a928       0x34 contiki-srf06-cc26xx.a(packetbuf.o)
                0x0000a928                packetbuf_attr_clear
 .text.packetbuf_clear
                0x0000a95c       0x20 contiki-srf06-cc26xx.a(packetbuf.o)
                0x0000a95c                packetbuf_clear
 .text.packetbuf_copyfrom
                0x0000a97c       0x40 contiki-srf06-cc26xx.a(packetbuf.o)
                0x0000a97c                packetbuf_copyfrom
 .text.packetbuf_attr_copyto
                0x0000a9bc       0x44 contiki-srf06-cc26xx.a(packetbuf.o)
                0x0000a9bc                packetbuf_attr_copyto
 .text.packetbuf_attr_copyfrom
                0x0000aa00       0x44 contiki-srf06-cc26xx.a(packetbuf.o)
                0x0000aa00                packetbuf_attr_copyfrom
 .text.packetbuf_set_attr
                0x0000aa44       0x10 contiki-srf06-cc26xx.a(packetbuf.o)
                0x0000aa44                packetbuf_set_attr
 .text.packetbuf_attr
                0x0000aa54        0xc contiki-srf06-cc26xx.a(packetbuf.o)
                0x0000aa54                packetbuf_attr
 .text.packetbuf_set_addr
                0x0000aa60       0x18 contiki-srf06-cc26xx.a(packetbuf.o)
                0x0000aa60                packetbuf_set_addr
 .text.packetbuf_addr
                0x0000aa78       0x10 contiki-srf06-cc26xx.a(packetbuf.o)
                0x0000aa78                packetbuf_addr
 .text.packetbuf_holds_broadcast
                0x0000aa88       0x10 contiki-srf06-cc26xx.a(packetbuf.o)
                0x0000aa88                packetbuf_holds_broadcast
 .text.queuebuf_init
                0x0000aa98       0x1c contiki-srf06-cc26xx.a(queuebuf.o)
                0x0000aa98                queuebuf_init
 .text.queuebuf_numfree
                0x0000aab4        0xc contiki-srf06-cc26xx.a(queuebuf.o)
                0x0000aab4                queuebuf_numfree
 .text.queuebuf_new_from_packetbuf
                0x0000aac0       0x48 contiki-srf06-cc26xx.a(queuebuf.o)
                0x0000aac0                queuebuf_new_from_packetbuf
 .text.queuebuf_update_attr_from_packetbuf
                0x0000ab08        0xc contiki-srf06-cc26xx.a(queuebuf.o)
                0x0000ab08                queuebuf_update_attr_from_packetbuf
 .text.queuebuf_update_from_packetbuf
                0x0000ab14       0x1c contiki-srf06-cc26xx.a(queuebuf.o)
                0x0000ab14                queuebuf_update_from_packetbuf
 .text.queuebuf_free
                0x0000ab30       0x2c contiki-srf06-cc26xx.a(queuebuf.o)
                0x0000ab30                queuebuf_free
 .text.queuebuf_to_packetbuf
                0x0000ab5c       0x30 contiki-srf06-cc26xx.a(queuebuf.o)
                0x0000ab5c                queuebuf_to_packetbuf
 .text.queuebuf_attr
                0x0000ab8c        0xc contiki-srf06-cc26xx.a(queuebuf.o)
                0x0000ab8c                queuebuf_attr
 .text.input_packet
                0x0000ab98        0xc contiki-srf06-cc26xx.a(csma.o)
 .text.on       0x0000aba4        0xc contiki-srf06-cc26xx.a(csma.o)
 .text.off      0x0000abb0        0xc contiki-srf06-cc26xx.a(csma.o)
 .text.channel_check_interval
                0x0000abbc       0x10 contiki-srf06-cc26xx.a(csma.o)
 .text.transmit_packet_list
                0x0000abcc       0x34 contiki-srf06-cc26xx.a(csma.o)
 .text.schedule_transmission
                0x0000ac00       0x58 contiki-srf06-cc26xx.a(csma.o)
 .text.send_packet
                0x0000ac58      0x154 contiki-srf06-cc26xx.a(csma.o)
 .text.init     0x0000adac       0x24 contiki-srf06-cc26xx.a(csma.o)
 .text.tx_done  0x0000add0       0x90 contiki-srf06-cc26xx.a(csma.o)
 .text.packet_sent
                0x0000ae60       0xe8 contiki-srf06-cc26xx.a(csma.o)
 .text.parse    0x0000af48       0xa0 contiki-srf06-cc26xx.a(framer-802154.o)
 .text.create_frame.isra.0
                0x0000afe8      0x144 contiki-srf06-cc26xx.a(framer-802154.o)
 .text.create   0x0000b12c        0x8 contiki-srf06-cc26xx.a(framer-802154.o)
 .text.hdr_length
                0x0000b134        0x8 contiki-srf06-cc26xx.a(framer-802154.o)
 .text.mac_call_sent_callback
                0x0000b13c       0x18 contiki-srf06-cc26xx.a(mac.o)
                0x0000b13c                mac_call_sent_callback
 .text.duty_cycle
                0x0000b154        0x4 contiki-srf06-cc26xx.a(contikimac.o)
 .text.init     0x0000b158       0x40 contiki-srf06-cc26xx.a(contikimac.o)
 .text.on.part.0
                0x0000b198       0x14 contiki-srf06-cc26xx.a(contikimac.o)
 .text.off      0x0000b1ac       0x38 contiki-srf06-cc26xx.a(contikimac.o)
 .text.recv_burst_off
                0x0000b1e4       0x14 contiki-srf06-cc26xx.a(contikimac.o)
 .text.powercycle_turn_radio_off.part.2
                0x0000b1f8       0x10 contiki-srf06-cc26xx.a(contikimac.o)
 .text.turn_off
                0x0000b208       0x44 contiki-srf06-cc26xx.a(contikimac.o)
 .text.turn_on  0x0000b24c       0x44 contiki-srf06-cc26xx.a(contikimac.o)
 .text.schedule_powercycle_fixed.part.5
                0x0000b290       0x2c contiki-srf06-cc26xx.a(contikimac.o)
 .text.input_packet
                0x0000b2bc       0xc4 contiki-srf06-cc26xx.a(contikimac.o)
 .text.send_packet.isra.8
                0x0000b380      0x23c contiki-srf06-cc26xx.a(contikimac.o)
 .text.qsend_list
                0x0000b5bc       0xec contiki-srf06-cc26xx.a(contikimac.o)
 .text.qsend_packet
                0x0000b6a8       0x24 contiki-srf06-cc26xx.a(contikimac.o)
 .text.powercycle_wrapper
                0x0000b6cc      0x264 contiki-srf06-cc26xx.a(contikimac.o)
 .text.init     0x0000b930        0x4 contiki-srf06-cc26xx.a(nullsec.o)
 .text.input    0x0000b934        0xc contiki-srf06-cc26xx.a(nullsec.o)
 .text.send     0x0000b940       0x20 contiki-srf06-cc26xx.a(nullsec.o)
 .text.rtimer_arch_init
                0x0000b960        0x4 contiki-srf06-cc26xx.a(rtimer-arch.o)
                0x0000b960                rtimer_arch_init
 .text.rtimer_arch_schedule
                0x0000b964        0x8 contiki-srf06-cc26xx.a(rtimer-arch.o)
                0x0000b964                rtimer_arch_schedule
 .text.rtimer_arch_now
                0x0000b96c        0x4 contiki-srf06-cc26xx.a(rtimer-arch.o)
                0x0000b96c                rtimer_arch_now
 .text.aux_ctrl_power_up
                0x0000b970       0x28 contiki-srf06-cc26xx.a(aux-ctrl.o)
                0x0000b970                aux_ctrl_power_up
 .text.aux_ctrl_register_consumer
                0x0000b998       0x40 contiki-srf06-cc26xx.a(aux-ctrl.o)
                0x0000b998                aux_ctrl_register_consumer
 .text.aux_ctrl_power_down
                0x0000b9d8       0x6c contiki-srf06-cc26xx.a(aux-ctrl.o)
                0x0000b9d8                aux_ctrl_power_down
 .text.aux_ctrl_unregister_consumer
                0x0000ba44       0x28 contiki-srf06-cc26xx.a(aux-ctrl.o)
                0x0000ba44                aux_ctrl_unregister_consumer
 .text.process_thread_rf_core_process
                0x0000ba6c       0x58 contiki-srf06-cc26xx.a(rf-core.o)
 .text.rf_core_is_accessible
                0x0000bac4       0x10 contiki-srf06-cc26xx.a(rf-core.o)
                0x0000bac4                rf_core_is_accessible
 .text.rf_core_send_cmd
                0x0000bad4       0x94 contiki-srf06-cc26xx.a(rf-core.o)
                0x0000bad4                rf_core_send_cmd
 .text.rf_core_wait_cmd_done
                0x0000bb68       0x30 contiki-srf06-cc26xx.a(rf-core.o)
                0x0000bb68                rf_core_wait_cmd_done
 .text.rf_core_power_up
                0x0000bb98       0xcc contiki-srf06-cc26xx.a(rf-core.o)
                0x0000bb98                rf_core_power_up
 .text.rf_core_start_rat
                0x0000bc64       0x68 contiki-srf06-cc26xx.a(rf-core.o)
                0x0000bc64                rf_core_start_rat
 .text.rf_core_stop_rat
                0x0000bccc       0x7c contiki-srf06-cc26xx.a(rf-core.o)
                0x0000bccc                rf_core_stop_rat
 .text.rf_core_power_down
                0x0000bd48       0xec contiki-srf06-cc26xx.a(rf-core.o)
                0x0000bd48                rf_core_power_down
 .text.rf_core_set_modesel
                0x0000be34       0x44 contiki-srf06-cc26xx.a(rf-core.o)
                0x0000be34                rf_core_set_modesel
 .text.rf_core_boot
                0x0000be78       0x1c contiki-srf06-cc26xx.a(rf-core.o)
                0x0000be78                rf_core_boot
 .text.rf_core_restart_rat
                0x0000be94       0x18 contiki-srf06-cc26xx.a(rf-core.o)
                0x0000be94                rf_core_restart_rat
 .text.rf_core_setup_interrupts
                0x0000beac       0x74 contiki-srf06-cc26xx.a(rf-core.o)
                0x0000beac                rf_core_setup_interrupts
 .text.rf_core_cmd_done_en
                0x0000bf20       0x28 contiki-srf06-cc26xx.a(rf-core.o)
                0x0000bf20                rf_core_cmd_done_en
 .text.rf_core_cmd_done_dis
                0x0000bf48       0x18 contiki-srf06-cc26xx.a(rf-core.o)
                0x0000bf48                rf_core_cmd_done_dis
 .text.rf_core_get_last_radio_op
                0x0000bf60        0xc contiki-srf06-cc26xx.a(rf-core.o)
                0x0000bf60                rf_core_get_last_radio_op
 .text.rf_core_init_radio_op
                0x0000bf6c       0x1c contiki-srf06-cc26xx.a(rf-core.o)
                0x0000bf6c                rf_core_init_radio_op
 .text.rf_core_primary_mode_register
                0x0000bf88        0xc contiki-srf06-cc26xx.a(rf-core.o)
                0x0000bf88                rf_core_primary_mode_register
 .text.rf_core_primary_mode_abort
                0x0000bf94       0x14 contiki-srf06-cc26xx.a(rf-core.o)
                0x0000bf94                rf_core_primary_mode_abort
 .text.rf_core_primary_mode_restore
                0x0000bfa8       0x14 contiki-srf06-cc26xx.a(rf-core.o)
                0x0000bfa8                rf_core_primary_mode_restore
 .text.RFCCPE1IntHandler
                0x0000bfbc       0x28 contiki-srf06-cc26xx.a(rf-core.o)
                0x0000bfbc                RFCCPE1IntHandler
 .text.RFCCPE0IntHandler
                0x0000bfe4       0x5c contiki-srf06-cc26xx.a(rf-core.o)
                0x0000bfe4                RFCCPE0IntHandler
 .text.stimer_set
                0x0000c040       0x10 contiki-srf06-cc26xx.a(stimer.o)
                0x0000c040                stimer_set
 .text.stimer_expired
                0x0000c050       0x20 contiki-srf06-cc26xx.a(stimer.o)
                0x0000c050                stimer_expired
 .text.memb_init
                0x0000c070       0x24 contiki-srf06-cc26xx.a(memb.o)
                0x0000c070                memb_init
 .text.memb_alloc
                0x0000c094       0x3c contiki-srf06-cc26xx.a(memb.o)
                0x0000c094                memb_alloc
 .text.memb_free
                0x0000c0d0       0x3c contiki-srf06-cc26xx.a(memb.o)
                0x0000c0d0                memb_free
 .text.memb_inmemb
                0x0000c10c       0x1c contiki-srf06-cc26xx.a(memb.o)
                0x0000c10c                memb_inmemb
 .text.memb_numfree
                0x0000c128       0x1c contiki-srf06-cc26xx.a(memb.o)
                0x0000c128                memb_numfree
 .text.call_route_callback
                0x0000c144       0x50 contiki-srf06-cc26xx.a(uip-ds6-route.o)
 .text.uip_ds6_route_init
                0x0000c194       0x4c contiki-srf06-cc26xx.a(uip-ds6-route.o)
                0x0000c194                uip_ds6_route_init
 .text.uip_ds6_route_nexthop
                0x0000c1e0       0x1c contiki-srf06-cc26xx.a(uip-ds6-route.o)
                0x0000c1e0                uip_ds6_route_nexthop
 .text.uip_ds6_route_head
                0x0000c1fc        0xc contiki-srf06-cc26xx.a(uip-ds6-route.o)
                0x0000c1fc                uip_ds6_route_head
 .text.uip_ds6_route_next
                0x0000c208        0x8 contiki-srf06-cc26xx.a(uip-ds6-route.o)
                0x0000c208                uip_ds6_route_next
 .text.uip_ds6_route_is_nexthop
                0x0000c210       0x20 contiki-srf06-cc26xx.a(uip-ds6-route.o)
                0x0000c210                uip_ds6_route_is_nexthop
 .text.uip_ds6_route_lookup
                0x0000c230       0x78 contiki-srf06-cc26xx.a(uip-ds6-route.o)
                0x0000c230                uip_ds6_route_lookup
 .text.uip_ds6_route_rm
                0x0000c2a8       0xac contiki-srf06-cc26xx.a(uip-ds6-route.o)
                0x0000c2a8                uip_ds6_route_rm
 .text.rm_routelist
                0x0000c354       0x38 contiki-srf06-cc26xx.a(uip-ds6-route.o)
 .text.rm_routelist_callback
                0x0000c38c        0x4 contiki-srf06-cc26xx.a(uip-ds6-route.o)
 .text.uip_ds6_route_add
                0x0000c390      0x118 contiki-srf06-cc26xx.a(uip-ds6-route.o)
                0x0000c390                uip_ds6_route_add
 .text.uip_ds6_defrt_rm
                0x0000c4a8       0x48 contiki-srf06-cc26xx.a(uip-ds6-route.o)
                0x0000c4a8                uip_ds6_defrt_rm
 .text.uip_ds6_defrt_lookup
                0x0000c4f0       0x34 contiki-srf06-cc26xx.a(uip-ds6-route.o)
                0x0000c4f0                uip_ds6_defrt_lookup
 .text.uip_ds6_defrt_add
                0x0000c524       0x5c contiki-srf06-cc26xx.a(uip-ds6-route.o)
                0x0000c524                uip_ds6_defrt_add
 .text.uip_ds6_defrt_choose
                0x0000c580       0x34 contiki-srf06-cc26xx.a(uip-ds6-route.o)
                0x0000c580                uip_ds6_defrt_choose
 .text.uip_ds6_defrt_periodic
                0x0000c5b4       0x40 contiki-srf06-cc26xx.a(uip-ds6-route.o)
                0x0000c5b4                uip_ds6_defrt_periodic
 .text.echo_reply_input
                0x0000c5f4       0xac contiki-srf06-cc26xx.a(uip-icmp6.o)
 .text.echo_request_input
                0x0000c6a0       0xb0 contiki-srf06-cc26xx.a(uip-icmp6.o)
 .text.uip_icmp6_input
                0x0000c750       0x3c contiki-srf06-cc26xx.a(uip-icmp6.o)
                0x0000c750                uip_icmp6_input
 .text.uip_icmp6_register_input_handler
                0x0000c78c        0xc contiki-srf06-cc26xx.a(uip-icmp6.o)
                0x0000c78c                uip_icmp6_register_input_handler
 .text.uip_icmp6_error_output
                0x0000c798      0x158 contiki-srf06-cc26xx.a(uip-icmp6.o)
                0x0000c798                uip_icmp6_error_output
 .text.uip_icmp6_send
                0x0000c8f0       0x80 contiki-srf06-cc26xx.a(uip-icmp6.o)
                0x0000c8f0                uip_icmp6_send
 .text.uip_icmp6_init
                0x0000c970       0x24 contiki-srf06-cc26xx.a(uip-icmp6.o)
                0x0000c970                uip_icmp6_init
 .text.ns_input
                0x0000c994      0x294 contiki-srf06-cc26xx.a(uip-nd6.o)
 .text.uip_nd6_init
                0x0000cc28        0xc contiki-srf06-cc26xx.a(uip-nd6.o)
                0x0000cc28                uip_nd6_init
 .text.uip_debug_ipaddr_print
                0x0000cc34       0xb0 contiki-srf06-cc26xx.a(uip-debug.o)
                0x0000cc34                uip_debug_ipaddr_print
 .text.update_nbr
                0x0000cce4      0x110 contiki-srf06-cc26xx.a(rpl-nbr-policy.)
 .text.handle_periodic_timer
                0x0000cdf4       0x14 contiki-srf06-cc26xx.a(rpl-nbr-policy.)
 .text.find_removable_dio
                0x0000ce08       0x40 contiki-srf06-cc26xx.a(rpl-nbr-policy.)
                0x0000ce08                find_removable_dio
 .text.rpl_nbr_policy_find_removable
                0x0000ce48       0x64 contiki-srf06-cc26xx.a(rpl-nbr-policy.)
                0x0000ce48                rpl_nbr_policy_find_removable
 .text.frame802154_get_pan_id
                0x0000ceac        0xc contiki-srf06-cc26xx.a(frame802154.o)
                0x0000ceac                frame802154_get_pan_id
 .text.frame802154_has_panid
                0x0000ceb8       0xac contiki-srf06-cc26xx.a(frame802154.o)
                0x0000ceb8                frame802154_has_panid
 .text.field_len
                0x0000cf64       0x88 contiki-srf06-cc26xx.a(frame802154.o)
 .text.frame802154_is_broadcast_addr
                0x0000cfec       0x20 contiki-srf06-cc26xx.a(frame802154.o)
                0x0000cfec                frame802154_is_broadcast_addr
 .text.frame802154_hdrlen
                0x0000d00c       0x34 contiki-srf06-cc26xx.a(frame802154.o)
                0x0000d00c                frame802154_hdrlen
 .text.frame802154_create_fcf
                0x0000d040       0x64 contiki-srf06-cc26xx.a(frame802154.o)
                0x0000d040                frame802154_create_fcf
 .text.frame802154_create
                0x0000d0a4       0xbc contiki-srf06-cc26xx.a(frame802154.o)
                0x0000d0a4                frame802154_create
 .text.frame802154_parse_fcf
                0x0000d160       0x44 contiki-srf06-cc26xx.a(frame802154.o)
                0x0000d160                frame802154_parse_fcf
 .text.frame802154_parse
                0x0000d1a4      0x138 contiki-srf06-cc26xx.a(frame802154.o)
                0x0000d1a4                frame802154_parse
 .text.mac_sequence_is_duplicate
                0x0000d2dc       0x4c contiki-srf06-cc26xx.a(mac-sequence.o)
                0x0000d2dc                mac_sequence_is_duplicate
 .text.mac_sequence_register_seqno
                0x0000d328       0x74 contiki-srf06-cc26xx.a(mac-sequence.o)
                0x0000d328                mac_sequence_register_seqno
 .text          0x0000d39c       0x30 /usr/local/bin/../lib/gcc/arm-none-eabi/5.2.1/armv7-m/libgcc.a(_aeabi_uldivmod.o)
                0x0000d39c                __aeabi_uldivmod
 .text          0x0000d3cc      0x2ec /usr/local/bin/../lib/gcc/arm-none-eabi/5.2.1/armv7-m/libgcc.a(_udivmoddi4.o)
                0x0000d3cc                __udivmoddi4
 .text          0x0000d6b8        0x4 /usr/local/bin/../lib/gcc/arm-none-eabi/5.2.1/armv7-m/libgcc.a(_dvmd_tls.o)
                0x0000d6b8                __aeabi_ldiv0
                0x0000d6b8                __aeabi_idiv0
 .text.memcmp   0x0000d6bc       0x64 /usr/local/bin/../lib/gcc/arm-none-eabi/5.2.1/../../../../arm-none-eabi/lib/armv7-m/libc.a(lib_a-memcmp.o)
                0x0000d6bc                memcmp
 .text          0x0000d720       0xec /usr/local/bin/../lib/gcc/arm-none-eabi/5.2.1/../../../../arm-none-eabi/lib/armv7-m/libc.a(lib_a-memcpy.o)
                0x0000d720                memcpy
 .text.memmove  0x0000d80c       0xc8 /usr/local/bin/../lib/gcc/arm-none-eabi/5.2.1/../../../../arm-none-eabi/lib/armv7-m/libc.a(lib_a-memmove.o)
                0x0000d80c                memmove
 .text.memset   0x0000d8d4       0x9c /usr/local/bin/../lib/gcc/arm-none-eabi/5.2.1/../../../../arm-none-eabi/lib/armv7-m/libc.a(lib_a-memset.o)
                0x0000d8d4                memset
 .text.strlen   0x0000d970       0x5c /usr/local/bin/../lib/gcc/arm-none-eabi/5.2.1/../../../../arm-none-eabi/lib/armv7-m/libc.a(lib_a-strlen-stub.o)
                0x0000d970                strlen
 *(SORT(.rodata*))
 .rodata.autostart_processes
                0x0000d9cc        0x8 cc26xx-demo.co
                0x0000d9cc                autostart_processes
 .rodata.str1.4
                0x0000d9d4       0xcc cc26xx-demo.co
 .rodata.str1.4
                0x0000daa0       0xda contiki-srf06-cc26xx.a(contiki-main.o)
                                 0xee (size before relaxing)
 *fill*         0x0000db7a        0x2 00000000
 .rodata.str1.4
                0x0000db7c        0x8 contiki-srf06-cc26xx.a(sensors.o)
 .rodata        0x0000db84       0x48 contiki-srf06-cc26xx.a(board.o)
 .rodata.button_left_sensor
                0x0000dbcc       0x10 contiki-srf06-cc26xx.a(button-sensor.o)
                0x0000dbcc                button_left_sensor
 .rodata.str1.4
                0x0000dbdc        0x7 contiki-srf06-cc26xx.a(button-sensor.o)
 *fill*         0x0000dbe3        0x1 00000000
 .rodata.button_right_sensor
                0x0000dbe4       0x10 contiki-srf06-cc26xx.a(button-sensor.o)
                0x0000dbe4                button_right_sensor
 .rodata        0x0000dbf4        0x4 contiki-srf06-cc26xx.a(ext-flash.o)
 .rodata.str1.4
                0x0000dbf8       0x10 contiki-srf06-cc26xx.a(batmon-sensor.o)
 .rodata.batmon_sensor
                0x0000dc08       0x10 contiki-srf06-cc26xx.a(batmon-sensor.o)
                0x0000dc08                batmon_sensor
 .rodata.str1.4
                0x0000dc18       0x26 contiki-srf06-cc26xx.a(rf-ble.o)
 *fill*         0x0000dc3e        0x2 00000000
 .rodata.output_power
                0x0000dc40       0x68 contiki-srf06-cc26xx.a(ieee-mode.o)
 .rodata.ieee_mode_driver
                0x0000dca8       0x38 contiki-srf06-cc26xx.a(ieee-mode.o)
                0x0000dca8                ieee_mode_driver
 .rodata.mode_ieee
                0x0000dce0        0x8 contiki-srf06-cc26xx.a(ieee-mode.o)
 .rodata.str1.4
                0x0000dce8       0x1b contiki-srf06-cc26xx.a(soc-trng.o)
 *fill*         0x0000dd03        0x1 00000000
 .rodata.buffer.4106
                0x0000dd04       0x10 contiki-srf06-cc26xx.a(strformat.o)
 .rodata.buffer.4115
                0x0000dd14       0x10 contiki-srf06-cc26xx.a(strformat.o)
 .rodata.str1.4
                0x0000dd24       0x42 contiki-srf06-cc26xx.a(strformat.o)
                                 0x46 (size before relaxing)
 *fill*         0x0000dd66        0x2 00000000
 .rodata.str1.4
                0x0000dd68        0xf contiki-srf06-cc26xx.a(ctimer.o)
 *fill*         0x0000dd77        0x1 00000000
 .rodata.str1.4
                0x0000dd78        0xc contiki-srf06-cc26xx.a(etimer.o)
 .rodata.str1.4
                0x0000dd84        0xe contiki-srf06-cc26xx.a(serial-line.o)
 *fill*         0x0000dd92        0x2 00000000
 .rodata        0x0000dd94        0x2 contiki-srf06-cc26xx.a(sicslowpan.o)
 *fill*         0x0000dd96        0x2 00000000
 .rodata.ttl_values
                0x0000dd98        0x4 contiki-srf06-cc26xx.a(sicslowpan.o)
 .rodata.unc_llconf
                0x0000dd9c        0x4 contiki-srf06-cc26xx.a(sicslowpan.o)
                0x0000dd9c                unc_llconf
 .rodata.llprefix
                0x0000dda0        0x2 contiki-srf06-cc26xx.a(sicslowpan.o)
                0x0000dda0                llprefix
 *fill*         0x0000dda2        0x2 00000000
 .rodata.sicslowpan_driver
                0x0000dda4        0xc contiki-srf06-cc26xx.a(sicslowpan.o)
                0x0000dda4                sicslowpan_driver
 .rodata.unc_mxconf
                0x0000ddb0        0x4 contiki-srf06-cc26xx.a(sicslowpan.o)
                0x0000ddb0                unc_mxconf
 .rodata.unc_ctxconf
                0x0000ddb4        0x4 contiki-srf06-cc26xx.a(sicslowpan.o)
                0x0000ddb4                unc_ctxconf
 .rodata.str1.4
                0x0000ddb8        0xb contiki-srf06-cc26xx.a(sicslowpan.o)
 *fill*         0x0000ddc3        0x1 00000000
 .rodata.str1.4
                0x0000ddc4        0xd contiki-srf06-cc26xx.a(tcpip.o)
 *fill*         0x0000ddd1        0x3 00000000
 .rodata.linkaddr_null
                0x0000ddd4        0x8 contiki-srf06-cc26xx.a(linkaddr.o)
                0x0000ddd4                linkaddr_null
 .rodata.csma_driver
                0x0000dddc       0x1c contiki-srf06-cc26xx.a(csma.o)
                0x0000dddc                csma_driver
 .rodata.str1.4
                0x0000ddf8        0x5 contiki-srf06-cc26xx.a(csma.o)
 *fill*         0x0000ddfd        0x3 00000000
 .rodata.framer_802154
                0x0000de00        0xc contiki-srf06-cc26xx.a(framer-802154.o)
                0x0000de00                framer_802154
 .rodata.contikimac_driver
                0x0000de0c       0x20 contiki-srf06-cc26xx.a(contikimac.o)
                0x0000de0c                contikimac_driver
 .rodata.str1.4
                0x0000de2c        0xb contiki-srf06-cc26xx.a(contikimac.o)
 *fill*         0x0000de37        0x1 00000000
 .rodata.str1.4
                0x0000de38        0x8 contiki-srf06-cc26xx.a(nullsec.o)
 .rodata.nullsec_driver
                0x0000de40       0x10 contiki-srf06-cc26xx.a(nullsec.o)
                0x0000de40                nullsec_driver
 .rodata.str1.4
                0x0000de50       0x46 contiki-srf06-cc26xx.a(rf-core.o)
 *fill*         0x0000de96        0x2 00000000
 .rodata.str1.4
                0x0000de98       0x2c contiki-srf06-cc26xx.a(uip-debug.o)
                                 0x2b (size before relaxing)
                0x0000dec4                _etext = .

.glue_7         0x0000dec4        0x0
 .glue_7        0x0000dec4        0x0 linker stubs

.glue_7t        0x0000dec4        0x0
 .glue_7t       0x0000dec4        0x0 linker stubs

.vfp11_veneer   0x0000dec4        0x0
 .vfp11_veneer  0x0000dec4        0x0 linker stubs

.v4_bx          0x0000dec4        0x0
 .v4_bx         0x0000dec4        0x0 linker stubs

.iplt           0x0000dec4        0x0
 .iplt          0x0000dec4        0x0 obj_srf06-cc26xx/startup_gcc.o

.data           0x20000000      0x298 load address 0x0000dec4
                0x20000000                _data = .
 *(SORT(vtable))
 *(SORT(.data*))
 .data.cc26xx_demo_process
                0x20000000       0x10 cc26xx-demo.co
                0x20000000                cc26xx_demo_process
 .data.sensors_process
                0x20000010       0x10 contiki-srf06-cc26xx.a(sensors.o)
                0x20000010                sensors_process
 .data.launchpad_module
                0x20000020       0x14 contiki-srf06-cc26xx.a(board.o)
 .data.sensors  0x20000034        0xc contiki-srf06-cc26xx.a(launchpad-senso)
                0x20000034                sensors
 .data.uart_module
                0x20000040       0x14 contiki-srf06-cc26xx.a(cc26xx-uart.o)
 .data.rf_ble_beacon_process
                0x20000054       0x10 contiki-srf06-cc26xx.a(rf-ble.o)
                0x20000054                rf_ble_beacon_process
 .data.beacond_config
                0x20000064       0x24 contiki-srf06-cc26xx.a(rf-ble.o)
 .data.ble_overrides
                0x20000088       0x1c contiki-srf06-cc26xx.a(rf-ble.o)
 .data.tx_power_current
                0x200000a4        0x4 contiki-srf06-cc26xx.a(ieee-mode.o)
                0x200000a4                tx_power_current
 .data.cc26xx_rf_lpm_module
                0x200000a8       0x14 contiki-srf06-cc26xx.a(ieee-mode.o)
 .data.ieee_overrides
                0x200000bc       0x2c contiki-srf06-cc26xx.a(ieee-mode.o)
 .data.rng_module
                0x200000e8       0x14 contiki-srf06-cc26xx.a(soc-trng.o)
 .data.soc_trng_process
                0x200000fc       0x10 contiki-srf06-cc26xx.a(soc-trng.o)
                0x200000fc                soc_trng_process
 .data.ctxt     0x2000010c        0x8 contiki-srf06-cc26xx.a(dbg-printf.o)
 .data.ctimer_process
                0x20000114       0x10 contiki-srf06-cc26xx.a(ctimer.o)
                0x20000114                ctimer_process
 .data.etimer_process
                0x20000124       0x10 contiki-srf06-cc26xx.a(etimer.o)
                0x20000124                etimer_process
 .data.serial_line_process
                0x20000134       0x10 contiki-srf06-cc26xx.a(serial-line.o)
                0x20000134                serial_line_process
 .data.ds6_neighbors
                0x20000144        0x4 contiki-srf06-cc26xx.a(uip-ds6-nbr.o)
                0x20000144                ds6_neighbors
 .data.ds6_neighbors_struct
                0x20000148       0x10 contiki-srf06-cc26xx.a(uip-ds6-nbr.o)
 .data.tcpip_process
                0x20000158       0x10 contiki-srf06-cc26xx.a(tcpip.o)
                0x20000158                tcpip_process
 .data.rpl_parents
                0x20000168        0x4 contiki-srf06-cc26xx.a(rpl-dag.o)
                0x20000168                rpl_parents
 .data.rpl_parents_struct
                0x2000016c       0x10 contiki-srf06-cc26xx.a(rpl-dag.o)
 .data.dao_ack_handler
                0x2000017c        0xc contiki-srf06-cc26xx.a(rpl-icmp6.o)
 .data.dis_handler
                0x20000188        0xc contiki-srf06-cc26xx.a(rpl-icmp6.o)
 .data.dao_handler
                0x20000194        0xc contiki-srf06-cc26xx.a(rpl-icmp6.o)
 .data.dio_handler
                0x200001a0        0xc contiki-srf06-cc26xx.a(rpl-icmp6.o)
 .data.rpl_mrhof
                0x200001ac       0x24 contiki-srf06-cc26xx.a(rpl-mrhof.o)
                0x200001ac                rpl_mrhof
 .data.link_stats_struct
                0x200001d0       0x10 contiki-srf06-cc26xx.a(link-stats.o)
 .data.neighbor_addr_mem
                0x200001e0        0xc contiki-srf06-cc26xx.a(nbr-table.o)
 .data.bufmem   0x200001ec        0xc contiki-srf06-cc26xx.a(queuebuf.o)
 .data.buframmem
                0x200001f8        0xc contiki-srf06-cc26xx.a(queuebuf.o)
 .data.packet_memb
                0x20000204        0xc contiki-srf06-cc26xx.a(csma.o)
 .data.metadata_memb
                0x20000210        0xc contiki-srf06-cc26xx.a(csma.o)
 .data.neighbor_memb
                0x2000021c        0xc contiki-srf06-cc26xx.a(csma.o)
 .data.rf_core_process
                0x20000228       0x10 contiki-srf06-cc26xx.a(rf-core.o)
                0x20000228                rf_core_process
 .data.defaultroutermemb
                0x20000238        0xc contiki-srf06-cc26xx.a(uip-ds6-route.o)
 .data.nbr_routes_struct
                0x20000244       0x10 contiki-srf06-cc26xx.a(uip-ds6-route.o)
 .data.nbr_routes
                0x20000254        0x4 contiki-srf06-cc26xx.a(uip-ds6-route.o)
                0x20000254                nbr_routes
 .data.routememb
                0x20000258        0xc contiki-srf06-cc26xx.a(uip-ds6-route.o)
 .data.neighborroutememb
                0x20000264        0xc contiki-srf06-cc26xx.a(uip-ds6-route.o)
 .data.echo_request_handler
                0x20000270        0xc contiki-srf06-cc26xx.a(uip-icmp6.o)
 .data.echo_reply_handler
                0x2000027c        0xc contiki-srf06-cc26xx.a(uip-icmp6.o)
 .data.ns_input_handler
                0x20000288        0xc contiki-srf06-cc26xx.a(uip-nd6.o)
 .data.mac_pan_id
                0x20000294        0x2 contiki-srf06-cc26xx.a(frame802154.o)
 .data.rng_ready_event
                0x20000296        0x1 contiki-srf06-cc26xx.a(soc-trng.o)
 .data.dao_sequence
                0x20000297        0x1 contiki-srf06-cc26xx.a(rpl-icmp6.o)
                0x20000298                _edata = .

.igot.plt       0x20000298        0x0 load address 0x0000e15c
 .igot.plt      0x20000298        0x0 obj_srf06-cc26xx/startup_gcc.o

.ARM.exidx      0x0000e15c        0x8
 *(SORT(.ARM.exidx*))
 .ARM.exidx     0x0000e15c        0x8 /usr/local/bin/../lib/gcc/arm-none-eabi/5.2.1/armv7-m/libgcc.a(_udivmoddi4.o)

.bss            0x20000298     0x2cca
                0x20000298                _bss = .
 *(SORT(.bss*))
 .bss.count     0x20000298        0x8 contiki-srf06-cc26xx.a(clock.o)
 .bss.rands_cache
                0x200002a0       0x20 contiki-srf06-cc26xx.a(soc-trng.o)
 .bss.et        0x200002c0       0x10 cc26xx-demo.co
 .bss.i.4934    0x200002d0        0x4 contiki-srf06-cc26xx.a(sensors.o)
 .bss.events.4935
                0x200002d4        0x4 contiki-srf06-cc26xx.a(sensors.o)
 .bss.inited    0x200002d8        0x4 contiki-srf06-cc26xx.a(leds-arch.o)
 .bss.right_timer
                0x200002dc       0x10 contiki-srf06-cc26xx.a(button-sensor.o)
 .bss.left_timer
                0x200002ec       0x10 contiki-srf06-cc26xx.a(button-sensor.o)
 .bss.last_isr_time
                0x200002fc        0x4 contiki-srf06-cc26xx.a(soc-rtc.o)
 .bss.enabled   0x20000300        0x4 contiki-srf06-cc26xx.a(batmon-sensor.o)
 .bss.input_handler
                0x20000304        0x4 contiki-srf06-cc26xx.a(cc26xx-uart.o)
 .bss.modules_list_list
                0x20000308        0x4 contiki-srf06-cc26xx.a(lpm.o)
 .bss.handlers  0x2000030c       0x80 contiki-srf06-cc26xx.a(gpio-interrupt.)
 .bss.i         0x2000038c        0x4 contiki-srf06-cc26xx.a(rf-ble.o)
 .bss.p         0x20000390        0x4 contiki-srf06-cc26xx.a(rf-ble.o)
 .bss.ble_params_buf
                0x20000394       0x20 contiki-srf06-cc26xx.a(rf-ble.o)
 .bss.ble_adv_et
                0x200003b4       0x10 contiki-srf06-cc26xx.a(rf-ble.o)
 .bss.payload   0x200003c4       0x40 contiki-srf06-cc26xx.a(rf-ble.o)
 .bss.rat_overflow_timer
                0x20000404       0x20 contiki-srf06-cc26xx.a(ieee-mode.o)
 .bss.filter_cmd
                0x20000424        0x8 contiki-srf06-cc26xx.a(ieee-mode.o)
 .bss.rx_data_queue
                0x2000042c        0x8 contiki-srf06-cc26xx.a(ieee-mode.o)
 .bss.rx_read_entry
                0x20000434        0x4 contiki-srf06-cc26xx.a(ieee-mode.o)
 .bss.rat_overflow_counter
                0x20000438        0x4 contiki-srf06-cc26xx.a(ieee-mode.o)
 .bss.cmd_ieee_rx_buf
                0x2000043c       0x80 contiki-srf06-cc26xx.a(ieee-mode.o)
 .bss.tx_buf    0x200004bc       0xb6 contiki-srf06-cc26xx.a(ieee-mode.o)
 *fill*         0x20000572        0x2 
 .bss.rf_stats  0x20000574       0x10 contiki-srf06-cc26xx.a(ieee-mode.o)
 .bss.last_value.8903
                0x20000584        0x4 contiki-srf06-cc26xx.a(ieee-mode.o)
 .bss.rx_buf_0  0x20000588       0x90 contiki-srf06-cc26xx.a(ieee-mode.o)
 .bss.rx_buf_1  0x20000618       0x90 contiki-srf06-cc26xx.a(ieee-mode.o)
 .bss.last_rat_overflow
                0x200006a8        0x4 contiki-srf06-cc26xx.a(ieee-mode.o)
 .bss.rx_buf_3  0x200006ac       0x90 contiki-srf06-cc26xx.a(ieee-mode.o)
 .bss.rx_buf_2  0x2000073c       0x90 contiki-srf06-cc26xx.a(ieee-mode.o)
 .bss.last_packet_timestamp
                0x200007cc        0x4 contiki-srf06-cc26xx.a(ieee-mode.o)
 .bss.notify_cb
                0x200007d0        0x4 contiki-srf06-cc26xx.a(soc-trng.o)
 .bss.rands_mask
                0x200007d4        0x4 contiki-srf06-cc26xx.a(soc-trng.o)
 .bss.ctimer_list_list
                0x200007d8        0x4 contiki-srf06-cc26xx.a(ctimer.o)
 .bss.timerlist
                0x200007dc        0x4 contiki-srf06-cc26xx.a(etimer.o)
 .bss.next_expiration
                0x200007e0        0x4 contiki-srf06-cc26xx.a(etimer.o)
 .bss.process_current
                0x200007e4        0x4 contiki-srf06-cc26xx.a(process.o)
                0x200007e4                process_current
 .bss.process_list
                0x200007e8        0x4 contiki-srf06-cc26xx.a(process.o)
                0x200007e8                process_list
 .bss.events    0x200007ec      0x180 contiki-srf06-cc26xx.a(process.o)
 .bss.next_rtimer
                0x2000096c        0x4 contiki-srf06-cc26xx.a(rtimer.o)
 .bss.rxbuf_data
                0x20000970       0x80 contiki-srf06-cc26xx.a(serial-line.o)
 .bss.buf.4918  0x200009f0       0x80 contiki-srf06-cc26xx.a(serial-line.o)
 .bss.ptr.4919  0x20000a70        0x4 contiki-srf06-cc26xx.a(serial-line.o)
 .bss.rxbuf     0x20000a74        0x8 contiki-srf06-cc26xx.a(serial-line.o)
 .bss.context   0x20000a7c        0x4 contiki-srf06-cc26xx.a(sicslowpan.o)
 .bss.last_rssi
                0x20000a80        0x4 contiki-srf06-cc26xx.a(sicslowpan.o)
 .bss.hc06_ptr  0x20000a84        0x4 contiki-srf06-cc26xx.a(sicslowpan.o)
 .bss.frag_info
                0x20000a88      0x170 contiki-srf06-cc26xx.a(sicslowpan.o)
 .bss.addr_contexts
                0x20000bf8        0xa contiki-srf06-cc26xx.a(sicslowpan.o)
 *fill*         0x20000c02        0x2 
 .bss.packetbuf_ptr
                0x20000c04        0x4 contiki-srf06-cc26xx.a(sicslowpan.o)
 .bss.last_tx_status
                0x20000c08        0x4 contiki-srf06-cc26xx.a(sicslowpan.o)
 .bss.frag_buf  0x20000c0c      0x54c contiki-srf06-cc26xx.a(sicslowpan.o)
 .bss.packetbuf_payload_len
                0x20001158        0x4 contiki-srf06-cc26xx.a(sicslowpan.o)
 .bss.callback  0x2000115c        0x4 contiki-srf06-cc26xx.a(sicslowpan.o)
 .bss._ds6_neighbors_mem
                0x20001160      0x168 contiki-srf06-cc26xx.a(uip-ds6-nbr.o)
 .bss.locmaddr  0x200012c8        0x4 contiki-srf06-cc26xx.a(uip-ds6.o)
 .bss.locprefix
                0x200012cc        0x4 contiki-srf06-cc26xx.a(uip-ds6.o)
 .bss.locaddr   0x200012d0        0x4 contiki-srf06-cc26xx.a(uip-ds6.o)
 .bss.loc_fipaddr
                0x200012d4       0x10 contiki-srf06-cc26xx.a(uip-ds6.o)
 .bss.iss       0x200012e4        0x4 contiki-srf06-cc26xx.a(uip6.o)
 .bss.s         0x200012e8       0xa4 contiki-srf06-cc26xx.a(tcpip.o)
 .bss.periodic  0x2000138c       0x10 contiki-srf06-cc26xx.a(tcpip.o)
 .bss.outputfunc
                0x2000139c        0x4 contiki-srf06-cc26xx.a(tcpip.o)
 .bss._rpl_parents_mem
                0x200013a0       0xa0 contiki-srf06-cc26xx.a(rpl-dag.o)
 .bss.periodic_timer
                0x20001440       0x20 contiki-srf06-cc26xx.a(rpl-timers.o)
 .bss.powerQualGlobals
                0x20001460        0x8 contiki-srf06-cc26xx.a(sys_ctrl.o)
 .bss._link_stats_mem
                0x20001468       0xf0 contiki-srf06-cc26xx.a(link-stats.o)
 .bss.neighbor_addr_mem_memb_count
                0x20001558       0x14 contiki-srf06-cc26xx.a(nbr-table.o)
 .bss.locked_map
                0x2000156c       0x14 contiki-srf06-cc26xx.a(nbr-table.o)
 .bss.nbr_table_keys_list
                0x20001580        0x4 contiki-srf06-cc26xx.a(nbr-table.o)
 .bss.neighbor_addr_mem_memb_mem
                0x20001584       0xf0 contiki-srf06-cc26xx.a(nbr-table.o)
 .bss.used_map  0x20001674       0x14 contiki-srf06-cc26xx.a(nbr-table.o)
 .bss.all_tables
                0x20001688       0x20 contiki-srf06-cc26xx.a(nbr-table.o)
 .bss.num_tables
                0x200016a8        0x4 contiki-srf06-cc26xx.a(nbr-table.o)
 .bss.packetbuf_aligned
                0x200016ac       0x80 contiki-srf06-cc26xx.a(packetbuf.o)
 .bss.buframmem_memb_count
                0x2000172c        0x8 contiki-srf06-cc26xx.a(queuebuf.o)
 .bss.bufmem_memb_mem
                0x20001734       0x20 contiki-srf06-cc26xx.a(queuebuf.o)
 .bss.buframmem_memb_mem
                0x20001754      0x580 contiki-srf06-cc26xx.a(queuebuf.o)
 .bss.bufmem_memb_count
                0x20001cd4        0x8 contiki-srf06-cc26xx.a(queuebuf.o)
 .bss.metadata_memb_memb_count
                0x20001cdc        0x8 contiki-srf06-cc26xx.a(csma.o)
 .bss.packet_memb_memb_count
                0x20001ce4        0x8 contiki-srf06-cc26xx.a(csma.o)
 .bss.packet_memb_memb_mem
                0x20001cec       0x60 contiki-srf06-cc26xx.a(csma.o)
 .bss.metadata_memb_memb_mem
                0x20001d4c       0x60 contiki-srf06-cc26xx.a(csma.o)
 .bss.neighbor_list_list
                0x20001dac        0x4 contiki-srf06-cc26xx.a(csma.o)
 .bss.neighbor_memb_memb_count
                0x20001db0        0x2 contiki-srf06-cc26xx.a(csma.o)
 *fill*         0x20001db2        0x2 
 .bss.neighbor_memb_memb_mem
                0x20001db4       0x70 contiki-srf06-cc26xx.a(csma.o)
 .bss.cycle_start
                0x20001e24        0x4 contiki-srf06-cc26xx.a(contikimac.o)
 .bss.we_are_receiving_burst
                0x20001e28        0x4 contiki-srf06-cc26xx.a(contikimac.o)
 .bss.rt        0x20001e2c        0xc contiki-srf06-cc26xx.a(contikimac.o)
 .bss.ct.7193   0x20001e38       0x20 contiki-srf06-cc26xx.a(contikimac.o)
 .bss.pt        0x20001e58        0x2 contiki-srf06-cc26xx.a(contikimac.o)
 *fill*         0x20001e5a        0x2 
 .bss.start.7118
                0x20001e5c        0x4 contiki-srf06-cc26xx.a(contikimac.o)
 .bss.consumers_list_list
                0x20001e60        0x4 contiki-srf06-cc26xx.a(aux-ctrl.o)
 .bss.last_radio_op
                0x20001e64        0x4 contiki-srf06-cc26xx.a(rf-core.o)
 .bss.primary_mode
                0x20001e68        0x4 contiki-srf06-cc26xx.a(rf-core.o)
 .bss.rat_offset
                0x20001e6c        0x4 contiki-srf06-cc26xx.a(rf-core.o)
                0x20001e6c                rat_offset
 .bss.defaultroutermemb_memb_mem
                0x20001e70       0x40 contiki-srf06-cc26xx.a(uip-ds6-route.o)
 .bss.num_routes
                0x20001eb0        0x4 contiki-srf06-cc26xx.a(uip-ds6-route.o)
 .bss.defaultroutermemb_memb_count
                0x20001eb4        0x2 contiki-srf06-cc26xx.a(uip-ds6-route.o)
 *fill*         0x20001eb6        0x2 
 .bss.defaultrouterlist_list
                0x20001eb8        0x4 contiki-srf06-cc26xx.a(uip-ds6-route.o)
 .bss._nbr_routes_mem
                0x20001ebc       0xa0 contiki-srf06-cc26xx.a(uip-ds6-route.o)
 .bss.routelist_list
                0x20001f5c        0x4 contiki-srf06-cc26xx.a(uip-ds6-route.o)
 .bss.routememb_memb_mem
                0x20001f60      0x320 contiki-srf06-cc26xx.a(uip-ds6-route.o)
 .bss.neighborroutememb_memb_mem
                0x20002280       0xa0 contiki-srf06-cc26xx.a(uip-ds6-route.o)
 .bss.notificationlist_list
                0x20002320        0x4 contiki-srf06-cc26xx.a(uip-ds6-route.o)
 .bss.neighborroutememb_memb_count
                0x20002324       0x14 contiki-srf06-cc26xx.a(uip-ds6-route.o)
 .bss.routememb_memb_count